

================================================================
== Vitis HLS Report for 'bfs_top'
================================================================
* Date:           Sun Jul 20 20:31:18 2025

* Version:        2020.2 (Build 3064766 on Wed Nov 18 09:12:47 MST 2020)
* Project:        bfs_bulk
* Solution:       solution1 (Vivado IP Flow Target)
* Product family: zynq
* Target device:  xc7z020-clg484-1


================================================================
== Performance Estimates
================================================================
+ Timing: 
    * Summary: 
    +--------+---------+----------+------------+
    |  Clock |  Target | Estimated| Uncertainty|
    +--------+---------+----------+------------+
    |ap_clk  |  2.00 ns|  2.776 ns|     0.54 ns|
    +--------+---------+----------+------------+

+ Latency: 
    * Summary: 
    +---------+---------+----------+----------+-----+-----+---------+
    |  Latency (cycles) |  Latency (absolute) |  Interval | Pipeline|
    |   min   |   max   |    min   |    max   | min | max |   Type  |
    +---------+---------+----------+----------+-----+-----+---------+
    |        ?|        ?|         ?|         ?|    ?|    ?|     none|
    +---------+---------+----------+----------+-----+-----+---------+

    + Detail: 
        * Instance: 
        N/A

        * Loop: 
        +---------------------+---------+---------+----------+-----------+-----------+------+----------+
        |                     |  Latency (cycles) | Iteration|  Initiation Interval  | Trip |          |
        |      Loop Name      |   min   |   max   |  Latency |  achieved |   target  | Count| Pipelined|
        +---------------------+---------+---------+----------+-----------+-----------+------+----------+
        |- loop_horizons      |        ?|        ?|         ?|          -|          -|     ?|        no|
        | + loop_nodes        |        ?|        ?|         ?|          -|          -|   256|        no|
        |  ++ loop_neighbors  |        ?|        ?|        12|          6|          1|     ?|       yes|
        +---------------------+---------+---------+----------+-----------+-----------+------+----------+

============================================================
+ Verbose Summary: Synthesis Manager
============================================================
InlineROM: 1
ExposeGlobal: 0
============================================================
+ Verbose Summary: CDFG Model
============================================================
IsTopModel: 1
ResetActiveHigh: 1
IsCombinational: 0
IsDatapathOnly: 0
HasWiredReturn: 1
HasMFsm: 0
HasVarLatency: 1
IsPipeline: 0
IsRtlPipelined: 0
IsInstanceOverlapped: 0
IsDontTouch: 0
HasImplIP: 0
IsGatedGlobalClock: 0

+ Individual pipeline summary: 
  * Pipeline-0: initiation interval (II) = 6, depth = 12


============================================================
+ Verbose Summary: Schedule
============================================================
* Number of FSM states : 32
* Pipeline : 1
  Pipeline-0 : II = 6, D = 12, States = { 18 19 20 21 22 23 24 25 26 27 28 29 }
* Dataflow Pipeline: 0

* FSM state transitions: 
1 --> 2 
2 --> 3 
3 --> 4 
4 --> 5 
5 --> 6 
6 --> 7 
7 --> 8 32 
8 --> 9 
9 --> 10 
10 --> 11 
11 --> 12 
12 --> 13 31 
13 --> 14 
14 --> 15 
15 --> 16 
16 --> 17 
17 --> 31 18 
18 --> 19 
19 --> 20 
20 --> 21 
21 --> 22 
22 --> 23 
23 --> 24 
24 --> 25 
25 --> 26 
26 --> 30 27 
27 --> 28 
28 --> 29 
29 --> 18 
30 --> 31 
31 --> 6 
32 --> 3 

* FSM state operations: 

State 1 <SV = 0> <Delay = 1.86>
ST_1 : Operation 33 [1/1] (0.00ns)   --->   "%starting_node_read = read i64 @_ssdm_op_Read.ap_auto.i64, i64 %starting_node" [bfs_bulk.cpp:177]   --->   Operation 33 'read' 'starting_node_read' <Predicate = true> <Delay = 0.00>
ST_1 : Operation 34 [1/1] (0.00ns)   --->   "%level_addr = getelementptr i8 %level, i64 0, i64 %starting_node_read" [bfs_bulk.cpp:185]   --->   Operation 34 'getelementptr' 'level_addr' <Predicate = true> <Delay = 0.00>
ST_1 : Operation 35 [2/2] (1.68ns)   --->   "%store_ln185 = store i8 0, i8 %level_addr" [bfs_bulk.cpp:185]   --->   Operation 35 'store' 'store_ln185' <Predicate = true> <Delay = 1.68> <CoreInst = "RAM">   --->   Core 82 'RAM' <Latency = 3> <II = 1> <Delay = 1.68> <Storage> <Opcode : 'load' 'store'> <Ports = 2> <Width = 8> <Depth = 256> <RAM>
ST_1 : Operation 36 [1/1] (0.00ns)   --->   "%level_counts_addr = getelementptr i64 %level_counts, i64 0, i64 0" [bfs_bulk.cpp:186]   --->   Operation 36 'getelementptr' 'level_counts_addr' <Predicate = true> <Delay = 0.00>
ST_1 : Operation 37 [2/2] (1.86ns)   --->   "%store_ln186 = store i64 1, i4 %level_counts_addr" [bfs_bulk.cpp:186]   --->   Operation 37 'store' 'store_ln186' <Predicate = true> <Delay = 1.86> <CoreInst = "RAM">   --->   Core 82 'RAM' <Latency = 3> <II = 1> <Delay = 1.86> <Storage> <Opcode : 'load' 'store'> <Ports = 2> <Width = 64> <Depth = 10> <RAM>

State 2 <SV = 1> <Delay = 1.86>
ST_2 : Operation 38 [1/1] (0.00ns)   --->   "%spectopmodule_ln0 = spectopmodule void @_ssdm_op_SpecTopModule, void @empty_2"   --->   Operation 38 'spectopmodule' 'spectopmodule_ln0' <Predicate = true> <Delay = 0.00>
ST_2 : Operation 39 [1/1] (0.00ns)   --->   "%specinterface_ln0 = specinterface void @_ssdm_op_SpecInterface, i128 %nodes, void @empty, i32 0, i32 0, void @empty_0, i32 4294967295, i32 0, void @empty_0, void @empty_0, void @empty_0, i32 0, i32 0, i32 0, i32 0, void @empty_0, void @empty_0"   --->   Operation 39 'specinterface' 'specinterface_ln0' <Predicate = true> <Delay = 0.00>
ST_2 : Operation 40 [1/1] (0.00ns)   --->   "%specbitsmap_ln0 = specbitsmap void @_ssdm_op_SpecBitsMap, i128 %nodes"   --->   Operation 40 'specbitsmap' 'specbitsmap_ln0' <Predicate = true> <Delay = 0.00>
ST_2 : Operation 41 [1/1] (0.00ns)   --->   "%specinterface_ln0 = specinterface void @_ssdm_op_SpecInterface, i64 %edges, void @empty, i32 0, i32 0, void @empty_0, i32 4294967295, i32 0, void @empty_0, void @empty_0, void @empty_0, i32 0, i32 0, i32 0, i32 0, void @empty_0, void @empty_0"   --->   Operation 41 'specinterface' 'specinterface_ln0' <Predicate = true> <Delay = 0.00>
ST_2 : Operation 42 [1/1] (0.00ns)   --->   "%specbitsmap_ln0 = specbitsmap void @_ssdm_op_SpecBitsMap, i64 %edges"   --->   Operation 42 'specbitsmap' 'specbitsmap_ln0' <Predicate = true> <Delay = 0.00>
ST_2 : Operation 43 [1/1] (0.00ns)   --->   "%specbitsmap_ln0 = specbitsmap void @_ssdm_op_SpecBitsMap, i64 %starting_node"   --->   Operation 43 'specbitsmap' 'specbitsmap_ln0' <Predicate = true> <Delay = 0.00>
ST_2 : Operation 44 [1/1] (0.00ns)   --->   "%specinterface_ln0 = specinterface void @_ssdm_op_SpecInterface, i64 %starting_node, void @empty_1, i32 0, i32 0, void @empty_0, i32 0, i32 0, void @empty_0, void @empty_0, void @empty_0, i32 0, i32 0, i32 0, i32 0, void @empty_0, void @empty_0"   --->   Operation 44 'specinterface' 'specinterface_ln0' <Predicate = true> <Delay = 0.00>
ST_2 : Operation 45 [1/1] (0.00ns)   --->   "%specinterface_ln0 = specinterface void @_ssdm_op_SpecInterface, i8 %level, void @empty, i32 0, i32 0, void @empty_0, i32 4294967295, i32 0, void @empty_0, void @empty_0, void @empty_0, i32 0, i32 0, i32 0, i32 0, void @empty_0, void @empty_0"   --->   Operation 45 'specinterface' 'specinterface_ln0' <Predicate = true> <Delay = 0.00>
ST_2 : Operation 46 [1/1] (0.00ns)   --->   "%specbitsmap_ln0 = specbitsmap void @_ssdm_op_SpecBitsMap, i8 %level"   --->   Operation 46 'specbitsmap' 'specbitsmap_ln0' <Predicate = true> <Delay = 0.00>
ST_2 : Operation 47 [1/1] (0.00ns)   --->   "%specinterface_ln0 = specinterface void @_ssdm_op_SpecInterface, i64 %level_counts, void @empty, i32 0, i32 0, void @empty_0, i32 4294967295, i32 0, void @empty_0, void @empty_0, void @empty_0, i32 0, i32 0, i32 0, i32 0, void @empty_0, void @empty_0"   --->   Operation 47 'specinterface' 'specinterface_ln0' <Predicate = true> <Delay = 0.00>
ST_2 : Operation 48 [1/1] (0.00ns)   --->   "%specbitsmap_ln0 = specbitsmap void @_ssdm_op_SpecBitsMap, i64 %level_counts"   --->   Operation 48 'specbitsmap' 'specbitsmap_ln0' <Predicate = true> <Delay = 0.00>
ST_2 : Operation 49 [1/2] (1.68ns)   --->   "%store_ln185 = store i8 0, i8 %level_addr" [bfs_bulk.cpp:185]   --->   Operation 49 'store' 'store_ln185' <Predicate = true> <Delay = 1.68> <CoreInst = "RAM">   --->   Core 82 'RAM' <Latency = 3> <II = 1> <Delay = 1.68> <Storage> <Opcode : 'load' 'store'> <Ports = 2> <Width = 8> <Depth = 256> <RAM>
ST_2 : Operation 50 [1/2] (1.86ns)   --->   "%store_ln186 = store i64 1, i4 %level_counts_addr" [bfs_bulk.cpp:186]   --->   Operation 50 'store' 'store_ln186' <Predicate = true> <Delay = 1.86> <CoreInst = "RAM">   --->   Core 82 'RAM' <Latency = 3> <II = 1> <Delay = 1.86> <Storage> <Opcode : 'load' 'store'> <Ports = 2> <Width = 64> <Depth = 10> <RAM>
ST_2 : Operation 51 [1/1] (1.46ns)   --->   "%br_ln188 = br void" [bfs_bulk.cpp:188]   --->   Operation 51 'br' 'br_ln188' <Predicate = true> <Delay = 1.46>

State 3 <SV = 2> <Delay = 2.45>
ST_3 : Operation 52 [1/1] (0.00ns)   --->   "%horizon = phi i64 0, void, i64 %add_ln188, void" [bfs_bulk.cpp:188]   --->   Operation 52 'phi' 'horizon' <Predicate = true> <Delay = 0.00>
ST_3 : Operation 53 [3/3] (2.45ns)   --->   "%add_ln188 = add i64 %horizon, i64 1" [bfs_bulk.cpp:188]   --->   Operation 53 'add' 'add_ln188' <Predicate = true> <Delay = 2.45> <CoreInst = "Adder">   --->   Core 1 'Adder' <Latency = 1> <II = 1> <Delay = 1.94> <FuncUnit> <Opcode : 'add' 'sub'> <InPorts = 2> <OutPorts = 1>
ST_3 : Operation 54 [1/1] (0.00ns)   --->   "%trunc_ln188 = trunc i64 %horizon" [bfs_bulk.cpp:188]   --->   Operation 54 'trunc' 'trunc_ln188' <Predicate = true> <Delay = 0.00>
ST_3 : Operation 55 [2/2] (1.93ns)   --->   "%empty = add i8 %trunc_ln188, i8 1" [bfs_bulk.cpp:188]   --->   Operation 55 'add' 'empty' <Predicate = true> <Delay = 1.93> <CoreInst = "Adder">   --->   Core 1 'Adder' <Latency = 1> <II = 1> <Delay = 1.94> <FuncUnit> <Opcode : 'add' 'sub'> <InPorts = 2> <OutPorts = 1>

State 4 <SV = 3> <Delay = 2.45>
ST_4 : Operation 56 [2/3] (2.45ns)   --->   "%add_ln188 = add i64 %horizon, i64 1" [bfs_bulk.cpp:188]   --->   Operation 56 'add' 'add_ln188' <Predicate = true> <Delay = 2.45> <CoreInst = "Adder">   --->   Core 1 'Adder' <Latency = 1> <II = 1> <Delay = 1.94> <FuncUnit> <Opcode : 'add' 'sub'> <InPorts = 2> <OutPorts = 1>
ST_4 : Operation 57 [1/2] (1.93ns)   --->   "%empty = add i8 %trunc_ln188, i8 1" [bfs_bulk.cpp:188]   --->   Operation 57 'add' 'empty' <Predicate = true> <Delay = 1.93> <CoreInst = "Adder">   --->   Core 1 'Adder' <Latency = 1> <II = 1> <Delay = 1.94> <FuncUnit> <Opcode : 'add' 'sub'> <InPorts = 2> <OutPorts = 1>

State 5 <SV = 4> <Delay = 2.45>
ST_5 : Operation 58 [1/3] (2.45ns)   --->   "%add_ln188 = add i64 %horizon, i64 1" [bfs_bulk.cpp:188]   --->   Operation 58 'add' 'add_ln188' <Predicate = true> <Delay = 2.45> <CoreInst = "Adder">   --->   Core 1 'Adder' <Latency = 1> <II = 1> <Delay = 1.94> <FuncUnit> <Opcode : 'add' 'sub'> <InPorts = 2> <OutPorts = 1>
ST_5 : Operation 59 [1/1] (0.00ns)   --->   "%specloopname_ln183 = specloopname void @_ssdm_op_SpecLoopName, void @empty_5" [bfs_bulk.cpp:183]   --->   Operation 59 'specloopname' 'specloopname_ln183' <Predicate = true> <Delay = 0.00>
ST_5 : Operation 60 [1/1] (1.46ns)   --->   "%br_ln191 = br void" [bfs_bulk.cpp:191]   --->   Operation 60 'br' 'br_ln191' <Predicate = true> <Delay = 1.46>

State 6 <SV = 5> <Delay = 1.94>
ST_6 : Operation 61 [1/1] (0.00ns)   --->   "%n = phi i9 0, void, i9 %n_1, void %._crit_edge"   --->   Operation 61 'phi' 'n' <Predicate = true> <Delay = 0.00>
ST_6 : Operation 62 [2/2] (1.94ns)   --->   "%n_1 = add i9 %n, i9 1" [bfs_bulk.cpp:191]   --->   Operation 62 'add' 'n_1' <Predicate = true> <Delay = 1.94> <CoreInst = "Adder">   --->   Core 1 'Adder' <Latency = 1> <II = 1> <Delay = 1.94> <FuncUnit> <Opcode : 'add' 'sub'> <InPorts = 2> <OutPorts = 1>
ST_6 : Operation 63 [1/1] (1.66ns)   --->   "%icmp_ln191 = icmp_eq  i9 %n, i9 256" [bfs_bulk.cpp:191]   --->   Operation 63 'icmp' 'icmp_ln191' <Predicate = true> <Delay = 1.66> <CoreInst = "Cmp">   --->   Core 9 'Cmp' <Latency = 0> <II = 1> <Delay = 2.77> <FuncUnit> <Opcode : 'icmp'> <InPorts = 2> <OutPorts = 1>

State 7 <SV = 6> <Delay = 1.94>
ST_7 : Operation 64 [1/1] (0.00ns)   --->   "%cnt = phi i64 0, void, i64 %cnt_3, void %._crit_edge"   --->   Operation 64 'phi' 'cnt' <Predicate = true> <Delay = 0.00>
ST_7 : Operation 65 [1/2] (1.94ns)   --->   "%n_1 = add i9 %n, i9 1" [bfs_bulk.cpp:191]   --->   Operation 65 'add' 'n_1' <Predicate = true> <Delay = 1.94> <CoreInst = "Adder">   --->   Core 1 'Adder' <Latency = 1> <II = 1> <Delay = 1.94> <FuncUnit> <Opcode : 'add' 'sub'> <InPorts = 2> <OutPorts = 1>
ST_7 : Operation 66 [1/1] (0.00ns)   --->   "%empty_10 = speclooptripcount i32 @_ssdm_op_SpecLoopTripCount, i64 256, i64 256, i64 256"   --->   Operation 66 'speclooptripcount' 'empty_10' <Predicate = true> <Delay = 0.00>
ST_7 : Operation 67 [1/1] (0.00ns)   --->   "%br_ln191 = br i1 %icmp_ln191, void %.split2, void" [bfs_bulk.cpp:191]   --->   Operation 67 'br' 'br_ln191' <Predicate = true> <Delay = 0.00>
ST_7 : Operation 68 [1/1] (0.00ns)   --->   "%zext_ln191 = zext i9 %n" [bfs_bulk.cpp:191]   --->   Operation 68 'zext' 'zext_ln191' <Predicate = (!icmp_ln191)> <Delay = 0.00>
ST_7 : Operation 69 [1/1] (0.00ns)   --->   "%level_addr_1 = getelementptr i8 %level, i64 0, i64 %zext_ln191" [bfs_bulk.cpp:192]   --->   Operation 69 'getelementptr' 'level_addr_1' <Predicate = (!icmp_ln191)> <Delay = 0.00>
ST_7 : Operation 70 [4/4] (1.68ns)   --->   "%level_load = load i8 %level_addr_1" [bfs_bulk.cpp:192]   --->   Operation 70 'load' 'level_load' <Predicate = (!icmp_ln191)> <Delay = 1.68> <CoreInst = "RAM">   --->   Core 82 'RAM' <Latency = 3> <II = 1> <Delay = 1.68> <Storage> <Opcode : 'load' 'store'> <Ports = 2> <Width = 8> <Depth = 256> <RAM>
ST_7 : Operation 71 [1/1] (0.00ns)   --->   "%level_counts_addr_1 = getelementptr i64 %level_counts, i64 0, i64 %add_ln188" [bfs_bulk.cpp:206]   --->   Operation 71 'getelementptr' 'level_counts_addr_1' <Predicate = (icmp_ln191)> <Delay = 0.00>
ST_7 : Operation 72 [2/2] (1.86ns)   --->   "%store_ln206 = store i64 %cnt, i4 %level_counts_addr_1" [bfs_bulk.cpp:206]   --->   Operation 72 'store' 'store_ln206' <Predicate = (icmp_ln191)> <Delay = 1.86> <CoreInst = "RAM">   --->   Core 82 'RAM' <Latency = 3> <II = 1> <Delay = 1.86> <Storage> <Opcode : 'load' 'store'> <Ports = 2> <Width = 64> <Depth = 10> <RAM>

State 8 <SV = 7> <Delay = 1.68>
ST_8 : Operation 73 [3/4] (1.68ns)   --->   "%level_load = load i8 %level_addr_1" [bfs_bulk.cpp:192]   --->   Operation 73 'load' 'level_load' <Predicate = true> <Delay = 1.68> <CoreInst = "RAM">   --->   Core 82 'RAM' <Latency = 3> <II = 1> <Delay = 1.68> <Storage> <Opcode : 'load' 'store'> <Ports = 2> <Width = 8> <Depth = 256> <RAM>

State 9 <SV = 8> <Delay = 1.68>
ST_9 : Operation 74 [2/4] (1.68ns)   --->   "%level_load = load i8 %level_addr_1" [bfs_bulk.cpp:192]   --->   Operation 74 'load' 'level_load' <Predicate = true> <Delay = 1.68> <CoreInst = "RAM">   --->   Core 82 'RAM' <Latency = 3> <II = 1> <Delay = 1.68> <Storage> <Opcode : 'load' 'store'> <Ports = 2> <Width = 8> <Depth = 256> <RAM>

State 10 <SV = 9> <Delay = 1.68>
ST_10 : Operation 75 [1/4] (1.68ns)   --->   "%level_load = load i8 %level_addr_1" [bfs_bulk.cpp:192]   --->   Operation 75 'load' 'level_load' <Predicate = true> <Delay = 1.68> <CoreInst = "RAM">   --->   Core 82 'RAM' <Latency = 3> <II = 1> <Delay = 1.68> <Storage> <Opcode : 'load' 'store'> <Ports = 2> <Width = 8> <Depth = 256> <RAM>

State 11 <SV = 10> <Delay = 2.77>
ST_11 : Operation 76 [1/1] (0.00ns)   --->   "%sext_ln192 = sext i8 %level_load" [bfs_bulk.cpp:192]   --->   Operation 76 'sext' 'sext_ln192' <Predicate = true> <Delay = 0.00>
ST_11 : Operation 77 [1/1] (0.00ns)   --->   "%zext_ln192 = zext i32 %sext_ln192" [bfs_bulk.cpp:192]   --->   Operation 77 'zext' 'zext_ln192' <Predicate = true> <Delay = 0.00>
ST_11 : Operation 78 [1/1] (2.77ns)   --->   "%icmp_ln192 = icmp_eq  i64 %zext_ln192, i64 %horizon" [bfs_bulk.cpp:192]   --->   Operation 78 'icmp' 'icmp_ln192' <Predicate = true> <Delay = 2.77> <CoreInst = "Cmp">   --->   Core 9 'Cmp' <Latency = 0> <II = 1> <Delay = 2.77> <FuncUnit> <Opcode : 'icmp'> <InPorts = 2> <OutPorts = 1>

State 12 <SV = 11> <Delay = 1.68>
ST_12 : Operation 79 [1/1] (0.00ns)   --->   "%specloopname_ln180 = specloopname void @_ssdm_op_SpecLoopName, void @empty_4" [bfs_bulk.cpp:180]   --->   Operation 79 'specloopname' 'specloopname_ln180' <Predicate = true> <Delay = 0.00>
ST_12 : Operation 80 [1/1] (1.46ns)   --->   "%br_ln192 = br i1 %icmp_ln192, void %._crit_edge, void" [bfs_bulk.cpp:192]   --->   Operation 80 'br' 'br_ln192' <Predicate = true> <Delay = 1.46>
ST_12 : Operation 81 [1/1] (0.00ns)   --->   "%nodes_addr = getelementptr i128 %nodes, i64 0, i64 %zext_ln191" [bfs_bulk.cpp:193]   --->   Operation 81 'getelementptr' 'nodes_addr' <Predicate = (icmp_ln192)> <Delay = 0.00>
ST_12 : Operation 82 [4/4] (1.68ns)   --->   "%nodes_load = load i8 %nodes_addr" [bfs_bulk.cpp:193]   --->   Operation 82 'load' 'nodes_load' <Predicate = (icmp_ln192)> <Delay = 1.68> <CoreInst = "RAM">   --->   Core 82 'RAM' <Latency = 3> <II = 1> <Delay = 1.68> <Storage> <Opcode : 'load' 'store'> <Ports = 2> <Width = 128> <Depth = 256> <RAM>

State 13 <SV = 12> <Delay = 1.68>
ST_13 : Operation 83 [3/4] (1.68ns)   --->   "%nodes_load = load i8 %nodes_addr" [bfs_bulk.cpp:193]   --->   Operation 83 'load' 'nodes_load' <Predicate = true> <Delay = 1.68> <CoreInst = "RAM">   --->   Core 82 'RAM' <Latency = 3> <II = 1> <Delay = 1.68> <Storage> <Opcode : 'load' 'store'> <Ports = 2> <Width = 128> <Depth = 256> <RAM>

State 14 <SV = 13> <Delay = 1.68>
ST_14 : Operation 84 [2/4] (1.68ns)   --->   "%nodes_load = load i8 %nodes_addr" [bfs_bulk.cpp:193]   --->   Operation 84 'load' 'nodes_load' <Predicate = true> <Delay = 1.68> <CoreInst = "RAM">   --->   Core 82 'RAM' <Latency = 3> <II = 1> <Delay = 1.68> <Storage> <Opcode : 'load' 'store'> <Ports = 2> <Width = 128> <Depth = 256> <RAM>

State 15 <SV = 14> <Delay = 1.68>
ST_15 : Operation 85 [1/4] (1.68ns)   --->   "%nodes_load = load i8 %nodes_addr" [bfs_bulk.cpp:193]   --->   Operation 85 'load' 'nodes_load' <Predicate = true> <Delay = 1.68> <CoreInst = "RAM">   --->   Core 82 'RAM' <Latency = 3> <II = 1> <Delay = 1.68> <Storage> <Opcode : 'load' 'store'> <Ports = 2> <Width = 128> <Depth = 256> <RAM>
ST_15 : Operation 86 [1/1] (0.00ns)   --->   "%tmp_begin = trunc i128 %nodes_load" [bfs_bulk.cpp:193]   --->   Operation 86 'trunc' 'tmp_begin' <Predicate = true> <Delay = 0.00>
ST_15 : Operation 87 [1/1] (0.00ns)   --->   "%tmp_end = partselect i64 @_ssdm_op_PartSelect.i64.i128.i32.i32, i128 %nodes_load, i32 64, i32 127" [bfs_bulk.cpp:194]   --->   Operation 87 'partselect' 'tmp_end' <Predicate = true> <Delay = 0.00>

State 16 <SV = 15> <Delay = 2.77>
ST_16 : Operation 88 [1/1] (2.77ns)   --->   "%icmp_ln195 = icmp_ult  i64 %tmp_begin, i64 %tmp_end" [bfs_bulk.cpp:195]   --->   Operation 88 'icmp' 'icmp_ln195' <Predicate = true> <Delay = 2.77> <CoreInst = "Cmp">   --->   Core 9 'Cmp' <Latency = 0> <II = 1> <Delay = 2.77> <FuncUnit> <Opcode : 'icmp'> <InPorts = 2> <OutPorts = 1>

State 17 <SV = 16> <Delay = 1.46>
ST_17 : Operation 89 [1/1] (1.46ns)   --->   "%br_ln195 = br i1 %icmp_ln195, void %._crit_edge, void %.lr.ph.preheader" [bfs_bulk.cpp:195]   --->   Operation 89 'br' 'br_ln195' <Predicate = true> <Delay = 1.46>
ST_17 : Operation 90 [1/1] (1.46ns)   --->   "%br_ln0 = br void %.lr.ph"   --->   Operation 90 'br' 'br_ln0' <Predicate = (icmp_ln195)> <Delay = 1.46>

State 18 <SV = 17> <Delay = 2.77>
ST_18 : Operation 91 [1/1] (0.00ns)   --->   "%e_1 = phi i64 %e_2, void %.split._crit_edge, i64 %tmp_begin, void %.lr.ph.preheader"   --->   Operation 91 'phi' 'e_1' <Predicate = true> <Delay = 0.00>
ST_18 : Operation 92 [1/1] (2.77ns)   --->   "%icmp_ln195_1 = icmp_eq  i64 %e_1, i64 %tmp_end" [bfs_bulk.cpp:195]   --->   Operation 92 'icmp' 'icmp_ln195_1' <Predicate = true> <Delay = 2.77> <CoreInst = "Cmp">   --->   Core 9 'Cmp' <Latency = 0> <II = 1> <Delay = 2.77> <FuncUnit> <Opcode : 'icmp'> <InPorts = 2> <OutPorts = 1>
ST_18 : Operation 93 [1/1] (0.00ns)   --->   "%br_ln195 = br i1 %icmp_ln195_1, void %.split, void %._crit_edge.loopexit" [bfs_bulk.cpp:195]   --->   Operation 93 'br' 'br_ln195' <Predicate = true> <Delay = 0.00>
ST_18 : Operation 94 [1/1] (0.00ns)   --->   "%edges_addr = getelementptr i64 %edges, i64 0, i64 %e_1" [bfs_bulk.cpp:196]   --->   Operation 94 'getelementptr' 'edges_addr' <Predicate = (!icmp_ln195_1)> <Delay = 0.00>
ST_18 : Operation 95 [4/4] (1.68ns)   --->   "%tmp_dst = load i12 %edges_addr" [bfs_bulk.cpp:196]   --->   Operation 95 'load' 'tmp_dst' <Predicate = (!icmp_ln195_1)> <Delay = 1.68> <CoreInst = "RAM">   --->   Core 82 'RAM' <Latency = 3> <II = 1> <Delay = 1.68> <Storage> <Opcode : 'load' 'store'> <Ports = 2> <Width = 64> <Depth = 4096> <RAM>

State 19 <SV = 18> <Delay = 1.68>
ST_19 : Operation 96 [3/4] (1.68ns)   --->   "%tmp_dst = load i12 %edges_addr" [bfs_bulk.cpp:196]   --->   Operation 96 'load' 'tmp_dst' <Predicate = (!icmp_ln195_1)> <Delay = 1.68> <CoreInst = "RAM">   --->   Core 82 'RAM' <Latency = 3> <II = 1> <Delay = 1.68> <Storage> <Opcode : 'load' 'store'> <Ports = 2> <Width = 64> <Depth = 4096> <RAM>

State 20 <SV = 19> <Delay = 1.68>
ST_20 : Operation 97 [2/4] (1.68ns)   --->   "%tmp_dst = load i12 %edges_addr" [bfs_bulk.cpp:196]   --->   Operation 97 'load' 'tmp_dst' <Predicate = (!icmp_ln195_1)> <Delay = 1.68> <CoreInst = "RAM">   --->   Core 82 'RAM' <Latency = 3> <II = 1> <Delay = 1.68> <Storage> <Opcode : 'load' 'store'> <Ports = 2> <Width = 64> <Depth = 4096> <RAM>

State 21 <SV = 20> <Delay = 2.45>
ST_21 : Operation 98 [1/4] (1.68ns)   --->   "%tmp_dst = load i12 %edges_addr" [bfs_bulk.cpp:196]   --->   Operation 98 'load' 'tmp_dst' <Predicate = (!icmp_ln195_1)> <Delay = 1.68> <CoreInst = "RAM">   --->   Core 82 'RAM' <Latency = 3> <II = 1> <Delay = 1.68> <Storage> <Opcode : 'load' 'store'> <Ports = 2> <Width = 64> <Depth = 4096> <RAM>
ST_21 : Operation 99 [1/1] (0.00ns)   --->   "%level_addr_2 = getelementptr i8 %level, i64 0, i64 %tmp_dst" [bfs_bulk.cpp:197]   --->   Operation 99 'getelementptr' 'level_addr_2' <Predicate = (!icmp_ln195_1)> <Delay = 0.00>
ST_21 : Operation 100 [3/3] (2.45ns)   --->   "%e_2 = add i64 %e_1, i64 1" [bfs_bulk.cpp:195]   --->   Operation 100 'add' 'e_2' <Predicate = (!icmp_ln195_1)> <Delay = 2.45> <CoreInst = "Adder">   --->   Core 1 'Adder' <Latency = 1> <II = 1> <Delay = 1.94> <FuncUnit> <Opcode : 'add' 'sub'> <InPorts = 2> <OutPorts = 1>

State 22 <SV = 21> <Delay = 2.45>
ST_22 : Operation 101 [4/4] (1.68ns)   --->   "%tmp_level = load i8 %level_addr_2" [bfs_bulk.cpp:197]   --->   Operation 101 'load' 'tmp_level' <Predicate = (!icmp_ln195_1)> <Delay = 1.68> <CoreInst = "RAM">   --->   Core 82 'RAM' <Latency = 3> <II = 1> <Delay = 1.68> <Storage> <Opcode : 'load' 'store'> <Ports = 2> <Width = 8> <Depth = 256> <RAM>
ST_22 : Operation 102 [2/3] (2.45ns)   --->   "%e_2 = add i64 %e_1, i64 1" [bfs_bulk.cpp:195]   --->   Operation 102 'add' 'e_2' <Predicate = (!icmp_ln195_1)> <Delay = 2.45> <CoreInst = "Adder">   --->   Core 1 'Adder' <Latency = 1> <II = 1> <Delay = 1.94> <FuncUnit> <Opcode : 'add' 'sub'> <InPorts = 2> <OutPorts = 1>

State 23 <SV = 22> <Delay = 2.45>
ST_23 : Operation 103 [3/4] (1.68ns)   --->   "%tmp_level = load i8 %level_addr_2" [bfs_bulk.cpp:197]   --->   Operation 103 'load' 'tmp_level' <Predicate = (!icmp_ln195_1)> <Delay = 1.68> <CoreInst = "RAM">   --->   Core 82 'RAM' <Latency = 3> <II = 1> <Delay = 1.68> <Storage> <Opcode : 'load' 'store'> <Ports = 2> <Width = 8> <Depth = 256> <RAM>
ST_23 : Operation 104 [1/3] (2.45ns)   --->   "%e_2 = add i64 %e_1, i64 1" [bfs_bulk.cpp:195]   --->   Operation 104 'add' 'e_2' <Predicate = (!icmp_ln195_1)> <Delay = 2.45> <CoreInst = "Adder">   --->   Core 1 'Adder' <Latency = 1> <II = 1> <Delay = 1.94> <FuncUnit> <Opcode : 'add' 'sub'> <InPorts = 2> <OutPorts = 1>

State 24 <SV = 23> <Delay = 1.68>
ST_24 : Operation 105 [2/4] (1.68ns)   --->   "%tmp_level = load i8 %level_addr_2" [bfs_bulk.cpp:197]   --->   Operation 105 'load' 'tmp_level' <Predicate = (!icmp_ln195_1)> <Delay = 1.68> <CoreInst = "RAM">   --->   Core 82 'RAM' <Latency = 3> <II = 1> <Delay = 1.68> <Storage> <Opcode : 'load' 'store'> <Ports = 2> <Width = 8> <Depth = 256> <RAM>

State 25 <SV = 24> <Delay = 1.68>
ST_25 : Operation 106 [1/4] (1.68ns)   --->   "%tmp_level = load i8 %level_addr_2" [bfs_bulk.cpp:197]   --->   Operation 106 'load' 'tmp_level' <Predicate = (!icmp_ln195_1)> <Delay = 1.68> <CoreInst = "RAM">   --->   Core 82 'RAM' <Latency = 3> <II = 1> <Delay = 1.68> <Storage> <Opcode : 'load' 'store'> <Ports = 2> <Width = 8> <Depth = 256> <RAM>

State 26 <SV = 25> <Delay = 2.45>
ST_26 : Operation 107 [1/1] (0.00ns)   --->   "%cnt_1 = phi i64 %cnt_2, void %.split._crit_edge, i64 %cnt, void %.lr.ph.preheader"   --->   Operation 107 'phi' 'cnt_1' <Predicate = true> <Delay = 0.00>
ST_26 : Operation 108 [1/1] (0.00ns)   --->   "%specpipeline_ln0 = specpipeline void @_ssdm_op_SpecPipeline, i32 4294967295, i32 0, i32 1, i32 0, void @p_str"   --->   Operation 108 'specpipeline' 'specpipeline_ln0' <Predicate = true> <Delay = 0.00>
ST_26 : Operation 109 [1/1] (1.55ns)   --->   "%icmp_ln199 = icmp_eq  i8 %tmp_level, i8 127" [bfs_bulk.cpp:199]   --->   Operation 109 'icmp' 'icmp_ln199' <Predicate = (!icmp_ln195_1)> <Delay = 1.55> <CoreInst = "Cmp">   --->   Core 9 'Cmp' <Latency = 0> <II = 1> <Delay = 2.77> <FuncUnit> <Opcode : 'icmp'> <InPorts = 2> <OutPorts = 1>
ST_26 : Operation 110 [3/3] (2.45ns)   --->   "%cnt_4 = add i64 %cnt_1, i64 1" [bfs_bulk.cpp:201]   --->   Operation 110 'add' 'cnt_4' <Predicate = (!icmp_ln195_1 & icmp_ln199)> <Delay = 2.45> <CoreInst = "Adder">   --->   Core 1 'Adder' <Latency = 1> <II = 1> <Delay = 1.94> <FuncUnit> <Opcode : 'add' 'sub'> <InPorts = 2> <OutPorts = 1>

State 27 <SV = 26> <Delay = 2.45>
ST_27 : Operation 111 [1/1] (0.00ns)   --->   "%specloopname_ln181 = specloopname void @_ssdm_op_SpecLoopName, void @empty_3" [bfs_bulk.cpp:181]   --->   Operation 111 'specloopname' 'specloopname_ln181' <Predicate = (!icmp_ln195_1)> <Delay = 0.00>
ST_27 : Operation 112 [1/1] (1.46ns)   --->   "%br_ln199 = br i1 %icmp_ln199, void %.split._crit_edge, void" [bfs_bulk.cpp:199]   --->   Operation 112 'br' 'br_ln199' <Predicate = (!icmp_ln195_1)> <Delay = 1.46>
ST_27 : Operation 113 [2/2] (1.68ns)   --->   "%store_ln200 = store i8 %empty, i8 %level_addr_2" [bfs_bulk.cpp:200]   --->   Operation 113 'store' 'store_ln200' <Predicate = (!icmp_ln195_1 & icmp_ln199)> <Delay = 1.68> <CoreInst = "RAM">   --->   Core 82 'RAM' <Latency = 3> <II = 1> <Delay = 1.68> <Storage> <Opcode : 'load' 'store'> <Ports = 2> <Width = 8> <Depth = 256> <RAM>
ST_27 : Operation 114 [2/3] (2.45ns)   --->   "%cnt_4 = add i64 %cnt_1, i64 1" [bfs_bulk.cpp:201]   --->   Operation 114 'add' 'cnt_4' <Predicate = (!icmp_ln195_1 & icmp_ln199)> <Delay = 2.45> <CoreInst = "Adder">   --->   Core 1 'Adder' <Latency = 1> <II = 1> <Delay = 1.94> <FuncUnit> <Opcode : 'add' 'sub'> <InPorts = 2> <OutPorts = 1>

State 28 <SV = 27> <Delay = 2.45>
ST_28 : Operation 115 [1/2] (1.68ns)   --->   "%store_ln200 = store i8 %empty, i8 %level_addr_2" [bfs_bulk.cpp:200]   --->   Operation 115 'store' 'store_ln200' <Predicate = (!icmp_ln195_1 & icmp_ln199)> <Delay = 1.68> <CoreInst = "RAM">   --->   Core 82 'RAM' <Latency = 3> <II = 1> <Delay = 1.68> <Storage> <Opcode : 'load' 'store'> <Ports = 2> <Width = 8> <Depth = 256> <RAM>
ST_28 : Operation 116 [1/3] (2.45ns)   --->   "%cnt_4 = add i64 %cnt_1, i64 1" [bfs_bulk.cpp:201]   --->   Operation 116 'add' 'cnt_4' <Predicate = (!icmp_ln195_1 & icmp_ln199)> <Delay = 2.45> <CoreInst = "Adder">   --->   Core 1 'Adder' <Latency = 1> <II = 1> <Delay = 1.94> <FuncUnit> <Opcode : 'add' 'sub'> <InPorts = 2> <OutPorts = 1>

State 29 <SV = 28> <Delay = 1.46>
ST_29 : Operation 117 [1/1] (1.46ns)   --->   "%br_ln202 = br void %.split._crit_edge" [bfs_bulk.cpp:202]   --->   Operation 117 'br' 'br_ln202' <Predicate = (!icmp_ln195_1 & icmp_ln199)> <Delay = 1.46>
ST_29 : Operation 118 [1/1] (0.00ns)   --->   "%cnt_2 = phi i64 %cnt_4, void, i64 %cnt_1, void %.split"   --->   Operation 118 'phi' 'cnt_2' <Predicate = (!icmp_ln195_1)> <Delay = 0.00>
ST_29 : Operation 119 [1/1] (0.00ns)   --->   "%br_ln0 = br void %.lr.ph"   --->   Operation 119 'br' 'br_ln0' <Predicate = (!icmp_ln195_1)> <Delay = 0.00>

State 30 <SV = 26> <Delay = 1.46>
ST_30 : Operation 120 [1/1] (1.46ns)   --->   "%br_ln0 = br void %._crit_edge"   --->   Operation 120 'br' 'br_ln0' <Predicate = true> <Delay = 1.46>

State 31 <SV = 27> <Delay = 0.00>
ST_31 : Operation 121 [1/1] (0.00ns)   --->   "%cnt_3 = phi i64 %cnt, void %.split2, i64 %cnt, void, i64 %cnt_1, void %._crit_edge.loopexit"   --->   Operation 121 'phi' 'cnt_3' <Predicate = true> <Delay = 0.00>
ST_31 : Operation 122 [1/1] (0.00ns)   --->   "%br_ln0 = br void"   --->   Operation 122 'br' 'br_ln0' <Predicate = true> <Delay = 0.00>

State 32 <SV = 7> <Delay = 2.77>
ST_32 : Operation 123 [1/2] (1.86ns)   --->   "%store_ln206 = store i64 %cnt, i4 %level_counts_addr_1" [bfs_bulk.cpp:206]   --->   Operation 123 'store' 'store_ln206' <Predicate = true> <Delay = 1.86> <CoreInst = "RAM">   --->   Core 82 'RAM' <Latency = 3> <II = 1> <Delay = 1.86> <Storage> <Opcode : 'load' 'store'> <Ports = 2> <Width = 64> <Depth = 10> <RAM>
ST_32 : Operation 124 [1/1] (2.77ns)   --->   "%icmp_ln206 = icmp_eq  i64 %cnt, i64 0" [bfs_bulk.cpp:206]   --->   Operation 124 'icmp' 'icmp_ln206' <Predicate = true> <Delay = 2.77> <CoreInst = "Cmp">   --->   Core 9 'Cmp' <Latency = 0> <II = 1> <Delay = 2.77> <FuncUnit> <Opcode : 'icmp'> <InPorts = 2> <OutPorts = 1>
ST_32 : Operation 125 [1/1] (0.00ns)   --->   "%br_ln206 = br i1 %icmp_ln206, void, void %.loopexit" [bfs_bulk.cpp:206]   --->   Operation 125 'br' 'br_ln206' <Predicate = true> <Delay = 0.00>
ST_32 : Operation 126 [1/1] (0.00ns)   --->   "%ret_ln209 = ret" [bfs_bulk.cpp:209]   --->   Operation 126 'ret' 'ret_ln209' <Predicate = (icmp_ln206)> <Delay = 0.00>


============================================================
+ Verbose Summary: Timing violations
============================================================
Target clock period: 2ns, clock uncertainty: 0.54ns.

 <State 1>: 1.87ns
The critical path consists of the following:
	'getelementptr' operation ('level_counts_addr', bfs_bulk.cpp:186) [20]  (0 ns)
	'store' operation ('store_ln186', bfs_bulk.cpp:186) of constant 1 on array 'level_counts' [21]  (1.87 ns)

 <State 2>: 1.87ns
The critical path consists of the following:
	'store' operation ('store_ln186', bfs_bulk.cpp:186) of constant 1 on array 'level_counts' [21]  (1.87 ns)

 <State 3>: 2.45ns
The critical path consists of the following:
	'phi' operation ('horizon', bfs_bulk.cpp:188) with incoming values : ('add_ln188', bfs_bulk.cpp:188) [24]  (0 ns)
	'add' operation ('add_ln188', bfs_bulk.cpp:188) [25]  (2.45 ns)

 <State 4>: 2.45ns
The critical path consists of the following:
	'add' operation ('add_ln188', bfs_bulk.cpp:188) [25]  (2.45 ns)

 <State 5>: 2.45ns
The critical path consists of the following:
	'add' operation ('add_ln188', bfs_bulk.cpp:188) [25]  (2.45 ns)

 <State 6>: 1.95ns
The critical path consists of the following:
	'phi' operation ('n') with incoming values : ('n', bfs_bulk.cpp:191) [32]  (0 ns)
	'add' operation ('n', bfs_bulk.cpp:191) [33]  (1.95 ns)

 <State 7>: 1.95ns
The critical path consists of the following:
	'add' operation ('n', bfs_bulk.cpp:191) [33]  (1.95 ns)

 <State 8>: 1.68ns
The critical path consists of the following:
	'load' operation ('level_load', bfs_bulk.cpp:192) on array 'level' [41]  (1.68 ns)

 <State 9>: 1.68ns
The critical path consists of the following:
	'load' operation ('level_load', bfs_bulk.cpp:192) on array 'level' [41]  (1.68 ns)

 <State 10>: 1.68ns
The critical path consists of the following:
	'load' operation ('level_load', bfs_bulk.cpp:192) on array 'level' [41]  (1.68 ns)

 <State 11>: 2.78ns
The critical path consists of the following:
	'icmp' operation ('icmp_ln192', bfs_bulk.cpp:192) [44]  (2.78 ns)

 <State 12>: 1.68ns
The critical path consists of the following:
	'getelementptr' operation ('nodes_addr', bfs_bulk.cpp:193) [47]  (0 ns)
	'load' operation ('nodes_load', bfs_bulk.cpp:193) on array 'nodes' [48]  (1.68 ns)

 <State 13>: 1.68ns
The critical path consists of the following:
	'load' operation ('nodes_load', bfs_bulk.cpp:193) on array 'nodes' [48]  (1.68 ns)

 <State 14>: 1.68ns
The critical path consists of the following:
	'load' operation ('nodes_load', bfs_bulk.cpp:193) on array 'nodes' [48]  (1.68 ns)

 <State 15>: 1.68ns
The critical path consists of the following:
	'load' operation ('nodes_load', bfs_bulk.cpp:193) on array 'nodes' [48]  (1.68 ns)

 <State 16>: 2.78ns
The critical path consists of the following:
	'icmp' operation ('icmp_ln195', bfs_bulk.cpp:195) [51]  (2.78 ns)

 <State 17>: 1.46ns
The critical path consists of the following:
	multiplexor before 'phi' operation ('cnt') with incoming values : ('cnt', bfs_bulk.cpp:201) [56]  (1.46 ns)

 <State 18>: 2.78ns
The critical path consists of the following:
	'phi' operation ('e') with incoming values : ('tmp_begin', bfs_bulk.cpp:193) ('e', bfs_bulk.cpp:195) [57]  (0 ns)
	'icmp' operation ('icmp_ln195_1', bfs_bulk.cpp:195) [59]  (2.78 ns)

 <State 19>: 1.68ns
The critical path consists of the following:
	'load' operation ('tmp_dst', bfs_bulk.cpp:196) on array 'edges' [64]  (1.68 ns)

 <State 20>: 1.68ns
The critical path consists of the following:
	'load' operation ('tmp_dst', bfs_bulk.cpp:196) on array 'edges' [64]  (1.68 ns)

 <State 21>: 2.45ns
The critical path consists of the following:
	'add' operation ('e', bfs_bulk.cpp:195) [75]  (2.45 ns)

 <State 22>: 2.45ns
The critical path consists of the following:
	'add' operation ('e', bfs_bulk.cpp:195) [75]  (2.45 ns)

 <State 23>: 2.45ns
The critical path consists of the following:
	'add' operation ('e', bfs_bulk.cpp:195) [75]  (2.45 ns)

 <State 24>: 1.68ns
The critical path consists of the following:
	'load' operation ('tmp_level', bfs_bulk.cpp:197) on array 'level' [66]  (1.68 ns)

 <State 25>: 1.68ns
The critical path consists of the following:
	'load' operation ('tmp_level', bfs_bulk.cpp:197) on array 'level' [66]  (1.68 ns)

 <State 26>: 2.45ns
The critical path consists of the following:
	'phi' operation ('cnt') with incoming values : ('cnt', bfs_bulk.cpp:201) [56]  (0 ns)
	'add' operation ('cnt', bfs_bulk.cpp:201) [71]  (2.45 ns)

 <State 27>: 2.45ns
The critical path consists of the following:
	'add' operation ('cnt', bfs_bulk.cpp:201) [71]  (2.45 ns)

 <State 28>: 2.45ns
The critical path consists of the following:
	'add' operation ('cnt', bfs_bulk.cpp:201) [71]  (2.45 ns)

 <State 29>: 1.46ns
The critical path consists of the following:
	multiplexor before 'phi' operation ('cnt') with incoming values : ('cnt', bfs_bulk.cpp:201) [74]  (1.46 ns)
	'phi' operation ('cnt') with incoming values : ('cnt', bfs_bulk.cpp:201) [74]  (0 ns)

 <State 30>: 1.46ns
The critical path consists of the following:
	multiplexor before 'phi' operation ('cnt') with incoming values : ('cnt', bfs_bulk.cpp:201) [80]  (1.46 ns)

 <State 31>: 0ns
The critical path consists of the following:

 <State 32>: 2.78ns
The critical path consists of the following:
	'icmp' operation ('icmp_ln206', bfs_bulk.cpp:206) [85]  (2.78 ns)


============================================================
+ Verbose Summary: Binding
============================================================
N/A
* FSMD analyzer results:
  - Output states:
 - Input state : 
  - Chain level:
	State 1
	State 2
	State 3
	State 4
	State 5
	State 6
	State 7
	State 8
	State 9
	State 10
	State 11
	State 12
	State 13
	State 14
	State 15
	State 16
	State 17
	State 18
	State 19
	State 20
	State 21
	State 22
	State 23
	State 24
	State 25
	State 26
	State 27
	State 28
	State 29
	State 30
	State 31
	State 32


============================================================
+ Verbose Summary: Datapath Resource usage 
============================================================
N/A
