

================================================================
== Vitis HLS Report for 'bfs_top'
================================================================
* Date:           Sun Jul 20 20:31:18 2025

* Version:        2020.2 (Build 3064766 on Wed Nov 18 09:12:47 MST 2020)
* Project:        bfs_bulk
* Solution:       solution1 (Vivado IP Flow Target)
* Product family: zynq
* Target device:  xc7z020-clg484-1


================================================================
== Performance Estimates
================================================================
+ Timing: 
    * Summary: 
    +--------+---------+----------+------------+
    |  Clock |  Target | Estimated| Uncertainty|
    +--------+---------+----------+------------+
    |ap_clk  |  2.00 ns|  2.776 ns|     0.54 ns|
    +--------+---------+----------+------------+

+ Latency: 
    * Summary: 
    +---------+---------+----------+----------+-----+-----+---------+
    |  Latency (cycles) |  Latency (absolute) |  Interval | Pipeline|
    |   min   |   max   |    min   |    max   | min | max |   Type  |
    +---------+---------+----------+----------+-----+-----+---------+
    |        ?|        ?|         ?|         ?|    ?|    ?|     none|
    +---------+---------+----------+----------+-----+-----+---------+

    + Detail: 
        * Instance: 
        N/A

        * Loop: 
        +---------------------+---------+---------+----------+-----------+-----------+------+----------+
        |                     |  Latency (cycles) | Iteration|  Initiation Interval  | Trip |          |
        |      Loop Name      |   min   |   max   |  Latency |  achieved |   target  | Count| Pipelined|
        +---------------------+---------+---------+----------+-----------+-----------+------+----------+
        |- loop_horizons      |        ?|        ?|         ?|          -|          -|     ?|        no|
        | + loop_nodes        |        ?|        ?|         ?|          -|          -|   256|        no|
        |  ++ loop_neighbors  |        ?|        ?|        12|          6|          1|     ?|       yes|
        +---------------------+---------+---------+----------+-----------+-----------+------+----------+



================================================================
== Utilization Estimates
================================================================
* Summary: 
+-----------------+---------+-----+--------+-------+-----+
|       Name      | BRAM_18K| DSP |   FF   |  LUT  | URAM|
+-----------------+---------+-----+--------+-------+-----+
|DSP              |        -|    -|       -|      -|    -|
|Expression       |        -|    -|       0|    140|    -|
|FIFO             |        -|    -|       -|      -|    -|
|Instance         |        -|    -|    1251|    223|    -|
|Memory           |        -|    -|       -|      -|    -|
|Multiplexer      |        -|    -|       -|    273|    -|
|Register         |        -|    -|     789|      -|    -|
+-----------------+---------+-----+--------+-------+-----+
|Total            |        0|    0|    2040|    636|    0|
+-----------------+---------+-----+--------+-------+-----+
|Available        |      280|  220|  106400|  53200|    0|
+-----------------+---------+-----+--------+-------+-----+
|Utilization (%)  |        0|    0|       1|      1|    0|
+-----------------+---------+-----+--------+-------+-----+

+ Detail: 
    * Instance: 
    +-------------------------+----------------------+---------+----+-----+----+-----+
    |         Instance        |        Module        | BRAM_18K| DSP|  FF | LUT| URAM|
    +-------------------------+----------------------+---------+----+-----+----+-----+
    |add_64ns_64ns_64_3_1_U1  |add_64ns_64ns_64_3_1  |        0|   0|  389|  66|    0|
    |add_64ns_64ns_64_3_1_U4  |add_64ns_64ns_64_3_1  |        0|   0|  389|  66|    0|
    |add_64ns_64ns_64_3_1_U5  |add_64ns_64ns_64_3_1  |        0|   0|  389|  66|    0|
    |add_8ns_8ns_8_2_1_U2     |add_8ns_8ns_8_2_1     |        0|   0|   40|  12|    0|
    |add_9ns_9ns_9_2_1_U3     |add_9ns_9ns_9_2_1     |        0|   0|   44|  13|    0|
    +-------------------------+----------------------+---------+----+-----+----+-----+
    |Total                    |                      |        0|   0| 1251| 223|    0|
    +-------------------------+----------------------+---------+----+-----+----+-----+

    * DSP: 
    N/A

    * Memory: 
    N/A

    * FIFO: 
    N/A

    * Expression: 
    +------------------------+----------+----+---+----+------------+------------+
    |      Variable Name     | Operation| DSP| FF| LUT| Bitwidth P0| Bitwidth P1|
    +------------------------+----------+----+---+----+------------+------------+
    |icmp_ln191_fu_270_p2    |      icmp|   0|  0|  11|           9|          10|
    |icmp_ln192_fu_289_p2    |      icmp|   0|  0|  29|          64|          64|
    |icmp_ln195_1_fu_313_p2  |      icmp|   0|  0|  29|          64|          64|
    |icmp_ln195_fu_309_p2    |      icmp|   0|  0|  29|          64|          64|
    |icmp_ln199_fu_324_p2    |      icmp|   0|  0|  11|           8|           7|
    |icmp_ln206_fu_336_p2    |      icmp|   0|  0|  29|          64|           1|
    |ap_enable_pp0           |       xor|   0|  0|   2|           1|           2|
    +------------------------+----------+----+---+----+------------+------------+
    |Total                   |          |   0|  0| 140|         274|         212|
    +------------------------+----------+----+---+----+------------+------------+

    * Multiplexer: 
    +------------------------------------+-----+-----------+-----+-----------+
    |                Name                | LUT | Input Size| Bits| Total Bits|
    +------------------------------------+-----+-----------+-----+-----------+
    |ap_NS_fsm                           |  121|         27|    1|         27|
    |ap_enable_reg_pp0_iter1             |    9|          2|    1|          2|
    |ap_phi_mux_cnt_2_phi_fu_220_p4      |    9|          2|   64|        128|
    |ap_phi_mux_e_1_phi_fu_197_p4        |    9|          2|   64|        128|
    |ap_phi_reg_pp0_iter1_cnt_2_reg_216  |    9|          2|   64|        128|
    |cnt_1_reg_205                       |    9|          2|   64|        128|
    |cnt_3_reg_228                       |    9|          2|   64|        128|
    |cnt_reg_180                         |    9|          2|   64|        128|
    |e_1_reg_194                         |    9|          2|   64|        128|
    |horizon_reg_156                     |    9|          2|   64|        128|
    |level_address0                      |   20|          4|    8|         32|
    |level_counts_address0               |   14|          3|    4|         12|
    |level_counts_d0                     |   14|          3|   64|        192|
    |level_d0                            |   14|          3|    8|         24|
    |n_reg_168                           |    9|          2|    9|         18|
    +------------------------------------+-----+-----------+-----+-----------+
    |Total                               |  273|         60|  607|       1331|
    +------------------------------------+-----+-----------+-----+-----------+

    * Register: 
    +------------------------------------+----+----+-----+-----------+
    |                Name                | FF | LUT| Bits| Const Bits|
    +------------------------------------+----+----+-----+-----------+
    |add_ln188_reg_362                   |  64|   0|   64|          0|
    |ap_CS_fsm                           |  26|   0|   26|          0|
    |ap_enable_reg_pp0_iter0             |   1|   0|    1|          0|
    |ap_enable_reg_pp0_iter1             |   1|   0|    1|          0|
    |ap_phi_reg_pp0_iter1_cnt_2_reg_216  |  64|   0|   64|          0|
    |cnt_1_reg_205                       |  64|   0|   64|          0|
    |cnt_3_reg_228                       |  64|   0|   64|          0|
    |cnt_4_reg_440                       |  64|   0|   64|          0|
    |cnt_reg_180                         |  64|   0|   64|          0|
    |e_1_reg_194                         |  64|   0|   64|          0|
    |e_2_reg_431                         |  64|   0|   64|          0|
    |empty_reg_357                       |   8|   0|    8|          0|
    |horizon_reg_156                     |  64|   0|   64|          0|
    |icmp_ln191_reg_368                  |   1|   0|    1|          0|
    |icmp_ln192_reg_392                  |   1|   0|    1|          0|
    |icmp_ln195_1_reg_417                |   1|   0|    1|          0|
    |icmp_ln195_1_reg_417_pp0_iter1_reg  |   1|   0|    1|          0|
    |icmp_ln195_reg_413                  |   1|   0|    1|          0|
    |icmp_ln199_reg_436                  |   1|   0|    1|          0|
    |level_addr_2_reg_426                |   8|   0|    8|          0|
    |n_1_reg_372                         |   9|   0|    9|          0|
    |n_reg_168                           |   9|   0|    9|          0|
    |reg_244                             |   8|   0|    8|          0|
    |tmp_begin_reg_401                   |  64|   0|   64|          0|
    |tmp_end_reg_407                     |  64|   0|   64|          0|
    |zext_ln191_reg_377                  |   9|   0|   64|         55|
    +------------------------------------+----+----+-----+-----------+
    |Total                               | 789|   0|  844|         55|
    +------------------------------------+----+----+-----+-----------+



================================================================
== Interface
================================================================
* Summary: 
+-----------------------+-----+-----+------------+---------------+--------------+
|       RTL Ports       | Dir | Bits|  Protocol  | Source Object |    C Type    |
+-----------------------+-----+-----+------------+---------------+--------------+
|ap_clk                 |   in|    1|  ap_ctrl_hs|        bfs_top|  return value|
|ap_rst                 |   in|    1|  ap_ctrl_hs|        bfs_top|  return value|
|ap_start               |   in|    1|  ap_ctrl_hs|        bfs_top|  return value|
|ap_done                |  out|    1|  ap_ctrl_hs|        bfs_top|  return value|
|ap_idle                |  out|    1|  ap_ctrl_hs|        bfs_top|  return value|
|ap_ready               |  out|    1|  ap_ctrl_hs|        bfs_top|  return value|
|nodes_address0         |  out|    8|   ap_memory|          nodes|         array|
|nodes_ce0              |  out|    1|   ap_memory|          nodes|         array|
|nodes_q0               |   in|  128|   ap_memory|          nodes|         array|
|edges_address0         |  out|   12|   ap_memory|          edges|         array|
|edges_ce0              |  out|    1|   ap_memory|          edges|         array|
|edges_q0               |   in|   64|   ap_memory|          edges|         array|
|starting_node          |   in|   64|     ap_none|  starting_node|        scalar|
|level_address0         |  out|    8|   ap_memory|          level|         array|
|level_ce0              |  out|    1|   ap_memory|          level|         array|
|level_we0              |  out|    1|   ap_memory|          level|         array|
|level_d0               |  out|    8|   ap_memory|          level|         array|
|level_q0               |   in|    8|   ap_memory|          level|         array|
|level_counts_address0  |  out|    4|   ap_memory|   level_counts|         array|
|level_counts_ce0       |  out|    1|   ap_memory|   level_counts|         array|
|level_counts_we0       |  out|    1|   ap_memory|   level_counts|         array|
|level_counts_d0        |  out|   64|   ap_memory|   level_counts|         array|
+-----------------------+-----+-----+------------+---------------+--------------+

