

================================================================
== Vitis HLS Report for 'exp_32_16_s'
================================================================
* Date:           Sun Jul 20 20:01:28 2025

* Version:        2020.2 (Build 3064766 on Wed Nov 18 09:12:47 MST 2020)
* Project:        aes
* Solution:       solution1 (Vivado IP Flow Target)
* Product family: zynq
* Target device:  xc7z020-clg484-1


================================================================
== Performance Estimates
================================================================
+ Timing: 
    * Summary: 
    +--------+---------+----------+------------+
    |  Clock |  Target | Estimated| Uncertainty|
    +--------+---------+----------+------------+
    |ap_clk  |  2.00 ns|  2.454 ns|     0.54 ns|
    +--------+---------+----------+------------+

+ Latency: 
    * Summary: 
    +---------+---------+-----------+-----------+-----+-----+---------+
    |  Latency (cycles) |   Latency (absolute)  |  Interval | Pipeline|
    |   min   |   max   |    min    |    max    | min | max |   Type  |
    +---------+---------+-----------+-----------+-----+-----+---------+
    |       28|       28|  68.712 ns|  68.712 ns|    1|    1|      yes|
    +---------+---------+-----------+-----------+-----+-----+---------+

    + Detail: 
        * Instance: 
        N/A

        * Loop: 
        N/A

============================================================
+ Verbose Summary: Synthesis Manager
============================================================
InlineROM: 1
ExposeGlobal: 0
============================================================
+ Verbose Summary: CDFG Model
============================================================
IsTopModel: 0
ResetActiveHigh: 1
IsCombinational: 0
IsDatapathOnly: 0
HasWiredReturn: 1
HasMFsm: 2
HasVarLatency: 0
IsPipeline: 1
IsRtlPipelined: 1
IsInstanceOverlapped: 0
IsDontTouch: 0
HasImplIP: 0
IsGatedGlobalClock: 0

+ Individual pipeline summary: 
  * Pipeline-0: initiation interval (II) = 1, depth = 29


============================================================
+ Verbose Summary: Schedule
============================================================
* Number of FSM states : 29
* Pipeline : 1
  Pipeline-0 : II = 1, D = 29, States = { 1 2 3 4 5 6 7 8 9 10 11 12 13 14 15 16 17 18 19 20 21 22 23 24 25 26 27 28 29 }
* Dataflow Pipeline: 0

* FSM state transitions: 
1 --> 2 
2 --> 3 
3 --> 4 
4 --> 5 
5 --> 6 
6 --> 7 
7 --> 8 
8 --> 9 
9 --> 10 
10 --> 11 
11 --> 12 
12 --> 13 
13 --> 14 
14 --> 15 
15 --> 16 
16 --> 17 
17 --> 18 
18 --> 19 
19 --> 20 
20 --> 21 
21 --> 22 
22 --> 23 
23 --> 24 
24 --> 25 
25 --> 26 
26 --> 27 
27 --> 28 
28 --> 29 
29 --> 

* FSM state operations: 

State 1 <SV = 0> <Delay = 2.44>
ST_1 : Operation 30 [1/1] (0.00ns)   --->   "%x_read = read i32 @_ssdm_op_Read.ap_auto.i32, i32 %x" [/home/rcslfpgaserver/Softwares/Xilinx/Vitis_HLS/2020.2/common/technology/autopilot/hls_exp_apfixed.h:287]   --->   Operation 30 'read' 'x_read' <Predicate = true> <Delay = 0.00>
ST_1 : Operation 31 [1/1] (0.00ns)   --->   "%p_Result_75 = partselect i5 @_ssdm_op_PartSelect.i5.i32.i32.i32, i32 %x_read, i32 16, i32 20"   --->   Operation 31 'partselect' 'p_Result_75' <Predicate = true> <Delay = 0.00>
ST_1 : Operation 32 [1/1] (0.00ns)   --->   "%trunc_ln640 = trunc i32 %x_read"   --->   Operation 32 'trunc' 'trunc_ln640' <Predicate = true> <Delay = 0.00>
ST_1 : Operation 33 [1/1] (0.00ns)   --->   "%p_Result_76 = bitconcatenate i23 @_ssdm_op_BitConcatenate.i23.i16.i7, i16 %trunc_ln640, i7 0"   --->   Operation 33 'bitconcatenate' 'p_Result_76' <Predicate = true> <Delay = 0.00>
ST_1 : Operation 34 [1/1] (0.00ns)   --->   "%tmp = bitselect i1 @_ssdm_op_BitSelect.i1.i32.i32, i32 %x_read, i32 31" [/home/rcslfpgaserver/Softwares/Xilinx/Vitis_HLS/2020.2/common/technology/autopilot/hls_exp_apfixed.h:287]   --->   Operation 34 'bitselect' 'tmp' <Predicate = true> <Delay = 0.00>
ST_1 : Operation 35 [1/1] (0.00ns) (grouped into LUT with out node or_ln300_1)   --->   "%tmp_61 = bitselect i1 @_ssdm_op_BitSelect.i1.i32.i32, i32 %x_read, i32 20"   --->   Operation 35 'bitselect' 'tmp_61' <Predicate = true> <Delay = 0.00>
ST_1 : Operation 36 [1/1] (0.00ns) (grouped into LUT with out node or_ln300_1)   --->   "%overf = xor i1 %tmp, i1 %tmp_61"   --->   Operation 36 'xor' 'overf' <Predicate = true> <Delay = 0.00> <CoreInst = "LogicGate">   --->   Core 74 'LogicGate' <Latency = 0> <II = 1> <Delay = 0.97> <FuncUnit> <Opcode : 'and' 'or' 'xor'> <InPorts = 2> <OutPorts = 1>
ST_1 : Operation 37 [1/1] (0.00ns) (grouped into LUT with out node or_ln300_1)   --->   "%tmp_62 = bitselect i1 @_ssdm_op_BitSelect.i1.i32.i32, i32 %x_read, i32 21"   --->   Operation 37 'bitselect' 'tmp_62' <Predicate = true> <Delay = 0.00>
ST_1 : Operation 38 [1/1] (0.00ns) (grouped into LUT with out node or_ln300_1)   --->   "%xor_ln222_2 = xor i1 %tmp, i1 %tmp_62"   --->   Operation 38 'xor' 'xor_ln222_2' <Predicate = true> <Delay = 0.00> <CoreInst = "LogicGate">   --->   Core 74 'LogicGate' <Latency = 0> <II = 1> <Delay = 0.97> <FuncUnit> <Opcode : 'and' 'or' 'xor'> <InPorts = 2> <OutPorts = 1>
ST_1 : Operation 39 [1/1] (0.00ns) (grouped into LUT with out node or_ln300_1)   --->   "%tmp_63 = bitselect i1 @_ssdm_op_BitSelect.i1.i32.i32, i32 %x_read, i32 22"   --->   Operation 39 'bitselect' 'tmp_63' <Predicate = true> <Delay = 0.00>
ST_1 : Operation 40 [1/1] (0.00ns) (grouped into LUT with out node or_ln300_1)   --->   "%xor_ln222_3 = xor i1 %tmp, i1 %tmp_63"   --->   Operation 40 'xor' 'xor_ln222_3' <Predicate = true> <Delay = 0.00> <CoreInst = "LogicGate">   --->   Core 74 'LogicGate' <Latency = 0> <II = 1> <Delay = 0.97> <FuncUnit> <Opcode : 'and' 'or' 'xor'> <InPorts = 2> <OutPorts = 1>
ST_1 : Operation 41 [1/1] (0.00ns) (grouped into LUT with out node or_ln300_3)   --->   "%tmp_64 = bitselect i1 @_ssdm_op_BitSelect.i1.i32.i32, i32 %x_read, i32 23"   --->   Operation 41 'bitselect' 'tmp_64' <Predicate = true> <Delay = 0.00>
ST_1 : Operation 42 [1/1] (0.00ns) (grouped into LUT with out node or_ln300_3)   --->   "%xor_ln222_4 = xor i1 %tmp, i1 %tmp_64"   --->   Operation 42 'xor' 'xor_ln222_4' <Predicate = true> <Delay = 0.00> <CoreInst = "LogicGate">   --->   Core 74 'LogicGate' <Latency = 0> <II = 1> <Delay = 0.97> <FuncUnit> <Opcode : 'and' 'or' 'xor'> <InPorts = 2> <OutPorts = 1>
ST_1 : Operation 43 [1/1] (0.00ns) (grouped into LUT with out node or_ln300_3)   --->   "%tmp_65 = bitselect i1 @_ssdm_op_BitSelect.i1.i32.i32, i32 %x_read, i32 24"   --->   Operation 43 'bitselect' 'tmp_65' <Predicate = true> <Delay = 0.00>
ST_1 : Operation 44 [1/1] (0.00ns) (grouped into LUT with out node or_ln300_3)   --->   "%xor_ln222 = xor i1 %tmp, i1 %tmp_65"   --->   Operation 44 'xor' 'xor_ln222' <Predicate = true> <Delay = 0.00> <CoreInst = "LogicGate">   --->   Core 74 'LogicGate' <Latency = 0> <II = 1> <Delay = 0.97> <FuncUnit> <Opcode : 'and' 'or' 'xor'> <InPorts = 2> <OutPorts = 1>
ST_1 : Operation 45 [1/1] (0.00ns) (grouped into LUT with out node or_ln300_3)   --->   "%tmp_66 = bitselect i1 @_ssdm_op_BitSelect.i1.i32.i32, i32 %x_read, i32 25"   --->   Operation 45 'bitselect' 'tmp_66' <Predicate = true> <Delay = 0.00>
ST_1 : Operation 46 [1/1] (0.00ns) (grouped into LUT with out node or_ln300_3)   --->   "%xor_ln222_5 = xor i1 %tmp, i1 %tmp_66"   --->   Operation 46 'xor' 'xor_ln222_5' <Predicate = true> <Delay = 0.00> <CoreInst = "LogicGate">   --->   Core 74 'LogicGate' <Latency = 0> <II = 1> <Delay = 0.97> <FuncUnit> <Opcode : 'and' 'or' 'xor'> <InPorts = 2> <OutPorts = 1>
ST_1 : Operation 47 [1/1] (0.00ns) (grouped into LUT with out node or_ln300_6)   --->   "%tmp_67 = bitselect i1 @_ssdm_op_BitSelect.i1.i32.i32, i32 %x_read, i32 26"   --->   Operation 47 'bitselect' 'tmp_67' <Predicate = true> <Delay = 0.00>
ST_1 : Operation 48 [1/1] (0.00ns) (grouped into LUT with out node or_ln300_6)   --->   "%xor_ln222_6 = xor i1 %tmp, i1 %tmp_67"   --->   Operation 48 'xor' 'xor_ln222_6' <Predicate = true> <Delay = 0.00> <CoreInst = "LogicGate">   --->   Core 74 'LogicGate' <Latency = 0> <II = 1> <Delay = 0.97> <FuncUnit> <Opcode : 'and' 'or' 'xor'> <InPorts = 2> <OutPorts = 1>
ST_1 : Operation 49 [1/1] (0.00ns) (grouped into LUT with out node or_ln300_6)   --->   "%tmp_68 = bitselect i1 @_ssdm_op_BitSelect.i1.i32.i32, i32 %x_read, i32 27"   --->   Operation 49 'bitselect' 'tmp_68' <Predicate = true> <Delay = 0.00>
ST_1 : Operation 50 [1/1] (0.00ns) (grouped into LUT with out node or_ln300_6)   --->   "%xor_ln222_7 = xor i1 %tmp, i1 %tmp_68"   --->   Operation 50 'xor' 'xor_ln222_7' <Predicate = true> <Delay = 0.00> <CoreInst = "LogicGate">   --->   Core 74 'LogicGate' <Latency = 0> <II = 1> <Delay = 0.97> <FuncUnit> <Opcode : 'and' 'or' 'xor'> <InPorts = 2> <OutPorts = 1>
ST_1 : Operation 51 [1/1] (0.00ns) (grouped into LUT with out node or_ln300_6)   --->   "%tmp_69 = bitselect i1 @_ssdm_op_BitSelect.i1.i32.i32, i32 %x_read, i32 28"   --->   Operation 51 'bitselect' 'tmp_69' <Predicate = true> <Delay = 0.00>
ST_1 : Operation 52 [1/1] (0.00ns) (grouped into LUT with out node or_ln300_6)   --->   "%xor_ln222_8 = xor i1 %tmp, i1 %tmp_69"   --->   Operation 52 'xor' 'xor_ln222_8' <Predicate = true> <Delay = 0.00> <CoreInst = "LogicGate">   --->   Core 74 'LogicGate' <Latency = 0> <II = 1> <Delay = 0.97> <FuncUnit> <Opcode : 'and' 'or' 'xor'> <InPorts = 2> <OutPorts = 1>
ST_1 : Operation 53 [1/1] (1.36ns)   --->   "%icmp_ln1498 = icmp_eq  i5 %p_Result_75, i5 15"   --->   Operation 53 'icmp' 'icmp_ln1498' <Predicate = true> <Delay = 1.36> <CoreInst = "Cmp">   --->   Core 9 'Cmp' <Latency = 0> <II = 1> <Delay = 1.30> <FuncUnit> <Opcode : 'icmp'> <InPorts = 2> <OutPorts = 1>
ST_1 : Operation 54 [1/1] (2.44ns)   --->   "%icmp_ln1496 = icmp_ugt  i23 %p_Result_76, i23 7905299"   --->   Operation 54 'icmp' 'icmp_ln1496' <Predicate = true> <Delay = 2.44> <CoreInst = "Cmp">   --->   Core 9 'Cmp' <Latency = 0> <II = 1> <Delay = 1.30> <FuncUnit> <Opcode : 'icmp'> <InPorts = 2> <OutPorts = 1>
ST_1 : Operation 55 [1/1] (0.00ns)   --->   "%p_Result_s = partselect i7 @_ssdm_op_PartSelect.i7.i32.i32.i32, i32 %x_read, i32 13, i32 19"   --->   Operation 55 'partselect' 'p_Result_s' <Predicate = true> <Delay = 0.00>
ST_1 : Operation 56 [1/1] (0.00ns)   --->   "%tmp_78 = partselect i8 @_ssdm_op_PartSelect.i8.i32.i32.i32, i32 %x_read, i32 5, i32 12"   --->   Operation 56 'partselect' 'tmp_78' <Predicate = true> <Delay = 0.00>
ST_1 : Operation 57 [1/1] (0.00ns)   --->   "%tmp_79 = trunc i32 %x_read"   --->   Operation 57 'trunc' 'tmp_79' <Predicate = true> <Delay = 0.00>
ST_1 : Operation 58 [1/1] (0.00ns)   --->   "%zext_ln534_1 = zext i8 %tmp_78"   --->   Operation 58 'zext' 'zext_ln534_1' <Predicate = true> <Delay = 0.00>
ST_1 : Operation 59 [1/1] (0.00ns)   --->   "%f_x_msb_2_table_V_addr = getelementptr i46 %f_x_msb_2_table_V, i64 0, i64 %zext_ln534_1" [/home/rcslfpgaserver/Softwares/Xilinx/Vitis_HLS/2020.2/common/technology/autopilot/hls_exp_apfixed.h:445]   --->   Operation 59 'getelementptr' 'f_x_msb_2_table_V_addr' <Predicate = true> <Delay = 0.00>
ST_1 : Operation 60 [4/4] (1.68ns)   --->   "%f_x_msb_2_V = load i8 %f_x_msb_2_table_V_addr" [/home/rcslfpgaserver/Softwares/Xilinx/Vitis_HLS/2020.2/common/technology/autopilot/hls_exp_apfixed.h:445]   --->   Operation 60 'load' 'f_x_msb_2_V' <Predicate = true> <Delay = 1.68> <CoreInst = "ROM">   --->   Core 95 'ROM' <Latency = 3> <II = 1> <Delay = 1.68> <Storage> <Opcode : 'load'> <Ports = 0> <Width = 46> <Depth = 256> <ROM>
ST_1 : Operation 61 [1/1] (0.00ns) (grouped into LUT with out node or_ln300_1)   --->   "%or_ln300 = or i1 %overf, i1 %xor_ln222_3" [/home/rcslfpgaserver/Softwares/Xilinx/Vitis_HLS/2020.2/common/technology/autopilot/hls_exp_apfixed.h:300]   --->   Operation 61 'or' 'or_ln300' <Predicate = true> <Delay = 0.00> <CoreInst = "LogicGate">   --->   Core 74 'LogicGate' <Latency = 0> <II = 1> <Delay = 0.97> <FuncUnit> <Opcode : 'and' 'or' 'xor'> <InPorts = 2> <OutPorts = 1>
ST_1 : Operation 62 [1/1] (0.97ns) (out node of the LUT)   --->   "%or_ln300_1 = or i1 %or_ln300, i1 %xor_ln222_2" [/home/rcslfpgaserver/Softwares/Xilinx/Vitis_HLS/2020.2/common/technology/autopilot/hls_exp_apfixed.h:300]   --->   Operation 62 'or' 'or_ln300_1' <Predicate = true> <Delay = 0.97> <CoreInst = "LogicGate">   --->   Core 74 'LogicGate' <Latency = 0> <II = 1> <Delay = 0.97> <FuncUnit> <Opcode : 'and' 'or' 'xor'> <InPorts = 2> <OutPorts = 1>
ST_1 : Operation 63 [1/1] (0.00ns) (grouped into LUT with out node or_ln300_3)   --->   "%or_ln300_2 = or i1 %xor_ln222, i1 %xor_ln222_5" [/home/rcslfpgaserver/Softwares/Xilinx/Vitis_HLS/2020.2/common/technology/autopilot/hls_exp_apfixed.h:300]   --->   Operation 63 'or' 'or_ln300_2' <Predicate = true> <Delay = 0.00> <CoreInst = "LogicGate">   --->   Core 74 'LogicGate' <Latency = 0> <II = 1> <Delay = 0.97> <FuncUnit> <Opcode : 'and' 'or' 'xor'> <InPorts = 2> <OutPorts = 1>
ST_1 : Operation 64 [1/1] (0.97ns) (out node of the LUT)   --->   "%or_ln300_3 = or i1 %or_ln300_2, i1 %xor_ln222_4" [/home/rcslfpgaserver/Softwares/Xilinx/Vitis_HLS/2020.2/common/technology/autopilot/hls_exp_apfixed.h:300]   --->   Operation 64 'or' 'or_ln300_3' <Predicate = true> <Delay = 0.97> <CoreInst = "LogicGate">   --->   Core 74 'LogicGate' <Latency = 0> <II = 1> <Delay = 0.97> <FuncUnit> <Opcode : 'and' 'or' 'xor'> <InPorts = 2> <OutPorts = 1>
ST_1 : Operation 65 [1/1] (0.00ns) (grouped into LUT with out node or_ln300_6)   --->   "%or_ln300_5 = or i1 %xor_ln222_7, i1 %xor_ln222_8" [/home/rcslfpgaserver/Softwares/Xilinx/Vitis_HLS/2020.2/common/technology/autopilot/hls_exp_apfixed.h:300]   --->   Operation 65 'or' 'or_ln300_5' <Predicate = true> <Delay = 0.00> <CoreInst = "LogicGate">   --->   Core 74 'LogicGate' <Latency = 0> <II = 1> <Delay = 0.97> <FuncUnit> <Opcode : 'and' 'or' 'xor'> <InPorts = 2> <OutPorts = 1>
ST_1 : Operation 66 [1/1] (0.97ns) (out node of the LUT)   --->   "%or_ln300_6 = or i1 %or_ln300_5, i1 %xor_ln222_6" [/home/rcslfpgaserver/Softwares/Xilinx/Vitis_HLS/2020.2/common/technology/autopilot/hls_exp_apfixed.h:300]   --->   Operation 66 'or' 'or_ln300_6' <Predicate = true> <Delay = 0.97> <CoreInst = "LogicGate">   --->   Core 74 'LogicGate' <Latency = 0> <II = 1> <Delay = 0.97> <FuncUnit> <Opcode : 'and' 'or' 'xor'> <InPorts = 2> <OutPorts = 1>

State 2 <SV = 1> <Delay = 1.68>
ST_2 : Operation 67 [1/1] (0.00ns) (grouped into LUT with out node or_ln300_8)   --->   "%tmp_70 = bitselect i1 @_ssdm_op_BitSelect.i1.i32.i32, i32 %x_read, i32 29"   --->   Operation 67 'bitselect' 'tmp_70' <Predicate = true> <Delay = 0.00>
ST_2 : Operation 68 [1/1] (0.00ns) (grouped into LUT with out node or_ln300_8)   --->   "%xor_ln222_9 = xor i1 %tmp, i1 %tmp_70"   --->   Operation 68 'xor' 'xor_ln222_9' <Predicate = true> <Delay = 0.00> <CoreInst = "LogicGate">   --->   Core 74 'LogicGate' <Latency = 0> <II = 1> <Delay = 0.97> <FuncUnit> <Opcode : 'and' 'or' 'xor'> <InPorts = 2> <OutPorts = 1>
ST_2 : Operation 69 [1/1] (0.00ns) (grouped into LUT with out node or_ln300_8)   --->   "%tmp_71 = bitselect i1 @_ssdm_op_BitSelect.i1.i32.i32, i32 %x_read, i32 30"   --->   Operation 69 'bitselect' 'tmp_71' <Predicate = true> <Delay = 0.00>
ST_2 : Operation 70 [1/1] (0.00ns) (grouped into LUT with out node or_ln300_8)   --->   "%xor_ln222_10 = xor i1 %tmp, i1 %tmp_71"   --->   Operation 70 'xor' 'xor_ln222_10' <Predicate = true> <Delay = 0.00> <CoreInst = "LogicGate">   --->   Core 74 'LogicGate' <Latency = 0> <II = 1> <Delay = 0.97> <FuncUnit> <Opcode : 'and' 'or' 'xor'> <InPorts = 2> <OutPorts = 1>
ST_2 : Operation 71 [1/1] (0.00ns) (grouped into LUT with out node or_ln300_8)   --->   "%and_ln300 = and i1 %icmp_ln1498, i1 %icmp_ln1496" [/home/rcslfpgaserver/Softwares/Xilinx/Vitis_HLS/2020.2/common/technology/autopilot/hls_exp_apfixed.h:300]   --->   Operation 71 'and' 'and_ln300' <Predicate = true> <Delay = 0.00> <CoreInst = "LogicGate">   --->   Core 74 'LogicGate' <Latency = 0> <II = 1> <Delay = 0.97> <FuncUnit> <Opcode : 'and' 'or' 'xor'> <InPorts = 2> <OutPorts = 1>
ST_2 : Operation 72 [3/4] (1.68ns)   --->   "%f_x_msb_2_V = load i8 %f_x_msb_2_table_V_addr" [/home/rcslfpgaserver/Softwares/Xilinx/Vitis_HLS/2020.2/common/technology/autopilot/hls_exp_apfixed.h:445]   --->   Operation 72 'load' 'f_x_msb_2_V' <Predicate = true> <Delay = 1.68> <CoreInst = "ROM">   --->   Core 95 'ROM' <Latency = 3> <II = 1> <Delay = 1.68> <Storage> <Opcode : 'load'> <Ports = 0> <Width = 46> <Depth = 256> <ROM>
ST_2 : Operation 73 [1/1] (0.00ns) (grouped into LUT with out node or_ln300_8)   --->   "%or_ln300_7 = or i1 %xor_ln222_10, i1 %and_ln300" [/home/rcslfpgaserver/Softwares/Xilinx/Vitis_HLS/2020.2/common/technology/autopilot/hls_exp_apfixed.h:300]   --->   Operation 73 'or' 'or_ln300_7' <Predicate = true> <Delay = 0.00> <CoreInst = "LogicGate">   --->   Core 74 'LogicGate' <Latency = 0> <II = 1> <Delay = 0.97> <FuncUnit> <Opcode : 'and' 'or' 'xor'> <InPorts = 2> <OutPorts = 1>
ST_2 : Operation 74 [1/1] (0.97ns) (out node of the LUT)   --->   "%or_ln300_8 = or i1 %or_ln300_7, i1 %xor_ln222_9" [/home/rcslfpgaserver/Softwares/Xilinx/Vitis_HLS/2020.2/common/technology/autopilot/hls_exp_apfixed.h:300]   --->   Operation 74 'or' 'or_ln300_8' <Predicate = true> <Delay = 0.97> <CoreInst = "LogicGate">   --->   Core 74 'LogicGate' <Latency = 0> <II = 1> <Delay = 0.97> <FuncUnit> <Opcode : 'and' 'or' 'xor'> <InPorts = 2> <OutPorts = 1>

State 3 <SV = 2> <Delay = 1.68>
ST_3 : Operation 75 [1/1] (0.00ns)   --->   "%zext_ln534 = zext i5 %tmp_79"   --->   Operation 75 'zext' 'zext_ln534' <Predicate = true> <Delay = 0.00>
ST_3 : Operation 76 [1/1] (0.00ns)   --->   "%f_x_msb_3_table_V_addr = getelementptr i32 %f_x_msb_3_table_V, i64 0, i64 %zext_ln534" [/home/rcslfpgaserver/Softwares/Xilinx/Vitis_HLS/2020.2/common/technology/autopilot/hls_exp_apfixed.h:369]   --->   Operation 76 'getelementptr' 'f_x_msb_3_table_V_addr' <Predicate = true> <Delay = 0.00>
ST_3 : Operation 77 [4/4] (1.68ns)   --->   "%f_x_msb_3_V = load i5 %f_x_msb_3_table_V_addr" [/home/rcslfpgaserver/Softwares/Xilinx/Vitis_HLS/2020.2/common/technology/autopilot/hls_exp_apfixed.h:369]   --->   Operation 77 'load' 'f_x_msb_3_V' <Predicate = true> <Delay = 1.68> <CoreInst = "ROM">   --->   Core 95 'ROM' <Latency = 3> <II = 1> <Delay = 1.68> <Storage> <Opcode : 'load'> <Ports = 0> <Width = 32> <Depth = 32> <ROM>
ST_3 : Operation 78 [2/4] (1.68ns)   --->   "%f_x_msb_2_V = load i8 %f_x_msb_2_table_V_addr" [/home/rcslfpgaserver/Softwares/Xilinx/Vitis_HLS/2020.2/common/technology/autopilot/hls_exp_apfixed.h:445]   --->   Operation 78 'load' 'f_x_msb_2_V' <Predicate = true> <Delay = 1.68> <CoreInst = "ROM">   --->   Core 95 'ROM' <Latency = 3> <II = 1> <Delay = 1.68> <Storage> <Opcode : 'load'> <Ports = 0> <Width = 46> <Depth = 256> <ROM>

State 4 <SV = 3> <Delay = 1.68>
ST_4 : Operation 79 [3/4] (1.68ns)   --->   "%f_x_msb_3_V = load i5 %f_x_msb_3_table_V_addr" [/home/rcslfpgaserver/Softwares/Xilinx/Vitis_HLS/2020.2/common/technology/autopilot/hls_exp_apfixed.h:369]   --->   Operation 79 'load' 'f_x_msb_3_V' <Predicate = true> <Delay = 1.68> <CoreInst = "ROM">   --->   Core 95 'ROM' <Latency = 3> <II = 1> <Delay = 1.68> <Storage> <Opcode : 'load'> <Ports = 0> <Width = 32> <Depth = 32> <ROM>
ST_4 : Operation 80 [1/4] (1.68ns)   --->   "%f_x_msb_2_V = load i8 %f_x_msb_2_table_V_addr" [/home/rcslfpgaserver/Softwares/Xilinx/Vitis_HLS/2020.2/common/technology/autopilot/hls_exp_apfixed.h:445]   --->   Operation 80 'load' 'f_x_msb_2_V' <Predicate = true> <Delay = 1.68> <CoreInst = "ROM">   --->   Core 95 'ROM' <Latency = 3> <II = 1> <Delay = 1.68> <Storage> <Opcode : 'load'> <Ports = 0> <Width = 46> <Depth = 256> <ROM>
ST_4 : Operation 81 [1/1] (0.00ns)   --->   "%p_Result_78 = partselect i5 @_ssdm_op_PartSelect.i5.i46.i32.i32, i46 %f_x_msb_2_V, i32 41, i32 45"   --->   Operation 81 'partselect' 'p_Result_78' <Predicate = true> <Delay = 0.00>
ST_4 : Operation 82 [1/1] (0.00ns)   --->   "%trunc_ln640_2 = trunc i46 %f_x_msb_2_V"   --->   Operation 82 'trunc' 'trunc_ln640_2' <Predicate = true> <Delay = 0.00>

State 5 <SV = 4> <Delay = 1.93>
ST_5 : Operation 83 [2/4] (1.68ns)   --->   "%f_x_msb_3_V = load i5 %f_x_msb_3_table_V_addr" [/home/rcslfpgaserver/Softwares/Xilinx/Vitis_HLS/2020.2/common/technology/autopilot/hls_exp_apfixed.h:369]   --->   Operation 83 'load' 'f_x_msb_3_V' <Predicate = true> <Delay = 1.68> <CoreInst = "ROM">   --->   Core 95 'ROM' <Latency = 3> <II = 1> <Delay = 1.68> <Storage> <Opcode : 'load'> <Ports = 0> <Width = 32> <Depth = 32> <ROM>
ST_5 : Operation 84 [1/1] (0.00ns)   --->   "%zext_ln703_1 = zext i5 %p_Result_78"   --->   Operation 84 'zext' 'zext_ln703_1' <Predicate = true> <Delay = 0.00>
ST_5 : Operation 85 [1/1] (0.00ns)   --->   "%zext_ln703_2 = zext i8 %tmp_78"   --->   Operation 85 'zext' 'zext_ln703_2' <Predicate = true> <Delay = 0.00>
ST_5 : Operation 86 [2/2] (1.93ns)   --->   "%ret_V_15 = add i9 %zext_ln703_2, i9 %zext_ln703_1"   --->   Operation 86 'add' 'ret_V_15' <Predicate = true> <Delay = 1.93> <CoreInst = "Adder">   --->   Core 1 'Adder' <Latency = 1> <II = 1> <Delay = 2.45> <FuncUnit> <Opcode : 'add' 'sub'> <InPorts = 2> <OutPorts = 1>

State 6 <SV = 5> <Delay = 1.93>
ST_6 : Operation 87 [1/4] (1.68ns)   --->   "%f_x_msb_3_V = load i5 %f_x_msb_3_table_V_addr" [/home/rcslfpgaserver/Softwares/Xilinx/Vitis_HLS/2020.2/common/technology/autopilot/hls_exp_apfixed.h:369]   --->   Operation 87 'load' 'f_x_msb_3_V' <Predicate = true> <Delay = 1.68> <CoreInst = "ROM">   --->   Core 95 'ROM' <Latency = 3> <II = 1> <Delay = 1.68> <Storage> <Opcode : 'load'> <Ports = 0> <Width = 32> <Depth = 32> <ROM>
ST_6 : Operation 88 [1/2] (1.93ns)   --->   "%ret_V_15 = add i9 %zext_ln703_2, i9 %zext_ln703_1"   --->   Operation 88 'add' 'ret_V_15' <Predicate = true> <Delay = 1.93> <CoreInst = "Adder">   --->   Core 1 'Adder' <Latency = 1> <II = 1> <Delay = 2.45> <FuncUnit> <Opcode : 'add' 'sub'> <InPorts = 2> <OutPorts = 1>

State 7 <SV = 6> <Delay = 1.93>
ST_7 : Operation 89 [1/1] (0.00ns)   --->   "%rhs_2 = bitconcatenate i47 @_ssdm_op_BitConcatenate.i47.i5.i7.i32.i3, i5 %tmp_79, i7 0, i32 %f_x_msb_3_V, i3 0"   --->   Operation 89 'bitconcatenate' 'rhs_2' <Predicate = true> <Delay = 0.00>
ST_7 : Operation 90 [1/1] (0.00ns)   --->   "%p_Result_79 = bitconcatenate i50 @_ssdm_op_BitConcatenate.i50.i9.i41, i9 %ret_V_15, i41 %trunc_ln640_2"   --->   Operation 90 'bitconcatenate' 'p_Result_79' <Predicate = true> <Delay = 0.00>
ST_7 : Operation 91 [1/1] (0.00ns)   --->   "%zext_ln1115 = zext i50 %p_Result_79"   --->   Operation 91 'zext' 'zext_ln1115' <Predicate = true> <Delay = 0.00>
ST_7 : Operation 92 [1/1] (0.00ns)   --->   "%zext_ln1118 = zext i47 %rhs_2"   --->   Operation 92 'zext' 'zext_ln1118' <Predicate = true> <Delay = 0.00>
ST_7 : Operation 93 [7/7] (1.93ns)   --->   "%r_V_26 = mul i97 %zext_ln1115, i97 %zext_ln1118"   --->   Operation 93 'mul' 'r_V_26' <Predicate = true> <Delay = 1.93> <CoreInst = "Mul_DSP">   --->   Core 5 'Mul_DSP' <Latency = 6> <II = 1> <Delay = 1.93> <FuncUnit> <Opcode : 'mul'> <InPorts = 2> <OutPorts = 1>

State 8 <SV = 7> <Delay = 1.93>
ST_8 : Operation 94 [6/7] (1.93ns)   --->   "%r_V_26 = mul i97 %zext_ln1115, i97 %zext_ln1118"   --->   Operation 94 'mul' 'r_V_26' <Predicate = true> <Delay = 1.93> <CoreInst = "Mul_DSP">   --->   Core 5 'Mul_DSP' <Latency = 6> <II = 1> <Delay = 1.93> <FuncUnit> <Opcode : 'mul'> <InPorts = 2> <OutPorts = 1>

State 9 <SV = 8> <Delay = 1.93>
ST_9 : Operation 95 [5/7] (1.93ns)   --->   "%r_V_26 = mul i97 %zext_ln1115, i97 %zext_ln1118"   --->   Operation 95 'mul' 'r_V_26' <Predicate = true> <Delay = 1.93> <CoreInst = "Mul_DSP">   --->   Core 5 'Mul_DSP' <Latency = 6> <II = 1> <Delay = 1.93> <FuncUnit> <Opcode : 'mul'> <InPorts = 2> <OutPorts = 1>

State 10 <SV = 9> <Delay = 1.93>
ST_10 : Operation 96 [4/7] (1.93ns)   --->   "%r_V_26 = mul i97 %zext_ln1115, i97 %zext_ln1118"   --->   Operation 96 'mul' 'r_V_26' <Predicate = true> <Delay = 1.93> <CoreInst = "Mul_DSP">   --->   Core 5 'Mul_DSP' <Latency = 6> <II = 1> <Delay = 1.93> <FuncUnit> <Opcode : 'mul'> <InPorts = 2> <OutPorts = 1>

State 11 <SV = 10> <Delay = 1.93>
ST_11 : Operation 97 [3/7] (1.93ns)   --->   "%r_V_26 = mul i97 %zext_ln1115, i97 %zext_ln1118"   --->   Operation 97 'mul' 'r_V_26' <Predicate = true> <Delay = 1.93> <CoreInst = "Mul_DSP">   --->   Core 5 'Mul_DSP' <Latency = 6> <II = 1> <Delay = 1.93> <FuncUnit> <Opcode : 'mul'> <InPorts = 2> <OutPorts = 1>

State 12 <SV = 11> <Delay = 1.93>
ST_12 : Operation 98 [2/7] (1.93ns)   --->   "%r_V_26 = mul i97 %zext_ln1115, i97 %zext_ln1118"   --->   Operation 98 'mul' 'r_V_26' <Predicate = true> <Delay = 1.93> <CoreInst = "Mul_DSP">   --->   Core 5 'Mul_DSP' <Latency = 6> <II = 1> <Delay = 1.93> <FuncUnit> <Opcode : 'mul'> <InPorts = 2> <OutPorts = 1>

State 13 <SV = 12> <Delay = 1.93>
ST_13 : Operation 99 [1/7] (1.93ns)   --->   "%r_V_26 = mul i97 %zext_ln1115, i97 %zext_ln1118"   --->   Operation 99 'mul' 'r_V_26' <Predicate = true> <Delay = 1.93> <CoreInst = "Mul_DSP">   --->   Core 5 'Mul_DSP' <Latency = 6> <II = 1> <Delay = 1.93> <FuncUnit> <Opcode : 'mul'> <InPorts = 2> <OutPorts = 1>
ST_13 : Operation 100 [1/1] (0.00ns)   --->   "%trunc_ln = partselect i45 @_ssdm_op_PartSelect.i45.i97.i32.i32, i97 %r_V_26, i32 52, i32 96"   --->   Operation 100 'partselect' 'trunc_ln' <Predicate = true> <Delay = 0.00>

State 14 <SV = 13> <Delay = 2.40>
ST_14 : Operation 101 [1/1] (0.00ns)   --->   "%p_Result_77 = bitconcatenate i8 @_ssdm_op_BitConcatenate.i8.i1.i7, i1 %tmp, i7 %p_Result_s"   --->   Operation 101 'bitconcatenate' 'p_Result_77' <Predicate = true> <Delay = 0.00>
ST_14 : Operation 102 [1/1] (0.00ns)   --->   "%zext_ln1192 = zext i45 %trunc_ln"   --->   Operation 102 'zext' 'zext_ln1192' <Predicate = true> <Delay = 0.00>
ST_14 : Operation 103 [1/1] (0.00ns)   --->   "%rhs_1 = bitconcatenate i56 @_ssdm_op_BitConcatenate.i56.i9.i41.i6, i9 %ret_V_15, i41 %trunc_ln640_2, i6 0"   --->   Operation 103 'bitconcatenate' 'rhs_1' <Predicate = true> <Delay = 0.00>
ST_14 : Operation 104 [2/2] (2.40ns)   --->   "%ret_V_16 = add i56 %rhs_1, i56 %zext_ln1192"   --->   Operation 104 'add' 'ret_V_16' <Predicate = true> <Delay = 2.40> <CoreInst = "Adder">   --->   Core 1 'Adder' <Latency = 1> <II = 1> <Delay = 2.45> <FuncUnit> <Opcode : 'add' 'sub'> <InPorts = 2> <OutPorts = 1>
ST_14 : Operation 105 [1/1] (0.00ns)   --->   "%zext_ln534_2 = zext i8 %p_Result_77"   --->   Operation 105 'zext' 'zext_ln534_2' <Predicate = true> <Delay = 0.00>
ST_14 : Operation 106 [1/1] (0.00ns)   --->   "%exp_x_msb_1_table_V_addr = getelementptr i50 %exp_x_msb_1_table_V, i64 0, i64 %zext_ln534_2" [/home/rcslfpgaserver/Softwares/Xilinx/Vitis_HLS/2020.2/common/technology/autopilot/hls_exp_apfixed.h:523]   --->   Operation 106 'getelementptr' 'exp_x_msb_1_table_V_addr' <Predicate = true> <Delay = 0.00>
ST_14 : Operation 107 [4/4] (1.68ns)   --->   "%exp_x_msb_1_V = load i8 %exp_x_msb_1_table_V_addr" [/home/rcslfpgaserver/Softwares/Xilinx/Vitis_HLS/2020.2/common/technology/autopilot/hls_exp_apfixed.h:523]   --->   Operation 107 'load' 'exp_x_msb_1_V' <Predicate = true> <Delay = 1.68> <CoreInst = "ROM">   --->   Core 95 'ROM' <Latency = 3> <II = 1> <Delay = 1.68> <Storage> <Opcode : 'load'> <Ports = 0> <Width = 50> <Depth = 256> <ROM>

State 15 <SV = 14> <Delay = 2.40>
ST_15 : Operation 108 [1/2] (2.40ns)   --->   "%ret_V_16 = add i56 %rhs_1, i56 %zext_ln1192"   --->   Operation 108 'add' 'ret_V_16' <Predicate = true> <Delay = 2.40> <CoreInst = "Adder">   --->   Core 1 'Adder' <Latency = 1> <II = 1> <Delay = 2.45> <FuncUnit> <Opcode : 'add' 'sub'> <InPorts = 2> <OutPorts = 1>
ST_15 : Operation 109 [3/4] (1.68ns)   --->   "%exp_x_msb_1_V = load i8 %exp_x_msb_1_table_V_addr" [/home/rcslfpgaserver/Softwares/Xilinx/Vitis_HLS/2020.2/common/technology/autopilot/hls_exp_apfixed.h:523]   --->   Operation 109 'load' 'exp_x_msb_1_V' <Predicate = true> <Delay = 1.68> <CoreInst = "ROM">   --->   Core 95 'ROM' <Latency = 3> <II = 1> <Delay = 1.68> <Storage> <Opcode : 'load'> <Ports = 0> <Width = 50> <Depth = 256> <ROM>

State 16 <SV = 15> <Delay = 2.40>
ST_16 : Operation 110 [1/1] (0.00ns)   --->   "%zext_ln1192_1 = zext i47 %rhs_2"   --->   Operation 110 'zext' 'zext_ln1192_1' <Predicate = true> <Delay = 0.00>
ST_16 : Operation 111 [2/2] (2.40ns)   --->   "%ret_V = add i56 %ret_V_16, i56 %zext_ln1192_1"   --->   Operation 111 'add' 'ret_V' <Predicate = true> <Delay = 2.40> <CoreInst = "Adder">   --->   Core 1 'Adder' <Latency = 1> <II = 1> <Delay = 2.45> <FuncUnit> <Opcode : 'add' 'sub'> <InPorts = 2> <OutPorts = 1>
ST_16 : Operation 112 [2/4] (1.68ns)   --->   "%exp_x_msb_1_V = load i8 %exp_x_msb_1_table_V_addr" [/home/rcslfpgaserver/Softwares/Xilinx/Vitis_HLS/2020.2/common/technology/autopilot/hls_exp_apfixed.h:523]   --->   Operation 112 'load' 'exp_x_msb_1_V' <Predicate = true> <Delay = 1.68> <CoreInst = "ROM">   --->   Core 95 'ROM' <Latency = 3> <II = 1> <Delay = 1.68> <Storage> <Opcode : 'load'> <Ports = 0> <Width = 50> <Depth = 256> <ROM>

State 17 <SV = 16> <Delay = 2.40>
ST_17 : Operation 113 [1/2] (2.40ns)   --->   "%ret_V = add i56 %ret_V_16, i56 %zext_ln1192_1"   --->   Operation 113 'add' 'ret_V' <Predicate = true> <Delay = 2.40> <CoreInst = "Adder">   --->   Core 1 'Adder' <Latency = 1> <II = 1> <Delay = 2.45> <FuncUnit> <Opcode : 'add' 'sub'> <InPorts = 2> <OutPorts = 1>
ST_17 : Operation 114 [1/1] (0.00ns)   --->   "%exp_x_msb_2_3_4_lsb_m_1_V = partselect i50 @_ssdm_op_PartSelect.i50.i56.i32.i32, i56 %ret_V, i32 6, i32 55"   --->   Operation 114 'partselect' 'exp_x_msb_2_3_4_lsb_m_1_V' <Predicate = true> <Delay = 0.00>
ST_17 : Operation 115 [1/4] (1.68ns)   --->   "%exp_x_msb_1_V = load i8 %exp_x_msb_1_table_V_addr" [/home/rcslfpgaserver/Softwares/Xilinx/Vitis_HLS/2020.2/common/technology/autopilot/hls_exp_apfixed.h:523]   --->   Operation 115 'load' 'exp_x_msb_1_V' <Predicate = true> <Delay = 1.68> <CoreInst = "ROM">   --->   Core 95 'ROM' <Latency = 3> <II = 1> <Delay = 1.68> <Storage> <Opcode : 'load'> <Ports = 0> <Width = 50> <Depth = 256> <ROM>

State 18 <SV = 17> <Delay = 1.93>
ST_18 : Operation 116 [1/1] (0.00ns)   --->   "%zext_ln1116 = zext i50 %exp_x_msb_1_V"   --->   Operation 116 'zext' 'zext_ln1116' <Predicate = true> <Delay = 0.00>
ST_18 : Operation 117 [1/1] (0.00ns)   --->   "%zext_ln1118_1 = zext i50 %exp_x_msb_2_3_4_lsb_m_1_V"   --->   Operation 117 'zext' 'zext_ln1118_1' <Predicate = true> <Delay = 0.00>
ST_18 : Operation 118 [7/7] (1.93ns)   --->   "%r_V = mul i100 %zext_ln1118_1, i100 %zext_ln1116"   --->   Operation 118 'mul' 'r_V' <Predicate = true> <Delay = 1.93> <CoreInst = "Mul_DSP">   --->   Core 5 'Mul_DSP' <Latency = 6> <II = 1> <Delay = 1.93> <FuncUnit> <Opcode : 'mul'> <InPorts = 2> <OutPorts = 1>

State 19 <SV = 18> <Delay = 1.93>
ST_19 : Operation 119 [6/7] (1.93ns)   --->   "%r_V = mul i100 %zext_ln1118_1, i100 %zext_ln1116"   --->   Operation 119 'mul' 'r_V' <Predicate = true> <Delay = 1.93> <CoreInst = "Mul_DSP">   --->   Core 5 'Mul_DSP' <Latency = 6> <II = 1> <Delay = 1.93> <FuncUnit> <Opcode : 'mul'> <InPorts = 2> <OutPorts = 1>

State 20 <SV = 19> <Delay = 1.93>
ST_20 : Operation 120 [5/7] (1.93ns)   --->   "%r_V = mul i100 %zext_ln1118_1, i100 %zext_ln1116"   --->   Operation 120 'mul' 'r_V' <Predicate = true> <Delay = 1.93> <CoreInst = "Mul_DSP">   --->   Core 5 'Mul_DSP' <Latency = 6> <II = 1> <Delay = 1.93> <FuncUnit> <Opcode : 'mul'> <InPorts = 2> <OutPorts = 1>

State 21 <SV = 20> <Delay = 1.93>
ST_21 : Operation 121 [4/7] (1.93ns)   --->   "%r_V = mul i100 %zext_ln1118_1, i100 %zext_ln1116"   --->   Operation 121 'mul' 'r_V' <Predicate = true> <Delay = 1.93> <CoreInst = "Mul_DSP">   --->   Core 5 'Mul_DSP' <Latency = 6> <II = 1> <Delay = 1.93> <FuncUnit> <Opcode : 'mul'> <InPorts = 2> <OutPorts = 1>

State 22 <SV = 21> <Delay = 1.93>
ST_22 : Operation 122 [3/7] (1.93ns)   --->   "%r_V = mul i100 %zext_ln1118_1, i100 %zext_ln1116"   --->   Operation 122 'mul' 'r_V' <Predicate = true> <Delay = 1.93> <CoreInst = "Mul_DSP">   --->   Core 5 'Mul_DSP' <Latency = 6> <II = 1> <Delay = 1.93> <FuncUnit> <Opcode : 'mul'> <InPorts = 2> <OutPorts = 1>

State 23 <SV = 22> <Delay = 1.93>
ST_23 : Operation 123 [2/7] (1.93ns)   --->   "%r_V = mul i100 %zext_ln1118_1, i100 %zext_ln1116"   --->   Operation 123 'mul' 'r_V' <Predicate = true> <Delay = 1.93> <CoreInst = "Mul_DSP">   --->   Core 5 'Mul_DSP' <Latency = 6> <II = 1> <Delay = 1.93> <FuncUnit> <Opcode : 'mul'> <InPorts = 2> <OutPorts = 1>

State 24 <SV = 23> <Delay = 1.93>
ST_24 : Operation 124 [1/7] (1.93ns)   --->   "%r_V = mul i100 %zext_ln1118_1, i100 %zext_ln1116"   --->   Operation 124 'mul' 'r_V' <Predicate = true> <Delay = 1.93> <CoreInst = "Mul_DSP">   --->   Core 5 'Mul_DSP' <Latency = 6> <II = 1> <Delay = 1.93> <FuncUnit> <Opcode : 'mul'> <InPorts = 2> <OutPorts = 1>
ST_24 : Operation 125 [1/1] (0.00ns)   --->   "%trunc_ln703_s = partselect i48 @_ssdm_op_PartSelect.i48.i100.i32.i32, i100 %r_V, i32 52, i32 99"   --->   Operation 125 'partselect' 'trunc_ln703_s' <Predicate = true> <Delay = 0.00>

State 25 <SV = 24> <Delay = 2.45>
ST_25 : Operation 126 [1/1] (0.00ns)   --->   "%zext_ln703 = zext i48 %trunc_ln703_s"   --->   Operation 126 'zext' 'zext_ln703' <Predicate = true> <Delay = 0.00>
ST_25 : Operation 127 [2/2] (2.45ns)   --->   "%y_l_V = add i50 %exp_x_msb_1_V, i50 %zext_ln703"   --->   Operation 127 'add' 'y_l_V' <Predicate = true> <Delay = 2.45> <CoreInst = "Adder">   --->   Core 1 'Adder' <Latency = 1> <II = 1> <Delay = 2.45> <FuncUnit> <Opcode : 'add' 'sub'> <InPorts = 2> <OutPorts = 1>

State 26 <SV = 25> <Delay = 2.45>
ST_26 : Operation 128 [1/2] (2.45ns)   --->   "%y_l_V = add i50 %exp_x_msb_1_V, i50 %zext_ln703"   --->   Operation 128 'add' 'y_l_V' <Predicate = true> <Delay = 2.45> <CoreInst = "Adder">   --->   Core 1 'Adder' <Latency = 1> <II = 1> <Delay = 2.45> <FuncUnit> <Opcode : 'add' 'sub'> <InPorts = 2> <OutPorts = 1>

State 27 <SV = 26> <Delay = 1.11>
ST_27 : Operation 129 [1/1] (0.00ns) (grouped into LUT with out node p_Val2_126)   --->   "%xor_ln640 = xor i1 %tmp, i1 1"   --->   Operation 129 'xor' 'xor_ln640' <Predicate = true> <Delay = 0.00> <CoreInst = "LogicGate">   --->   Core 74 'LogicGate' <Latency = 0> <II = 1> <Delay = 0.97> <FuncUnit> <Opcode : 'and' 'or' 'xor'> <InPorts = 2> <OutPorts = 1>
ST_27 : Operation 130 [1/1] (0.00ns) (grouped into LUT with out node p_Val2_126)   --->   "%select_ln640 = select i1 %xor_ln640, i46 70368744177663, i46 0"   --->   Operation 130 'select' 'select_ln640' <Predicate = true> <Delay = 0.00> <CoreInst = "Sel">   --->   Core 73 'Sel' <Latency = 0> <II = 1> <Delay = 0.69> <FuncUnit> <Opcode : 'select'> <InPorts = 3> <OutPorts = 1>
ST_27 : Operation 131 [1/1] (0.00ns) (grouped into LUT with out node p_Val2_126)   --->   "%y_V = partselect i46 @_ssdm_op_PartSelect.i46.i50.i32.i32, i50 %y_l_V, i32 4, i32 49"   --->   Operation 131 'partselect' 'y_V' <Predicate = true> <Delay = 0.00>
ST_27 : Operation 132 [1/1] (0.00ns) (grouped into LUT with out node p_Val2_126)   --->   "%or_ln300_4 = or i1 %or_ln300_3, i1 %or_ln300_1" [/home/rcslfpgaserver/Softwares/Xilinx/Vitis_HLS/2020.2/common/technology/autopilot/hls_exp_apfixed.h:300]   --->   Operation 132 'or' 'or_ln300_4' <Predicate = true> <Delay = 0.00> <CoreInst = "LogicGate">   --->   Core 74 'LogicGate' <Latency = 0> <II = 1> <Delay = 0.97> <FuncUnit> <Opcode : 'and' 'or' 'xor'> <InPorts = 2> <OutPorts = 1>
ST_27 : Operation 133 [1/1] (0.00ns) (grouped into LUT with out node p_Val2_126)   --->   "%or_ln300_9 = or i1 %or_ln300_8, i1 %or_ln300_6" [/home/rcslfpgaserver/Softwares/Xilinx/Vitis_HLS/2020.2/common/technology/autopilot/hls_exp_apfixed.h:300]   --->   Operation 133 'or' 'or_ln300_9' <Predicate = true> <Delay = 0.00> <CoreInst = "LogicGate">   --->   Core 74 'LogicGate' <Latency = 0> <II = 1> <Delay = 0.97> <FuncUnit> <Opcode : 'and' 'or' 'xor'> <InPorts = 2> <OutPorts = 1>
ST_27 : Operation 134 [1/1] (0.00ns) (grouped into LUT with out node p_Val2_126)   --->   "%or_ln300_10 = or i1 %or_ln300_9, i1 %or_ln300_4" [/home/rcslfpgaserver/Softwares/Xilinx/Vitis_HLS/2020.2/common/technology/autopilot/hls_exp_apfixed.h:300]   --->   Operation 134 'or' 'or_ln300_10' <Predicate = true> <Delay = 0.00> <CoreInst = "LogicGate">   --->   Core 74 'LogicGate' <Latency = 0> <II = 1> <Delay = 0.97> <FuncUnit> <Opcode : 'and' 'or' 'xor'> <InPorts = 2> <OutPorts = 1>
ST_27 : Operation 135 [1/1] (1.11ns) (out node of the LUT)   --->   "%p_Val2_126 = select i1 %or_ln300_10, i46 %select_ln640, i46 %y_V" [/home/rcslfpgaserver/Softwares/Xilinx/Vitis_HLS/2020.2/common/technology/autopilot/hls_exp_apfixed.h:300]   --->   Operation 135 'select' 'p_Val2_126' <Predicate = true> <Delay = 1.11> <CoreInst = "Sel">   --->   Core 73 'Sel' <Latency = 0> <II = 1> <Delay = 0.69> <FuncUnit> <Opcode : 'select'> <InPorts = 3> <OutPorts = 1>
ST_27 : Operation 136 [1/1] (0.00ns)   --->   "%tmp_74 = partselect i2 @_ssdm_op_PartSelect.i2.i46.i32.i32, i46 %p_Val2_126, i32 44, i32 45" [/home/rcslfpgaserver/Softwares/Xilinx/Vitis_HLS/2020.2/common/technology/autopilot/hls_exp_apfixed.h:533]   --->   Operation 136 'partselect' 'tmp_74' <Predicate = true> <Delay = 0.00>
ST_27 : Operation 137 [1/1] (0.00ns)   --->   "%tmp_77 = partselect i4 @_ssdm_op_PartSelect.i4.i46.i32.i32, i46 %p_Val2_126, i32 38, i32 41" [/home/rcslfpgaserver/Softwares/Xilinx/Vitis_HLS/2020.2/common/technology/autopilot/hls_exp_apfixed.h:533]   --->   Operation 137 'partselect' 'tmp_77' <Predicate = true> <Delay = 0.00>

State 28 <SV = 27> <Delay = 1.30>
ST_28 : Operation 138 [1/1] (0.95ns)   --->   "%overf_1 = icmp_ne  i2 %tmp_74, i2 0" [/home/rcslfpgaserver/Softwares/Xilinx/Vitis_HLS/2020.2/common/technology/autopilot/hls_exp_apfixed.h:533]   --->   Operation 138 'icmp' 'overf_1' <Predicate = true> <Delay = 0.95> <CoreInst = "Cmp">   --->   Core 9 'Cmp' <Latency = 0> <II = 1> <Delay = 1.30> <FuncUnit> <Opcode : 'icmp'> <InPorts = 2> <OutPorts = 1>
ST_28 : Operation 139 [1/1] (1.30ns)   --->   "%icmp_ln533 = icmp_ne  i4 %tmp_77, i4 0" [/home/rcslfpgaserver/Softwares/Xilinx/Vitis_HLS/2020.2/common/technology/autopilot/hls_exp_apfixed.h:533]   --->   Operation 139 'icmp' 'icmp_ln533' <Predicate = true> <Delay = 1.30> <CoreInst = "Cmp">   --->   Core 9 'Cmp' <Latency = 0> <II = 1> <Delay = 1.30> <FuncUnit> <Opcode : 'icmp'> <InPorts = 2> <OutPorts = 1>

State 29 <SV = 28> <Delay = 0.97>
ST_29 : Operation 140 [1/1] (0.00ns)   --->   "%specpipeline_ln39 = specpipeline void @_ssdm_op_SpecPipeline, i32 4294967295, i32 0, i32 0, i32 0, void @empty_1" [/home/rcslfpgaserver/Softwares/Xilinx/Vitis_HLS/2020.2/common/technology/autopilot/hls_exp_apfixed.h:39]   --->   Operation 140 'specpipeline' 'specpipeline_ln39' <Predicate = true> <Delay = 0.00>
ST_29 : Operation 141 [1/1] (0.00ns) (grouped into LUT with out node select_ln536)   --->   "%p_Result_s_98 = bitselect i1 @_ssdm_op_BitSelect.i1.i46.i32, i46 %p_Val2_126, i32 43"   --->   Operation 141 'bitselect' 'p_Result_s_98' <Predicate = true> <Delay = 0.00>
ST_29 : Operation 142 [1/1] (0.00ns) (grouped into LUT with out node select_ln536)   --->   "%p_Result_74 = bitselect i1 @_ssdm_op_BitSelect.i1.i46.i32, i46 %p_Val2_126, i32 42"   --->   Operation 142 'bitselect' 'p_Result_74' <Predicate = true> <Delay = 0.00>
ST_29 : Operation 143 [1/1] (0.00ns) (grouped into LUT with out node select_ln536)   --->   "%or_ln533 = or i1 %overf_1, i1 %p_Result_74" [/home/rcslfpgaserver/Softwares/Xilinx/Vitis_HLS/2020.2/common/technology/autopilot/hls_exp_apfixed.h:533]   --->   Operation 143 'or' 'or_ln533' <Predicate = true> <Delay = 0.00> <CoreInst = "LogicGate">   --->   Core 74 'LogicGate' <Latency = 0> <II = 1> <Delay = 0.97> <FuncUnit> <Opcode : 'and' 'or' 'xor'> <InPorts = 2> <OutPorts = 1>
ST_29 : Operation 144 [1/1] (0.00ns) (grouped into LUT with out node select_ln536)   --->   "%or_ln533_1 = or i1 %or_ln533, i1 %p_Result_s_98" [/home/rcslfpgaserver/Softwares/Xilinx/Vitis_HLS/2020.2/common/technology/autopilot/hls_exp_apfixed.h:533]   --->   Operation 144 'or' 'or_ln533_1' <Predicate = true> <Delay = 0.00> <CoreInst = "LogicGate">   --->   Core 74 'LogicGate' <Latency = 0> <II = 1> <Delay = 0.97> <FuncUnit> <Opcode : 'and' 'or' 'xor'> <InPorts = 2> <OutPorts = 1>
ST_29 : Operation 145 [1/1] (0.00ns) (grouped into LUT with out node select_ln536)   --->   "%overf_2 = or i1 %icmp_ln533, i1 %or_ln533_1" [/home/rcslfpgaserver/Softwares/Xilinx/Vitis_HLS/2020.2/common/technology/autopilot/hls_exp_apfixed.h:533]   --->   Operation 145 'or' 'overf_2' <Predicate = true> <Delay = 0.00> <CoreInst = "LogicGate">   --->   Core 74 'LogicGate' <Latency = 0> <II = 1> <Delay = 0.97> <FuncUnit> <Opcode : 'and' 'or' 'xor'> <InPorts = 2> <OutPorts = 1>
ST_29 : Operation 146 [1/1] (0.00ns) (grouped into LUT with out node select_ln536)   --->   "%tmp_s = partselect i32 @_ssdm_op_PartSelect.i32.i46.i32.i32, i46 %p_Val2_126, i32 7, i32 38"   --->   Operation 146 'partselect' 'tmp_s' <Predicate = true> <Delay = 0.00>
ST_29 : Operation 147 [1/1] (0.97ns) (out node of the LUT)   --->   "%select_ln536 = select i1 %overf_2, i32 2147483647, i32 %tmp_s" [/home/rcslfpgaserver/Softwares/Xilinx/Vitis_HLS/2020.2/common/technology/autopilot/hls_exp_apfixed.h:536]   --->   Operation 147 'select' 'select_ln536' <Predicate = true> <Delay = 0.97> <CoreInst = "Sel">   --->   Core 73 'Sel' <Latency = 0> <II = 1> <Delay = 0.69> <FuncUnit> <Opcode : 'select'> <InPorts = 3> <OutPorts = 1>
ST_29 : Operation 148 [1/1] (0.00ns)   --->   "%ret_ln953 = ret i32 %select_ln536" [/home/rcslfpgaserver/Softwares/Xilinx/Vitis_HLS/2020.2/common/technology/autopilot/hls_exp_apfixed.h:953]   --->   Operation 148 'ret' 'ret_ln953' <Predicate = true> <Delay = 0.00>


============================================================
+ Verbose Summary: Timing violations
============================================================
Target clock period: 2ns, clock uncertainty: 0.54ns.

 <State 1>: 2.45ns
The critical path consists of the following:
	wire read on port 'x' (/home/rcslfpgaserver/Softwares/Xilinx/Vitis_HLS/2020.2/common/technology/autopilot/hls_exp_apfixed.h:287) [9]  (0 ns)
	'icmp' operation ('icmp_ln1496') [37]  (2.45 ns)

 <State 2>: 1.68ns
The critical path consists of the following:
	'load' operation ('f_x_msb_2.V', /home/rcslfpgaserver/Softwares/Xilinx/Vitis_HLS/2020.2/common/technology/autopilot/hls_exp_apfixed.h:445) on array 'f_x_msb_2_table_V' [51]  (1.68 ns)

 <State 3>: 1.68ns
The critical path consists of the following:
	'getelementptr' operation ('f_x_msb_3_table_V_addr', /home/rcslfpgaserver/Softwares/Xilinx/Vitis_HLS/2020.2/common/technology/autopilot/hls_exp_apfixed.h:369) [46]  (0 ns)
	'load' operation ('f_x_msb_3.V', /home/rcslfpgaserver/Softwares/Xilinx/Vitis_HLS/2020.2/common/technology/autopilot/hls_exp_apfixed.h:369) on array 'f_x_msb_3_table_V' [47]  (1.68 ns)

 <State 4>: 1.68ns
The critical path consists of the following:
	'load' operation ('f_x_msb_3.V', /home/rcslfpgaserver/Softwares/Xilinx/Vitis_HLS/2020.2/common/technology/autopilot/hls_exp_apfixed.h:369) on array 'f_x_msb_3_table_V' [47]  (1.68 ns)

 <State 5>: 1.94ns
The critical path consists of the following:
	'add' operation ('ret.V') [55]  (1.94 ns)

 <State 6>: 1.94ns
The critical path consists of the following:
	'add' operation ('ret.V') [55]  (1.94 ns)

 <State 7>: 1.94ns
The critical path consists of the following:
	'mul' operation ('r.V') [60]  (1.94 ns)

 <State 8>: 1.94ns
The critical path consists of the following:
	'mul' operation ('r.V') [60]  (1.94 ns)

 <State 9>: 1.94ns
The critical path consists of the following:
	'mul' operation ('r.V') [60]  (1.94 ns)

 <State 10>: 1.94ns
The critical path consists of the following:
	'mul' operation ('r.V') [60]  (1.94 ns)

 <State 11>: 1.94ns
The critical path consists of the following:
	'mul' operation ('r.V') [60]  (1.94 ns)

 <State 12>: 1.94ns
The critical path consists of the following:
	'mul' operation ('r.V') [60]  (1.94 ns)

 <State 13>: 1.94ns
The critical path consists of the following:
	'mul' operation ('r.V') [60]  (1.94 ns)

 <State 14>: 2.41ns
The critical path consists of the following:
	'add' operation ('ret.V') [64]  (2.41 ns)

 <State 15>: 2.41ns
The critical path consists of the following:
	'add' operation ('ret.V') [64]  (2.41 ns)

 <State 16>: 2.41ns
The critical path consists of the following:
	'add' operation ('ret.V') [66]  (2.41 ns)

 <State 17>: 2.41ns
The critical path consists of the following:
	'add' operation ('ret.V') [66]  (2.41 ns)

 <State 18>: 1.94ns
The critical path consists of the following:
	'mul' operation ('r.V') [73]  (1.94 ns)

 <State 19>: 1.94ns
The critical path consists of the following:
	'mul' operation ('r.V') [73]  (1.94 ns)

 <State 20>: 1.94ns
The critical path consists of the following:
	'mul' operation ('r.V') [73]  (1.94 ns)

 <State 21>: 1.94ns
The critical path consists of the following:
	'mul' operation ('r.V') [73]  (1.94 ns)

 <State 22>: 1.94ns
The critical path consists of the following:
	'mul' operation ('r.V') [73]  (1.94 ns)

 <State 23>: 1.94ns
The critical path consists of the following:
	'mul' operation ('r.V') [73]  (1.94 ns)

 <State 24>: 1.94ns
The critical path consists of the following:
	'mul' operation ('r.V') [73]  (1.94 ns)

 <State 25>: 2.45ns
The critical path consists of the following:
	'add' operation ('y_l.V') [76]  (2.45 ns)

 <State 26>: 2.45ns
The critical path consists of the following:
	'add' operation ('y_l.V') [76]  (2.45 ns)

 <State 27>: 1.11ns
The critical path consists of the following:
	'xor' operation ('xor_ln640') [39]  (0 ns)
	'select' operation ('select_ln640') [40]  (0 ns)
	'select' operation ('__Val2__', /home/rcslfpgaserver/Softwares/Xilinx/Vitis_HLS/2020.2/common/technology/autopilot/hls_exp_apfixed.h:300) [89]  (1.11 ns)

 <State 28>: 1.3ns
The critical path consists of the following:
	'icmp' operation ('icmp_ln533', /home/rcslfpgaserver/Softwares/Xilinx/Vitis_HLS/2020.2/common/technology/autopilot/hls_exp_apfixed.h:533) [97]  (1.3 ns)

 <State 29>: 0.978ns
The critical path consists of the following:
	'or' operation ('or_ln533_1', /home/rcslfpgaserver/Softwares/Xilinx/Vitis_HLS/2020.2/common/technology/autopilot/hls_exp_apfixed.h:533) [95]  (0 ns)
	'or' operation ('overf', /home/rcslfpgaserver/Softwares/Xilinx/Vitis_HLS/2020.2/common/technology/autopilot/hls_exp_apfixed.h:533) [98]  (0 ns)
	'select' operation ('select_ln536', /home/rcslfpgaserver/Softwares/Xilinx/Vitis_HLS/2020.2/common/technology/autopilot/hls_exp_apfixed.h:536) [100]  (0.978 ns)


============================================================
+ Verbose Summary: Binding
============================================================
N/A
* FSMD analyzer results:
  - Output states:
 - Input state : 
  - Chain level:
	State 1
	State 2
	State 3
	State 4
	State 5
	State 6
	State 7
	State 8
	State 9
	State 10
	State 11
	State 12
	State 13
	State 14
	State 15
	State 16
	State 17
	State 18
	State 19
	State 20
	State 21
	State 22
	State 23
	State 24
	State 25
	State 26
	State 27
	State 28
	State 29


============================================================
+ Verbose Summary: Datapath Resource usage 
============================================================
N/A
