

================================================================
== Vitis HLS Report for 'RELU'
================================================================
* Date:           Sun Jul 20 20:01:28 2025

* Version:        2020.2 (Build 3064766 on Wed Nov 18 09:12:47 MST 2020)
* Project:        aes
* Solution:       solution1 (Vivado IP Flow Target)
* Product family: zynq
* Target device:  xc7z020-clg484-1


================================================================
== Performance Estimates
================================================================
+ Timing: 
    * Summary: 
    +--------+---------+----------+------------+
    |  Clock |  Target | Estimated| Uncertainty|
    +--------+---------+----------+------------+
    |ap_clk  |  2.00 ns|  4.395 ns|     0.54 ns|
    +--------+---------+----------+------------+

+ Latency: 
    * Summary: 
    +---------+---------+----------+----------+-----+-----+---------+
    |  Latency (cycles) |  Latency (absolute) |  Interval | Pipeline|
    |   min   |   max   |    min   |    max   | min | max |   Type  |
    +---------+---------+----------+----------+-----+-----+---------+
    |      237|      237|  1.041 us|  1.041 us|  237|  237|     none|
    +---------+---------+----------+----------+-----+-----+---------+

    + Detail: 
        * Instance: 
        N/A

        * Loop: 
        +--------------------+---------+---------+----------+-----------+-----------+------+----------+
        |                    |  Latency (cycles) | Iteration|  Initiation Interval  | Trip |          |
        |      Loop Name     |   min   |   max   |  Latency |  achieved |   target  | Count| Pipelined|
        +--------------------+---------+---------+----------+-----------+-----------+------+----------+
        |- VITIS_LOOP_191_1  |      235|      235|        79|         78|          1|     3|       yes|
        +--------------------+---------+---------+----------+-----------+-----------+------+----------+

============================================================
+ Verbose Summary: Synthesis Manager
============================================================
InlineROM: 1
ExposeGlobal: 0
============================================================
+ Verbose Summary: CDFG Model
============================================================
IsTopModel: 0
ResetActiveHigh: 1
IsCombinational: 0
IsDatapathOnly: 0
HasWiredReturn: 1
HasMFsm: 0
HasVarLatency: 1
IsPipeline: 0
IsRtlPipelined: 0
IsInstanceOverlapped: 0
IsDontTouch: 0
HasImplIP: 0
IsGatedGlobalClock: 0

+ Individual pipeline summary: 
  * Pipeline-0: initiation interval (II) = 78, depth = 79


============================================================
+ Verbose Summary: Schedule
============================================================
* Number of FSM states : 81
* Pipeline : 1
  Pipeline-0 : II = 78, D = 79, States = { 2 3 4 5 6 7 8 9 10 11 12 13 14 15 16 17 18 19 20 21 22 23 24 25 26 27 28 29 30 31 32 33 34 35 36 37 38 39 40 41 42 43 44 45 46 47 48 49 50 51 52 53 54 55 56 57 58 59 60 61 62 63 64 65 66 67 68 69 70 71 72 73 74 75 76 77 78 79 80 }
* Dataflow Pipeline: 0

* FSM state transitions: 
1 --> 2 
2 --> 3 
3 --> 81 4 
4 --> 5 
5 --> 6 
6 --> 7 
7 --> 8 
8 --> 9 
9 --> 10 
10 --> 11 
11 --> 12 
12 --> 13 
13 --> 14 
14 --> 15 
15 --> 16 
16 --> 17 
17 --> 18 
18 --> 19 
19 --> 20 
20 --> 21 
21 --> 22 
22 --> 23 
23 --> 24 
24 --> 25 
25 --> 26 
26 --> 27 
27 --> 28 
28 --> 29 
29 --> 30 
30 --> 31 
31 --> 32 
32 --> 33 
33 --> 34 
34 --> 35 
35 --> 36 
36 --> 37 
37 --> 38 
38 --> 39 
39 --> 40 
40 --> 41 
41 --> 42 
42 --> 43 
43 --> 44 
44 --> 45 
45 --> 46 
46 --> 47 
47 --> 48 
48 --> 49 
49 --> 50 
50 --> 51 
51 --> 52 
52 --> 53 
53 --> 54 
54 --> 55 
55 --> 56 
56 --> 57 
57 --> 58 
58 --> 59 
59 --> 60 
60 --> 61 
61 --> 62 
62 --> 63 
63 --> 64 
64 --> 65 
65 --> 66 
66 --> 67 
67 --> 68 
68 --> 69 
69 --> 70 
70 --> 71 
71 --> 72 
72 --> 73 
73 --> 74 
74 --> 75 
75 --> 76 
76 --> 77 
77 --> 78 
78 --> 79 
79 --> 80 
80 --> 2 
81 --> 

* FSM state operations: 

State 1 <SV = 0> <Delay = 1.58>
ST_1 : Operation 82 [1/1] (0.00ns)   --->   "%dactivations4_01 = alloca i32 1"   --->   Operation 82 'alloca' 'dactivations4_01' <Predicate = true> <Delay = 0.00>
ST_1 : Operation 83 [1/1] (0.00ns)   --->   "%write_flag_0 = alloca i32 1"   --->   Operation 83 'alloca' 'write_flag_0' <Predicate = true> <Delay = 0.00>
ST_1 : Operation 84 [1/1] (0.00ns)   --->   "%write_flag6_0 = alloca i32 1"   --->   Operation 84 'alloca' 'write_flag6_0' <Predicate = true> <Delay = 0.00>
ST_1 : Operation 85 [1/1] (0.00ns)   --->   "%dactivations3_02 = alloca i32 1"   --->   Operation 85 'alloca' 'dactivations3_02' <Predicate = true> <Delay = 0.00>
ST_1 : Operation 86 [1/1] (0.00ns)   --->   "%dactivations_03 = alloca i32 1"   --->   Operation 86 'alloca' 'dactivations_03' <Predicate = true> <Delay = 0.00>
ST_1 : Operation 87 [1/1] (0.00ns)   --->   "%write_flag3_0 = alloca i32 1"   --->   Operation 87 'alloca' 'write_flag3_0' <Predicate = true> <Delay = 0.00>
ST_1 : Operation 88 [1/1] (0.00ns)   --->   "%p_read_4 = read i32 @_ssdm_op_Read.ap_auto.i32, i32 %p_read25" [backprop.cpp:189]   --->   Operation 88 'read' 'p_read_4' <Predicate = true> <Delay = 0.00>
ST_1 : Operation 89 [1/1] (0.00ns)   --->   "%p_read_5 = read i32 @_ssdm_op_Read.ap_auto.i32, i32 %p_read14" [backprop.cpp:189]   --->   Operation 89 'read' 'p_read_5' <Predicate = true> <Delay = 0.00>
ST_1 : Operation 90 [1/1] (0.00ns)   --->   "%p_read_6 = read i32 @_ssdm_op_Read.ap_auto.i32, i32 %p_read3" [backprop.cpp:189]   --->   Operation 90 'read' 'p_read_6' <Predicate = true> <Delay = 0.00>
ST_1 : Operation 91 [1/1] (0.00ns)   --->   "%p_read26 = read i32 @_ssdm_op_Read.ap_auto.i32, i32 %p_read2" [backprop.cpp:189]   --->   Operation 91 'read' 'p_read26' <Predicate = true> <Delay = 0.00>
ST_1 : Operation 92 [1/1] (0.00ns)   --->   "%p_read15 = read i32 @_ssdm_op_Read.ap_auto.i32, i32 %p_read1" [backprop.cpp:189]   --->   Operation 92 'read' 'p_read15' <Predicate = true> <Delay = 0.00>
ST_1 : Operation 93 [1/1] (0.00ns)   --->   "%p_read_7 = read i32 @_ssdm_op_Read.ap_auto.i32, i32 %p_read" [backprop.cpp:189]   --->   Operation 93 'read' 'p_read_7' <Predicate = true> <Delay = 0.00>
ST_1 : Operation 94 [1/1] (1.58ns)   --->   "%store_ln191 = store i1 0, i1 %write_flag3_0" [backprop.cpp:191]   --->   Operation 94 'store' 'store_ln191' <Predicate = true> <Delay = 1.58>
ST_1 : Operation 95 [1/1] (1.58ns)   --->   "%store_ln191 = store i1 0, i1 %write_flag6_0" [backprop.cpp:191]   --->   Operation 95 'store' 'store_ln191' <Predicate = true> <Delay = 1.58>
ST_1 : Operation 96 [1/1] (1.58ns)   --->   "%store_ln191 = store i1 0, i1 %write_flag_0" [backprop.cpp:191]   --->   Operation 96 'store' 'store_ln191' <Predicate = true> <Delay = 1.58>
ST_1 : Operation 97 [1/1] (1.46ns)   --->   "%br_ln191 = br void %_ZN13ap_fixed_baseILi33ELi17ELb1EL9ap_q_mode5EL9ap_o_mode3ELi0EEC2ILi32ELi16ELb1ELS0_5ELS1_3ELi0EEERKS_IXT_EXT0_EXT1_EXT2_EXT3_EXT4_EE.exit.i" [backprop.cpp:191]   --->   Operation 97 'br' 'br_ln191' <Predicate = true> <Delay = 1.46>

State 2 <SV = 1> <Delay = 1.86>
ST_2 : Operation 98 [1/1] (0.00ns)   --->   "%activations_0 = phi i32 %p_read_7, void %.lr.ph, i32 %activations_1, void %_ZN13ap_fixed_baseILi33ELi17ELb1EL9ap_q_mode5EL9ap_o_mode3ELi0EEC2ILi32ELi16ELb1ELS0_5ELS1_3ELi0EEERKS_IXT_EXT0_EXT1_EXT2_EXT3_EXT4_EE.exit.i.split12" [backprop.cpp:189]   --->   Operation 98 'phi' 'activations_0' <Predicate = true> <Delay = 0.00>
ST_2 : Operation 99 [1/1] (0.00ns)   --->   "%activations12_0 = phi i32 %p_read15, void %.lr.ph, i32 %activations12_1, void %_ZN13ap_fixed_baseILi33ELi17ELb1EL9ap_q_mode5EL9ap_o_mode3ELi0EEC2ILi32ELi16ELb1ELS0_5ELS1_3ELi0EEERKS_IXT_EXT0_EXT1_EXT2_EXT3_EXT4_EE.exit.i.split12" [backprop.cpp:189]   --->   Operation 99 'phi' 'activations12_0' <Predicate = true> <Delay = 0.00>
ST_2 : Operation 100 [1/1] (0.00ns)   --->   "%activations2_0 = phi i32 %p_read26, void %.lr.ph, i32 %activations2_1, void %_ZN13ap_fixed_baseILi33ELi17ELb1EL9ap_q_mode5EL9ap_o_mode3ELi0EEC2ILi32ELi16ELb1ELS0_5ELS1_3ELi0EEERKS_IXT_EXT0_EXT1_EXT2_EXT3_EXT4_EE.exit.i.split12" [backprop.cpp:189]   --->   Operation 100 'phi' 'activations2_0' <Predicate = true> <Delay = 0.00>
ST_2 : Operation 101 [1/1] (0.00ns)   --->   "%i = phi i2 0, void %.lr.ph, i2 %add_ln191, void %_ZN13ap_fixed_baseILi33ELi17ELb1EL9ap_q_mode5EL9ap_o_mode3ELi0EEC2ILi32ELi16ELb1ELS0_5ELS1_3ELi0EEERKS_IXT_EXT0_EXT1_EXT2_EXT3_EXT4_EE.exit.i.split12"   --->   Operation 101 'phi' 'i' <Predicate = true> <Delay = 0.00>
ST_2 : Operation 102 [2/2] (1.86ns)   --->   "%add_ln191 = add i2 %i, i2 1" [backprop.cpp:191]   --->   Operation 102 'add' 'add_ln191' <Predicate = true> <Delay = 1.86> <CoreInst = "Adder">   --->   Core 1 'Adder' <Latency = 1> <II = 1> <Delay = 2.23> <FuncUnit> <Opcode : 'add' 'sub'> <InPorts = 2> <OutPorts = 1>
ST_2 : Operation 103 [1/1] (0.95ns)   --->   "%icmp_ln191 = icmp_eq  i2 %i, i2 3" [backprop.cpp:191]   --->   Operation 103 'icmp' 'icmp_ln191' <Predicate = true> <Delay = 0.95> <CoreInst = "Cmp">   --->   Core 9 'Cmp' <Latency = 0> <II = 1> <Delay = 0.95> <FuncUnit> <Opcode : 'icmp'> <InPorts = 2> <OutPorts = 1>
ST_2 : Operation 104 [1/1] (0.00ns)   --->   "%br_ln191 = br i1 %icmp_ln191, void %_ZN13ap_fixed_baseILi33ELi17ELb1EL9ap_q_mode5EL9ap_o_mode3ELi0EEC2ILi32ELi16ELb1ELS0_5ELS1_3ELi0EEERKS_IXT_EXT0_EXT1_EXT2_EXT3_EXT4_EE.exit.i.split, void %._crit_edge.loopexit" [backprop.cpp:191]   --->   Operation 104 'br' 'br_ln191' <Predicate = true> <Delay = 0.00>
ST_2 : Operation 105 [4/4] (1.58ns)   --->   "%rhs_10 = mux i32 @_ssdm_op_Mux.ap_auto.3i32.i2, i32 %activations_0, i32 %activations12_0, i32 %activations2_0, i2 %i"   --->   Operation 105 'mux' 'rhs_10' <Predicate = (!icmp_ln191)> <Delay = 1.58> <CoreInst = "Multiplexer">   --->   Core 76 'Multiplexer' <Latency = 3> <II = 1> <Delay = 1.58> <FuncUnit> <Opcode : 'mux'> <InPorts = 2> <OutPorts = 1>
ST_2 : Operation 106 [1/1] (1.13ns)   --->   "%switch_ln192 = switch i2 %i, void %branch5, i2 0, void %_ZN13ap_fixed_baseILi33ELi17ELb1EL9ap_q_mode5EL9ap_o_mode3ELi0EEC2ILi32ELi16ELb1ELS0_5ELS1_3ELi0EEERKS_IXT_EXT0_EXT1_EXT2_EXT3_EXT4_EE.exit.i.split._ZN13ap_fixed_baseILi33ELi17ELb1EL9ap_q_mode5EL9ap_o_mode3ELi0EEC2ILi32ELi16ELb1ELS0_5ELS1_3ELi0EEERKS_IXT_EXT0_EXT1_EXT2_EXT3_EXT4_EE.exit.i.split12_crit_edge, i2 1, void %branch4" [backprop.cpp:192]   --->   Operation 106 'switch' 'switch_ln192' <Predicate = (!icmp_ln191)> <Delay = 1.13>

State 3 <SV = 2> <Delay = 1.86>
ST_3 : Operation 107 [1/2] (1.86ns)   --->   "%add_ln191 = add i2 %i, i2 1" [backprop.cpp:191]   --->   Operation 107 'add' 'add_ln191' <Predicate = true> <Delay = 1.86> <CoreInst = "Adder">   --->   Core 1 'Adder' <Latency = 1> <II = 1> <Delay = 2.23> <FuncUnit> <Opcode : 'add' 'sub'> <InPorts = 2> <OutPorts = 1>
ST_3 : Operation 108 [1/1] (0.00ns)   --->   "%specpipeline_ln0 = specpipeline void @_ssdm_op_SpecPipeline, i32 4294967295, i32 0, i32 1, i32 0, void @p_str"   --->   Operation 108 'specpipeline' 'specpipeline_ln0' <Predicate = true> <Delay = 0.00>
ST_3 : Operation 109 [1/1] (0.00ns)   --->   "%empty = speclooptripcount i32 @_ssdm_op_SpecLoopTripCount, i64 3, i64 3, i64 3"   --->   Operation 109 'speclooptripcount' 'empty' <Predicate = true> <Delay = 0.00>
ST_3 : Operation 110 [3/4] (1.58ns)   --->   "%rhs_10 = mux i32 @_ssdm_op_Mux.ap_auto.3i32.i2, i32 %activations_0, i32 %activations12_0, i32 %activations2_0, i2 %i"   --->   Operation 110 'mux' 'rhs_10' <Predicate = (!icmp_ln191)> <Delay = 1.58> <CoreInst = "Multiplexer">   --->   Core 76 'Multiplexer' <Latency = 3> <II = 1> <Delay = 1.58> <FuncUnit> <Opcode : 'mux'> <InPorts = 2> <OutPorts = 1>

State 4 <SV = 3> <Delay = 1.58>
ST_4 : Operation 111 [2/4] (1.58ns)   --->   "%rhs_10 = mux i32 @_ssdm_op_Mux.ap_auto.3i32.i2, i32 %activations_0, i32 %activations12_0, i32 %activations2_0, i2 %i"   --->   Operation 111 'mux' 'rhs_10' <Predicate = (!icmp_ln191)> <Delay = 1.58> <CoreInst = "Multiplexer">   --->   Core 76 'Multiplexer' <Latency = 3> <II = 1> <Delay = 1.58> <FuncUnit> <Opcode : 'mux'> <InPorts = 2> <OutPorts = 1>

State 5 <SV = 4> <Delay = 1.58>
ST_5 : Operation 112 [1/4] (1.58ns)   --->   "%rhs_10 = mux i32 @_ssdm_op_Mux.ap_auto.3i32.i2, i32 %activations_0, i32 %activations12_0, i32 %activations2_0, i2 %i"   --->   Operation 112 'mux' 'rhs_10' <Predicate = (!icmp_ln191)> <Delay = 1.58> <CoreInst = "Multiplexer">   --->   Core 76 'Multiplexer' <Latency = 3> <II = 1> <Delay = 1.58> <FuncUnit> <Opcode : 'mux'> <InPorts = 2> <OutPorts = 1>

State 6 <SV = 5> <Delay = 2.23>
ST_6 : Operation 113 [1/1] (0.00ns)   --->   "%sext_ln703 = sext i32 %rhs_10"   --->   Operation 113 'sext' 'sext_ln703' <Predicate = (!icmp_ln191)> <Delay = 0.00>
ST_6 : Operation 114 [2/2] (2.23ns)   --->   "%ret_V = sub i33 65536, i33 %sext_ln703"   --->   Operation 114 'sub' 'ret_V' <Predicate = (!icmp_ln191)> <Delay = 2.23> <CoreInst = "Adder">   --->   Core 1 'Adder' <Latency = 1> <II = 1> <Delay = 2.23> <FuncUnit> <Opcode : 'add' 'sub'> <InPorts = 2> <OutPorts = 1>
ST_6 : Operation 115 [2/2] (2.23ns)   --->   "%x_V = sub i32 0, i32 %rhs_10"   --->   Operation 115 'sub' 'x_V' <Predicate = (!icmp_ln191)> <Delay = 2.23> <CoreInst = "Adder">   --->   Core 1 'Adder' <Latency = 1> <II = 1> <Delay = 2.23> <FuncUnit> <Opcode : 'add' 'sub'> <InPorts = 2> <OutPorts = 1>

State 7 <SV = 6> <Delay = 2.23>
ST_7 : Operation 116 [1/2] (2.23ns)   --->   "%ret_V = sub i33 65536, i33 %sext_ln703"   --->   Operation 116 'sub' 'ret_V' <Predicate = (!icmp_ln191)> <Delay = 2.23> <CoreInst = "Adder">   --->   Core 1 'Adder' <Latency = 1> <II = 1> <Delay = 2.23> <FuncUnit> <Opcode : 'add' 'sub'> <InPorts = 2> <OutPorts = 1>
ST_7 : Operation 117 [1/2] (2.23ns)   --->   "%x_V = sub i32 0, i32 %rhs_10"   --->   Operation 117 'sub' 'x_V' <Predicate = (!icmp_ln191)> <Delay = 2.23> <CoreInst = "Adder">   --->   Core 1 'Adder' <Latency = 1> <II = 1> <Delay = 2.23> <FuncUnit> <Opcode : 'add' 'sub'> <InPorts = 2> <OutPorts = 1>

State 8 <SV = 7> <Delay = 1.93>
ST_8 : Operation 118 [1/1] (0.00ns)   --->   "%sext_ln1115 = sext i32 %rhs_10"   --->   Operation 118 'sext' 'sext_ln1115' <Predicate = (!icmp_ln191)> <Delay = 0.00>
ST_8 : Operation 119 [1/1] (0.00ns)   --->   "%sext_ln1118 = sext i33 %ret_V"   --->   Operation 119 'sext' 'sext_ln1118' <Predicate = (!icmp_ln191)> <Delay = 0.00>
ST_8 : Operation 120 [7/7] (1.93ns)   --->   "%r_V_38 = mul i48 %sext_ln1118, i48 %sext_ln1115"   --->   Operation 120 'mul' 'r_V_38' <Predicate = (!icmp_ln191)> <Delay = 1.93> <CoreInst = "Mul_DSP">   --->   Core 5 'Mul_DSP' <Latency = 6> <II = 1> <Delay = 1.93> <FuncUnit> <Opcode : 'mul'> <InPorts = 2> <OutPorts = 1>
ST_8 : Operation 121 [29/29] (1.46ns)   --->   "%rhs = call i32 @exp<32, 16>, i32 %x_V, i32 %f_x_msb_3_table_V, i46 %f_x_msb_2_table_V, i50 %exp_x_msb_1_table_V" [/home/rcslfpgaserver/Softwares/Xilinx/Vitis_HLS/2020.2/common/technology/autopilot/hls_math.h:1190]   --->   Operation 121 'call' 'rhs' <Predicate = (!icmp_ln191)> <Delay = 1.46> <CoreType = "Generic">   --->   Core 0 '' <Latency = 0> <II = 1> <Delay = 1.00> <Generic> <Opcode : >

State 9 <SV = 8> <Delay = 1.93>
ST_9 : Operation 122 [6/7] (1.93ns)   --->   "%r_V_38 = mul i48 %sext_ln1118, i48 %sext_ln1115"   --->   Operation 122 'mul' 'r_V_38' <Predicate = (!icmp_ln191)> <Delay = 1.93> <CoreInst = "Mul_DSP">   --->   Core 5 'Mul_DSP' <Latency = 6> <II = 1> <Delay = 1.93> <FuncUnit> <Opcode : 'mul'> <InPorts = 2> <OutPorts = 1>
ST_9 : Operation 123 [28/29] (1.46ns)   --->   "%rhs = call i32 @exp<32, 16>, i32 %x_V, i32 %f_x_msb_3_table_V, i46 %f_x_msb_2_table_V, i50 %exp_x_msb_1_table_V" [/home/rcslfpgaserver/Softwares/Xilinx/Vitis_HLS/2020.2/common/technology/autopilot/hls_math.h:1190]   --->   Operation 123 'call' 'rhs' <Predicate = (!icmp_ln191)> <Delay = 1.46> <CoreType = "Generic">   --->   Core 0 '' <Latency = 0> <II = 1> <Delay = 1.00> <Generic> <Opcode : >

State 10 <SV = 9> <Delay = 1.93>
ST_10 : Operation 124 [5/7] (1.93ns)   --->   "%r_V_38 = mul i48 %sext_ln1118, i48 %sext_ln1115"   --->   Operation 124 'mul' 'r_V_38' <Predicate = (!icmp_ln191)> <Delay = 1.93> <CoreInst = "Mul_DSP">   --->   Core 5 'Mul_DSP' <Latency = 6> <II = 1> <Delay = 1.93> <FuncUnit> <Opcode : 'mul'> <InPorts = 2> <OutPorts = 1>
ST_10 : Operation 125 [27/29] (1.46ns)   --->   "%rhs = call i32 @exp<32, 16>, i32 %x_V, i32 %f_x_msb_3_table_V, i46 %f_x_msb_2_table_V, i50 %exp_x_msb_1_table_V" [/home/rcslfpgaserver/Softwares/Xilinx/Vitis_HLS/2020.2/common/technology/autopilot/hls_math.h:1190]   --->   Operation 125 'call' 'rhs' <Predicate = (!icmp_ln191)> <Delay = 1.46> <CoreType = "Generic">   --->   Core 0 '' <Latency = 0> <II = 1> <Delay = 1.00> <Generic> <Opcode : >

State 11 <SV = 10> <Delay = 1.93>
ST_11 : Operation 126 [4/7] (1.93ns)   --->   "%r_V_38 = mul i48 %sext_ln1118, i48 %sext_ln1115"   --->   Operation 126 'mul' 'r_V_38' <Predicate = (!icmp_ln191)> <Delay = 1.93> <CoreInst = "Mul_DSP">   --->   Core 5 'Mul_DSP' <Latency = 6> <II = 1> <Delay = 1.93> <FuncUnit> <Opcode : 'mul'> <InPorts = 2> <OutPorts = 1>
ST_11 : Operation 127 [26/29] (1.46ns)   --->   "%rhs = call i32 @exp<32, 16>, i32 %x_V, i32 %f_x_msb_3_table_V, i46 %f_x_msb_2_table_V, i50 %exp_x_msb_1_table_V" [/home/rcslfpgaserver/Softwares/Xilinx/Vitis_HLS/2020.2/common/technology/autopilot/hls_math.h:1190]   --->   Operation 127 'call' 'rhs' <Predicate = (!icmp_ln191)> <Delay = 1.46> <CoreType = "Generic">   --->   Core 0 '' <Latency = 0> <II = 1> <Delay = 1.00> <Generic> <Opcode : >

State 12 <SV = 11> <Delay = 1.93>
ST_12 : Operation 128 [3/7] (1.93ns)   --->   "%r_V_38 = mul i48 %sext_ln1118, i48 %sext_ln1115"   --->   Operation 128 'mul' 'r_V_38' <Predicate = (!icmp_ln191)> <Delay = 1.93> <CoreInst = "Mul_DSP">   --->   Core 5 'Mul_DSP' <Latency = 6> <II = 1> <Delay = 1.93> <FuncUnit> <Opcode : 'mul'> <InPorts = 2> <OutPorts = 1>
ST_12 : Operation 129 [25/29] (1.46ns)   --->   "%rhs = call i32 @exp<32, 16>, i32 %x_V, i32 %f_x_msb_3_table_V, i46 %f_x_msb_2_table_V, i50 %exp_x_msb_1_table_V" [/home/rcslfpgaserver/Softwares/Xilinx/Vitis_HLS/2020.2/common/technology/autopilot/hls_math.h:1190]   --->   Operation 129 'call' 'rhs' <Predicate = (!icmp_ln191)> <Delay = 1.46> <CoreType = "Generic">   --->   Core 0 '' <Latency = 0> <II = 1> <Delay = 1.00> <Generic> <Opcode : >

State 13 <SV = 12> <Delay = 1.93>
ST_13 : Operation 130 [2/7] (1.93ns)   --->   "%r_V_38 = mul i48 %sext_ln1118, i48 %sext_ln1115"   --->   Operation 130 'mul' 'r_V_38' <Predicate = (!icmp_ln191)> <Delay = 1.93> <CoreInst = "Mul_DSP">   --->   Core 5 'Mul_DSP' <Latency = 6> <II = 1> <Delay = 1.93> <FuncUnit> <Opcode : 'mul'> <InPorts = 2> <OutPorts = 1>
ST_13 : Operation 131 [24/29] (1.46ns)   --->   "%rhs = call i32 @exp<32, 16>, i32 %x_V, i32 %f_x_msb_3_table_V, i46 %f_x_msb_2_table_V, i50 %exp_x_msb_1_table_V" [/home/rcslfpgaserver/Softwares/Xilinx/Vitis_HLS/2020.2/common/technology/autopilot/hls_math.h:1190]   --->   Operation 131 'call' 'rhs' <Predicate = (!icmp_ln191)> <Delay = 1.46> <CoreType = "Generic">   --->   Core 0 '' <Latency = 0> <II = 1> <Delay = 1.00> <Generic> <Opcode : >

State 14 <SV = 13> <Delay = 1.93>
ST_14 : Operation 132 [1/1] (0.00ns)   --->   "%specloopname_ln190 = specloopname void @_ssdm_op_SpecLoopName, void @empty_12" [backprop.cpp:190]   --->   Operation 132 'specloopname' 'specloopname_ln190' <Predicate = (!icmp_ln191)> <Delay = 0.00>
ST_14 : Operation 133 [1/7] (1.93ns)   --->   "%r_V_38 = mul i48 %sext_ln1118, i48 %sext_ln1115"   --->   Operation 133 'mul' 'r_V_38' <Predicate = (!icmp_ln191)> <Delay = 1.93> <CoreInst = "Mul_DSP">   --->   Core 5 'Mul_DSP' <Latency = 6> <II = 1> <Delay = 1.93> <FuncUnit> <Opcode : 'mul'> <InPorts = 2> <OutPorts = 1>
ST_14 : Operation 134 [1/1] (0.00ns)   --->   "%trunc_ln = partselect i32 @_ssdm_op_PartSelect.i32.i48.i32.i32, i48 %r_V_38, i32 16, i32 47"   --->   Operation 134 'partselect' 'trunc_ln' <Predicate = (!icmp_ln191)> <Delay = 0.00>
ST_14 : Operation 135 [1/1] (1.58ns)   --->   "%store_ln192 = store i1 1, i1 %write_flag3_0" [backprop.cpp:192]   --->   Operation 135 'store' 'store_ln192' <Predicate = (!icmp_ln191 & i == 1)> <Delay = 1.58>
ST_14 : Operation 136 [1/1] (0.00ns)   --->   "%store_ln192 = store i32 %trunc_ln, i32 %dactivations3_02" [backprop.cpp:192]   --->   Operation 136 'store' 'store_ln192' <Predicate = (!icmp_ln191 & i == 1)> <Delay = 0.00>
ST_14 : Operation 137 [1/1] (0.00ns)   --->   "%br_ln192 = br void %_ZN13ap_fixed_baseILi33ELi17ELb1EL9ap_q_mode5EL9ap_o_mode3ELi0EEC2ILi32ELi16ELb1ELS0_5ELS1_3ELi0EEERKS_IXT_EXT0_EXT1_EXT2_EXT3_EXT4_EE.exit.i.split12" [backprop.cpp:192]   --->   Operation 137 'br' 'br_ln192' <Predicate = (!icmp_ln191 & i == 1)> <Delay = 0.00>
ST_14 : Operation 138 [1/1] (0.00ns)   --->   "%store_ln192 = store i32 %trunc_ln, i32 %dactivations_03" [backprop.cpp:192]   --->   Operation 138 'store' 'store_ln192' <Predicate = (!icmp_ln191 & i == 0)> <Delay = 0.00>
ST_14 : Operation 139 [1/1] (1.58ns)   --->   "%store_ln192 = store i1 1, i1 %write_flag_0" [backprop.cpp:192]   --->   Operation 139 'store' 'store_ln192' <Predicate = (!icmp_ln191 & i == 0)> <Delay = 1.58>
ST_14 : Operation 140 [1/1] (0.00ns)   --->   "%br_ln192 = br void %_ZN13ap_fixed_baseILi33ELi17ELb1EL9ap_q_mode5EL9ap_o_mode3ELi0EEC2ILi32ELi16ELb1ELS0_5ELS1_3ELi0EEERKS_IXT_EXT0_EXT1_EXT2_EXT3_EXT4_EE.exit.i.split12" [backprop.cpp:192]   --->   Operation 140 'br' 'br_ln192' <Predicate = (!icmp_ln191 & i == 0)> <Delay = 0.00>
ST_14 : Operation 141 [1/1] (1.58ns)   --->   "%store_ln192 = store i1 1, i1 %write_flag6_0" [backprop.cpp:192]   --->   Operation 141 'store' 'store_ln192' <Predicate = (!icmp_ln191 & i != 0 & i != 1)> <Delay = 1.58>
ST_14 : Operation 142 [1/1] (0.00ns)   --->   "%store_ln192 = store i32 %trunc_ln, i32 %dactivations4_01" [backprop.cpp:192]   --->   Operation 142 'store' 'store_ln192' <Predicate = (!icmp_ln191 & i != 0 & i != 1)> <Delay = 0.00>
ST_14 : Operation 143 [1/1] (0.00ns)   --->   "%br_ln192 = br void %_ZN13ap_fixed_baseILi33ELi17ELb1EL9ap_q_mode5EL9ap_o_mode3ELi0EEC2ILi32ELi16ELb1ELS0_5ELS1_3ELi0EEERKS_IXT_EXT0_EXT1_EXT2_EXT3_EXT4_EE.exit.i.split12" [backprop.cpp:192]   --->   Operation 143 'br' 'br_ln192' <Predicate = (!icmp_ln191 & i != 0 & i != 1)> <Delay = 0.00>
ST_14 : Operation 144 [23/29] (1.46ns)   --->   "%rhs = call i32 @exp<32, 16>, i32 %x_V, i32 %f_x_msb_3_table_V, i46 %f_x_msb_2_table_V, i50 %exp_x_msb_1_table_V" [/home/rcslfpgaserver/Softwares/Xilinx/Vitis_HLS/2020.2/common/technology/autopilot/hls_math.h:1190]   --->   Operation 144 'call' 'rhs' <Predicate = (!icmp_ln191)> <Delay = 1.46> <CoreType = "Generic">   --->   Core 0 '' <Latency = 0> <II = 1> <Delay = 1.00> <Generic> <Opcode : >

State 15 <SV = 14> <Delay = 1.46>
ST_15 : Operation 145 [22/29] (1.46ns)   --->   "%rhs = call i32 @exp<32, 16>, i32 %x_V, i32 %f_x_msb_3_table_V, i46 %f_x_msb_2_table_V, i50 %exp_x_msb_1_table_V" [/home/rcslfpgaserver/Softwares/Xilinx/Vitis_HLS/2020.2/common/technology/autopilot/hls_math.h:1190]   --->   Operation 145 'call' 'rhs' <Predicate = (!icmp_ln191)> <Delay = 1.46> <CoreType = "Generic">   --->   Core 0 '' <Latency = 0> <II = 1> <Delay = 1.00> <Generic> <Opcode : >

State 16 <SV = 15> <Delay = 1.46>
ST_16 : Operation 146 [21/29] (1.46ns)   --->   "%rhs = call i32 @exp<32, 16>, i32 %x_V, i32 %f_x_msb_3_table_V, i46 %f_x_msb_2_table_V, i50 %exp_x_msb_1_table_V" [/home/rcslfpgaserver/Softwares/Xilinx/Vitis_HLS/2020.2/common/technology/autopilot/hls_math.h:1190]   --->   Operation 146 'call' 'rhs' <Predicate = (!icmp_ln191)> <Delay = 1.46> <CoreType = "Generic">   --->   Core 0 '' <Latency = 0> <II = 1> <Delay = 1.00> <Generic> <Opcode : >

State 17 <SV = 16> <Delay = 1.46>
ST_17 : Operation 147 [20/29] (1.46ns)   --->   "%rhs = call i32 @exp<32, 16>, i32 %x_V, i32 %f_x_msb_3_table_V, i46 %f_x_msb_2_table_V, i50 %exp_x_msb_1_table_V" [/home/rcslfpgaserver/Softwares/Xilinx/Vitis_HLS/2020.2/common/technology/autopilot/hls_math.h:1190]   --->   Operation 147 'call' 'rhs' <Predicate = (!icmp_ln191)> <Delay = 1.46> <CoreType = "Generic">   --->   Core 0 '' <Latency = 0> <II = 1> <Delay = 1.00> <Generic> <Opcode : >

State 18 <SV = 17> <Delay = 1.46>
ST_18 : Operation 148 [19/29] (1.46ns)   --->   "%rhs = call i32 @exp<32, 16>, i32 %x_V, i32 %f_x_msb_3_table_V, i46 %f_x_msb_2_table_V, i50 %exp_x_msb_1_table_V" [/home/rcslfpgaserver/Softwares/Xilinx/Vitis_HLS/2020.2/common/technology/autopilot/hls_math.h:1190]   --->   Operation 148 'call' 'rhs' <Predicate = (!icmp_ln191)> <Delay = 1.46> <CoreType = "Generic">   --->   Core 0 '' <Latency = 0> <II = 1> <Delay = 1.00> <Generic> <Opcode : >

State 19 <SV = 18> <Delay = 1.46>
ST_19 : Operation 149 [18/29] (1.46ns)   --->   "%rhs = call i32 @exp<32, 16>, i32 %x_V, i32 %f_x_msb_3_table_V, i46 %f_x_msb_2_table_V, i50 %exp_x_msb_1_table_V" [/home/rcslfpgaserver/Softwares/Xilinx/Vitis_HLS/2020.2/common/technology/autopilot/hls_math.h:1190]   --->   Operation 149 'call' 'rhs' <Predicate = (!icmp_ln191)> <Delay = 1.46> <CoreType = "Generic">   --->   Core 0 '' <Latency = 0> <II = 1> <Delay = 1.00> <Generic> <Opcode : >

State 20 <SV = 19> <Delay = 1.46>
ST_20 : Operation 150 [17/29] (1.46ns)   --->   "%rhs = call i32 @exp<32, 16>, i32 %x_V, i32 %f_x_msb_3_table_V, i46 %f_x_msb_2_table_V, i50 %exp_x_msb_1_table_V" [/home/rcslfpgaserver/Softwares/Xilinx/Vitis_HLS/2020.2/common/technology/autopilot/hls_math.h:1190]   --->   Operation 150 'call' 'rhs' <Predicate = (!icmp_ln191)> <Delay = 1.46> <CoreType = "Generic">   --->   Core 0 '' <Latency = 0> <II = 1> <Delay = 1.00> <Generic> <Opcode : >

State 21 <SV = 20> <Delay = 1.46>
ST_21 : Operation 151 [16/29] (1.46ns)   --->   "%rhs = call i32 @exp<32, 16>, i32 %x_V, i32 %f_x_msb_3_table_V, i46 %f_x_msb_2_table_V, i50 %exp_x_msb_1_table_V" [/home/rcslfpgaserver/Softwares/Xilinx/Vitis_HLS/2020.2/common/technology/autopilot/hls_math.h:1190]   --->   Operation 151 'call' 'rhs' <Predicate = (!icmp_ln191)> <Delay = 1.46> <CoreType = "Generic">   --->   Core 0 '' <Latency = 0> <II = 1> <Delay = 1.00> <Generic> <Opcode : >

State 22 <SV = 21> <Delay = 1.46>
ST_22 : Operation 152 [15/29] (1.46ns)   --->   "%rhs = call i32 @exp<32, 16>, i32 %x_V, i32 %f_x_msb_3_table_V, i46 %f_x_msb_2_table_V, i50 %exp_x_msb_1_table_V" [/home/rcslfpgaserver/Softwares/Xilinx/Vitis_HLS/2020.2/common/technology/autopilot/hls_math.h:1190]   --->   Operation 152 'call' 'rhs' <Predicate = (!icmp_ln191)> <Delay = 1.46> <CoreType = "Generic">   --->   Core 0 '' <Latency = 0> <II = 1> <Delay = 1.00> <Generic> <Opcode : >

State 23 <SV = 22> <Delay = 1.46>
ST_23 : Operation 153 [14/29] (1.46ns)   --->   "%rhs = call i32 @exp<32, 16>, i32 %x_V, i32 %f_x_msb_3_table_V, i46 %f_x_msb_2_table_V, i50 %exp_x_msb_1_table_V" [/home/rcslfpgaserver/Softwares/Xilinx/Vitis_HLS/2020.2/common/technology/autopilot/hls_math.h:1190]   --->   Operation 153 'call' 'rhs' <Predicate = (!icmp_ln191)> <Delay = 1.46> <CoreType = "Generic">   --->   Core 0 '' <Latency = 0> <II = 1> <Delay = 1.00> <Generic> <Opcode : >

State 24 <SV = 23> <Delay = 1.46>
ST_24 : Operation 154 [13/29] (1.46ns)   --->   "%rhs = call i32 @exp<32, 16>, i32 %x_V, i32 %f_x_msb_3_table_V, i46 %f_x_msb_2_table_V, i50 %exp_x_msb_1_table_V" [/home/rcslfpgaserver/Softwares/Xilinx/Vitis_HLS/2020.2/common/technology/autopilot/hls_math.h:1190]   --->   Operation 154 'call' 'rhs' <Predicate = (!icmp_ln191)> <Delay = 1.46> <CoreType = "Generic">   --->   Core 0 '' <Latency = 0> <II = 1> <Delay = 1.00> <Generic> <Opcode : >

State 25 <SV = 24> <Delay = 1.46>
ST_25 : Operation 155 [12/29] (1.46ns)   --->   "%rhs = call i32 @exp<32, 16>, i32 %x_V, i32 %f_x_msb_3_table_V, i46 %f_x_msb_2_table_V, i50 %exp_x_msb_1_table_V" [/home/rcslfpgaserver/Softwares/Xilinx/Vitis_HLS/2020.2/common/technology/autopilot/hls_math.h:1190]   --->   Operation 155 'call' 'rhs' <Predicate = (!icmp_ln191)> <Delay = 1.46> <CoreType = "Generic">   --->   Core 0 '' <Latency = 0> <II = 1> <Delay = 1.00> <Generic> <Opcode : >

State 26 <SV = 25> <Delay = 1.46>
ST_26 : Operation 156 [11/29] (1.46ns)   --->   "%rhs = call i32 @exp<32, 16>, i32 %x_V, i32 %f_x_msb_3_table_V, i46 %f_x_msb_2_table_V, i50 %exp_x_msb_1_table_V" [/home/rcslfpgaserver/Softwares/Xilinx/Vitis_HLS/2020.2/common/technology/autopilot/hls_math.h:1190]   --->   Operation 156 'call' 'rhs' <Predicate = (!icmp_ln191)> <Delay = 1.46> <CoreType = "Generic">   --->   Core 0 '' <Latency = 0> <II = 1> <Delay = 1.00> <Generic> <Opcode : >

State 27 <SV = 26> <Delay = 1.46>
ST_27 : Operation 157 [10/29] (1.46ns)   --->   "%rhs = call i32 @exp<32, 16>, i32 %x_V, i32 %f_x_msb_3_table_V, i46 %f_x_msb_2_table_V, i50 %exp_x_msb_1_table_V" [/home/rcslfpgaserver/Softwares/Xilinx/Vitis_HLS/2020.2/common/technology/autopilot/hls_math.h:1190]   --->   Operation 157 'call' 'rhs' <Predicate = (!icmp_ln191)> <Delay = 1.46> <CoreType = "Generic">   --->   Core 0 '' <Latency = 0> <II = 1> <Delay = 1.00> <Generic> <Opcode : >

State 28 <SV = 27> <Delay = 1.46>
ST_28 : Operation 158 [9/29] (1.46ns)   --->   "%rhs = call i32 @exp<32, 16>, i32 %x_V, i32 %f_x_msb_3_table_V, i46 %f_x_msb_2_table_V, i50 %exp_x_msb_1_table_V" [/home/rcslfpgaserver/Softwares/Xilinx/Vitis_HLS/2020.2/common/technology/autopilot/hls_math.h:1190]   --->   Operation 158 'call' 'rhs' <Predicate = (!icmp_ln191)> <Delay = 1.46> <CoreType = "Generic">   --->   Core 0 '' <Latency = 0> <II = 1> <Delay = 1.00> <Generic> <Opcode : >

State 29 <SV = 28> <Delay = 1.46>
ST_29 : Operation 159 [8/29] (1.46ns)   --->   "%rhs = call i32 @exp<32, 16>, i32 %x_V, i32 %f_x_msb_3_table_V, i46 %f_x_msb_2_table_V, i50 %exp_x_msb_1_table_V" [/home/rcslfpgaserver/Softwares/Xilinx/Vitis_HLS/2020.2/common/technology/autopilot/hls_math.h:1190]   --->   Operation 159 'call' 'rhs' <Predicate = (!icmp_ln191)> <Delay = 1.46> <CoreType = "Generic">   --->   Core 0 '' <Latency = 0> <II = 1> <Delay = 1.00> <Generic> <Opcode : >

State 30 <SV = 29> <Delay = 1.46>
ST_30 : Operation 160 [7/29] (1.46ns)   --->   "%rhs = call i32 @exp<32, 16>, i32 %x_V, i32 %f_x_msb_3_table_V, i46 %f_x_msb_2_table_V, i50 %exp_x_msb_1_table_V" [/home/rcslfpgaserver/Softwares/Xilinx/Vitis_HLS/2020.2/common/technology/autopilot/hls_math.h:1190]   --->   Operation 160 'call' 'rhs' <Predicate = (!icmp_ln191)> <Delay = 1.46> <CoreType = "Generic">   --->   Core 0 '' <Latency = 0> <II = 1> <Delay = 1.00> <Generic> <Opcode : >

State 31 <SV = 30> <Delay = 1.46>
ST_31 : Operation 161 [6/29] (1.46ns)   --->   "%rhs = call i32 @exp<32, 16>, i32 %x_V, i32 %f_x_msb_3_table_V, i46 %f_x_msb_2_table_V, i50 %exp_x_msb_1_table_V" [/home/rcslfpgaserver/Softwares/Xilinx/Vitis_HLS/2020.2/common/technology/autopilot/hls_math.h:1190]   --->   Operation 161 'call' 'rhs' <Predicate = (!icmp_ln191)> <Delay = 1.46> <CoreType = "Generic">   --->   Core 0 '' <Latency = 0> <II = 1> <Delay = 1.00> <Generic> <Opcode : >

State 32 <SV = 31> <Delay = 1.46>
ST_32 : Operation 162 [5/29] (1.46ns)   --->   "%rhs = call i32 @exp<32, 16>, i32 %x_V, i32 %f_x_msb_3_table_V, i46 %f_x_msb_2_table_V, i50 %exp_x_msb_1_table_V" [/home/rcslfpgaserver/Softwares/Xilinx/Vitis_HLS/2020.2/common/technology/autopilot/hls_math.h:1190]   --->   Operation 162 'call' 'rhs' <Predicate = (!icmp_ln191)> <Delay = 1.46> <CoreType = "Generic">   --->   Core 0 '' <Latency = 0> <II = 1> <Delay = 1.00> <Generic> <Opcode : >

State 33 <SV = 32> <Delay = 1.46>
ST_33 : Operation 163 [4/29] (1.46ns)   --->   "%rhs = call i32 @exp<32, 16>, i32 %x_V, i32 %f_x_msb_3_table_V, i46 %f_x_msb_2_table_V, i50 %exp_x_msb_1_table_V" [/home/rcslfpgaserver/Softwares/Xilinx/Vitis_HLS/2020.2/common/technology/autopilot/hls_math.h:1190]   --->   Operation 163 'call' 'rhs' <Predicate = (!icmp_ln191)> <Delay = 1.46> <CoreType = "Generic">   --->   Core 0 '' <Latency = 0> <II = 1> <Delay = 1.00> <Generic> <Opcode : >

State 34 <SV = 33> <Delay = 1.46>
ST_34 : Operation 164 [3/29] (1.46ns)   --->   "%rhs = call i32 @exp<32, 16>, i32 %x_V, i32 %f_x_msb_3_table_V, i46 %f_x_msb_2_table_V, i50 %exp_x_msb_1_table_V" [/home/rcslfpgaserver/Softwares/Xilinx/Vitis_HLS/2020.2/common/technology/autopilot/hls_math.h:1190]   --->   Operation 164 'call' 'rhs' <Predicate = (!icmp_ln191)> <Delay = 1.46> <CoreType = "Generic">   --->   Core 0 '' <Latency = 0> <II = 1> <Delay = 1.00> <Generic> <Opcode : >

State 35 <SV = 34> <Delay = 1.46>
ST_35 : Operation 165 [2/29] (1.46ns)   --->   "%rhs = call i32 @exp<32, 16>, i32 %x_V, i32 %f_x_msb_3_table_V, i46 %f_x_msb_2_table_V, i50 %exp_x_msb_1_table_V" [/home/rcslfpgaserver/Softwares/Xilinx/Vitis_HLS/2020.2/common/technology/autopilot/hls_math.h:1190]   --->   Operation 165 'call' 'rhs' <Predicate = (!icmp_ln191)> <Delay = 1.46> <CoreType = "Generic">   --->   Core 0 '' <Latency = 0> <II = 1> <Delay = 1.00> <Generic> <Opcode : >

State 36 <SV = 35> <Delay = 0.97>
ST_36 : Operation 166 [1/29] (0.97ns)   --->   "%rhs = call i32 @exp<32, 16>, i32 %x_V, i32 %f_x_msb_3_table_V, i46 %f_x_msb_2_table_V, i50 %exp_x_msb_1_table_V" [/home/rcslfpgaserver/Softwares/Xilinx/Vitis_HLS/2020.2/common/technology/autopilot/hls_math.h:1190]   --->   Operation 166 'call' 'rhs' <Predicate = (!icmp_ln191)> <Delay = 0.97> <CoreType = "Generic">   --->   Core 0 '' <Latency = 0> <II = 1> <Delay = 1.00> <Generic> <Opcode : >

State 37 <SV = 36> <Delay = 2.23>
ST_37 : Operation 167 [1/1] (0.00ns)   --->   "%sext_ln703_11 = sext i32 %rhs"   --->   Operation 167 'sext' 'sext_ln703_11' <Predicate = (!icmp_ln191)> <Delay = 0.00>
ST_37 : Operation 168 [2/2] (2.23ns)   --->   "%ret_V_21 = add i33 %sext_ln703_11, i33 65536"   --->   Operation 168 'add' 'ret_V_21' <Predicate = (!icmp_ln191)> <Delay = 2.23> <CoreInst = "Adder">   --->   Core 1 'Adder' <Latency = 1> <II = 1> <Delay = 2.23> <FuncUnit> <Opcode : 'add' 'sub'> <InPorts = 2> <OutPorts = 1>

State 38 <SV = 37> <Delay = 2.23>
ST_38 : Operation 169 [1/2] (2.23ns)   --->   "%ret_V_21 = add i33 %sext_ln703_11, i33 65536"   --->   Operation 169 'add' 'ret_V_21' <Predicate = (!icmp_ln191)> <Delay = 2.23> <CoreInst = "Adder">   --->   Core 1 'Adder' <Latency = 1> <II = 1> <Delay = 2.23> <FuncUnit> <Opcode : 'add' 'sub'> <InPorts = 2> <OutPorts = 1>

State 39 <SV = 38> <Delay = 4.39>
ST_39 : Operation 170 [1/1] (0.00ns)   --->   "%sext_ln1148 = sext i33 %ret_V_21"   --->   Operation 170 'sext' 'sext_ln1148' <Predicate = (!icmp_ln191)> <Delay = 0.00>
ST_39 : Operation 171 [38/38] (4.39ns)   --->   "%sdiv_ln1148 = sdiv i34 4294967296, i34 %sext_ln1148"   --->   Operation 171 'sdiv' 'sdiv_ln1148' <Predicate = (!icmp_ln191)> <Delay = 4.39> <CoreInst = "Divider">   --->   Core 6 'Divider' <Latency = 37> <II = 1> <Delay = 4.39> <FuncUnit> <Opcode : 'sdiv' 'srem' 'udiv' 'urem'> <InPorts = 2> <OutPorts = 1>

State 40 <SV = 39> <Delay = 4.39>
ST_40 : Operation 172 [37/38] (4.39ns)   --->   "%sdiv_ln1148 = sdiv i34 4294967296, i34 %sext_ln1148"   --->   Operation 172 'sdiv' 'sdiv_ln1148' <Predicate = (!icmp_ln191)> <Delay = 4.39> <CoreInst = "Divider">   --->   Core 6 'Divider' <Latency = 37> <II = 1> <Delay = 4.39> <FuncUnit> <Opcode : 'sdiv' 'srem' 'udiv' 'urem'> <InPorts = 2> <OutPorts = 1>

State 41 <SV = 40> <Delay = 4.39>
ST_41 : Operation 173 [36/38] (4.39ns)   --->   "%sdiv_ln1148 = sdiv i34 4294967296, i34 %sext_ln1148"   --->   Operation 173 'sdiv' 'sdiv_ln1148' <Predicate = (!icmp_ln191)> <Delay = 4.39> <CoreInst = "Divider">   --->   Core 6 'Divider' <Latency = 37> <II = 1> <Delay = 4.39> <FuncUnit> <Opcode : 'sdiv' 'srem' 'udiv' 'urem'> <InPorts = 2> <OutPorts = 1>

State 42 <SV = 41> <Delay = 4.39>
ST_42 : Operation 174 [35/38] (4.39ns)   --->   "%sdiv_ln1148 = sdiv i34 4294967296, i34 %sext_ln1148"   --->   Operation 174 'sdiv' 'sdiv_ln1148' <Predicate = (!icmp_ln191)> <Delay = 4.39> <CoreInst = "Divider">   --->   Core 6 'Divider' <Latency = 37> <II = 1> <Delay = 4.39> <FuncUnit> <Opcode : 'sdiv' 'srem' 'udiv' 'urem'> <InPorts = 2> <OutPorts = 1>

State 43 <SV = 42> <Delay = 4.39>
ST_43 : Operation 175 [34/38] (4.39ns)   --->   "%sdiv_ln1148 = sdiv i34 4294967296, i34 %sext_ln1148"   --->   Operation 175 'sdiv' 'sdiv_ln1148' <Predicate = (!icmp_ln191)> <Delay = 4.39> <CoreInst = "Divider">   --->   Core 6 'Divider' <Latency = 37> <II = 1> <Delay = 4.39> <FuncUnit> <Opcode : 'sdiv' 'srem' 'udiv' 'urem'> <InPorts = 2> <OutPorts = 1>

State 44 <SV = 43> <Delay = 4.39>
ST_44 : Operation 176 [33/38] (4.39ns)   --->   "%sdiv_ln1148 = sdiv i34 4294967296, i34 %sext_ln1148"   --->   Operation 176 'sdiv' 'sdiv_ln1148' <Predicate = (!icmp_ln191)> <Delay = 4.39> <CoreInst = "Divider">   --->   Core 6 'Divider' <Latency = 37> <II = 1> <Delay = 4.39> <FuncUnit> <Opcode : 'sdiv' 'srem' 'udiv' 'urem'> <InPorts = 2> <OutPorts = 1>

State 45 <SV = 44> <Delay = 4.39>
ST_45 : Operation 177 [32/38] (4.39ns)   --->   "%sdiv_ln1148 = sdiv i34 4294967296, i34 %sext_ln1148"   --->   Operation 177 'sdiv' 'sdiv_ln1148' <Predicate = (!icmp_ln191)> <Delay = 4.39> <CoreInst = "Divider">   --->   Core 6 'Divider' <Latency = 37> <II = 1> <Delay = 4.39> <FuncUnit> <Opcode : 'sdiv' 'srem' 'udiv' 'urem'> <InPorts = 2> <OutPorts = 1>

State 46 <SV = 45> <Delay = 4.39>
ST_46 : Operation 178 [31/38] (4.39ns)   --->   "%sdiv_ln1148 = sdiv i34 4294967296, i34 %sext_ln1148"   --->   Operation 178 'sdiv' 'sdiv_ln1148' <Predicate = (!icmp_ln191)> <Delay = 4.39> <CoreInst = "Divider">   --->   Core 6 'Divider' <Latency = 37> <II = 1> <Delay = 4.39> <FuncUnit> <Opcode : 'sdiv' 'srem' 'udiv' 'urem'> <InPorts = 2> <OutPorts = 1>

State 47 <SV = 46> <Delay = 4.39>
ST_47 : Operation 179 [30/38] (4.39ns)   --->   "%sdiv_ln1148 = sdiv i34 4294967296, i34 %sext_ln1148"   --->   Operation 179 'sdiv' 'sdiv_ln1148' <Predicate = (!icmp_ln191)> <Delay = 4.39> <CoreInst = "Divider">   --->   Core 6 'Divider' <Latency = 37> <II = 1> <Delay = 4.39> <FuncUnit> <Opcode : 'sdiv' 'srem' 'udiv' 'urem'> <InPorts = 2> <OutPorts = 1>

State 48 <SV = 47> <Delay = 4.39>
ST_48 : Operation 180 [29/38] (4.39ns)   --->   "%sdiv_ln1148 = sdiv i34 4294967296, i34 %sext_ln1148"   --->   Operation 180 'sdiv' 'sdiv_ln1148' <Predicate = (!icmp_ln191)> <Delay = 4.39> <CoreInst = "Divider">   --->   Core 6 'Divider' <Latency = 37> <II = 1> <Delay = 4.39> <FuncUnit> <Opcode : 'sdiv' 'srem' 'udiv' 'urem'> <InPorts = 2> <OutPorts = 1>

State 49 <SV = 48> <Delay = 4.39>
ST_49 : Operation 181 [28/38] (4.39ns)   --->   "%sdiv_ln1148 = sdiv i34 4294967296, i34 %sext_ln1148"   --->   Operation 181 'sdiv' 'sdiv_ln1148' <Predicate = (!icmp_ln191)> <Delay = 4.39> <CoreInst = "Divider">   --->   Core 6 'Divider' <Latency = 37> <II = 1> <Delay = 4.39> <FuncUnit> <Opcode : 'sdiv' 'srem' 'udiv' 'urem'> <InPorts = 2> <OutPorts = 1>

State 50 <SV = 49> <Delay = 4.39>
ST_50 : Operation 182 [27/38] (4.39ns)   --->   "%sdiv_ln1148 = sdiv i34 4294967296, i34 %sext_ln1148"   --->   Operation 182 'sdiv' 'sdiv_ln1148' <Predicate = (!icmp_ln191)> <Delay = 4.39> <CoreInst = "Divider">   --->   Core 6 'Divider' <Latency = 37> <II = 1> <Delay = 4.39> <FuncUnit> <Opcode : 'sdiv' 'srem' 'udiv' 'urem'> <InPorts = 2> <OutPorts = 1>

State 51 <SV = 50> <Delay = 4.39>
ST_51 : Operation 183 [26/38] (4.39ns)   --->   "%sdiv_ln1148 = sdiv i34 4294967296, i34 %sext_ln1148"   --->   Operation 183 'sdiv' 'sdiv_ln1148' <Predicate = (!icmp_ln191)> <Delay = 4.39> <CoreInst = "Divider">   --->   Core 6 'Divider' <Latency = 37> <II = 1> <Delay = 4.39> <FuncUnit> <Opcode : 'sdiv' 'srem' 'udiv' 'urem'> <InPorts = 2> <OutPorts = 1>

State 52 <SV = 51> <Delay = 4.39>
ST_52 : Operation 184 [25/38] (4.39ns)   --->   "%sdiv_ln1148 = sdiv i34 4294967296, i34 %sext_ln1148"   --->   Operation 184 'sdiv' 'sdiv_ln1148' <Predicate = (!icmp_ln191)> <Delay = 4.39> <CoreInst = "Divider">   --->   Core 6 'Divider' <Latency = 37> <II = 1> <Delay = 4.39> <FuncUnit> <Opcode : 'sdiv' 'srem' 'udiv' 'urem'> <InPorts = 2> <OutPorts = 1>

State 53 <SV = 52> <Delay = 4.39>
ST_53 : Operation 185 [24/38] (4.39ns)   --->   "%sdiv_ln1148 = sdiv i34 4294967296, i34 %sext_ln1148"   --->   Operation 185 'sdiv' 'sdiv_ln1148' <Predicate = (!icmp_ln191)> <Delay = 4.39> <CoreInst = "Divider">   --->   Core 6 'Divider' <Latency = 37> <II = 1> <Delay = 4.39> <FuncUnit> <Opcode : 'sdiv' 'srem' 'udiv' 'urem'> <InPorts = 2> <OutPorts = 1>

State 54 <SV = 53> <Delay = 4.39>
ST_54 : Operation 186 [23/38] (4.39ns)   --->   "%sdiv_ln1148 = sdiv i34 4294967296, i34 %sext_ln1148"   --->   Operation 186 'sdiv' 'sdiv_ln1148' <Predicate = (!icmp_ln191)> <Delay = 4.39> <CoreInst = "Divider">   --->   Core 6 'Divider' <Latency = 37> <II = 1> <Delay = 4.39> <FuncUnit> <Opcode : 'sdiv' 'srem' 'udiv' 'urem'> <InPorts = 2> <OutPorts = 1>

State 55 <SV = 54> <Delay = 4.39>
ST_55 : Operation 187 [22/38] (4.39ns)   --->   "%sdiv_ln1148 = sdiv i34 4294967296, i34 %sext_ln1148"   --->   Operation 187 'sdiv' 'sdiv_ln1148' <Predicate = (!icmp_ln191)> <Delay = 4.39> <CoreInst = "Divider">   --->   Core 6 'Divider' <Latency = 37> <II = 1> <Delay = 4.39> <FuncUnit> <Opcode : 'sdiv' 'srem' 'udiv' 'urem'> <InPorts = 2> <OutPorts = 1>

State 56 <SV = 55> <Delay = 4.39>
ST_56 : Operation 188 [21/38] (4.39ns)   --->   "%sdiv_ln1148 = sdiv i34 4294967296, i34 %sext_ln1148"   --->   Operation 188 'sdiv' 'sdiv_ln1148' <Predicate = (!icmp_ln191)> <Delay = 4.39> <CoreInst = "Divider">   --->   Core 6 'Divider' <Latency = 37> <II = 1> <Delay = 4.39> <FuncUnit> <Opcode : 'sdiv' 'srem' 'udiv' 'urem'> <InPorts = 2> <OutPorts = 1>

State 57 <SV = 56> <Delay = 4.39>
ST_57 : Operation 189 [20/38] (4.39ns)   --->   "%sdiv_ln1148 = sdiv i34 4294967296, i34 %sext_ln1148"   --->   Operation 189 'sdiv' 'sdiv_ln1148' <Predicate = (!icmp_ln191)> <Delay = 4.39> <CoreInst = "Divider">   --->   Core 6 'Divider' <Latency = 37> <II = 1> <Delay = 4.39> <FuncUnit> <Opcode : 'sdiv' 'srem' 'udiv' 'urem'> <InPorts = 2> <OutPorts = 1>

State 58 <SV = 57> <Delay = 4.39>
ST_58 : Operation 190 [19/38] (4.39ns)   --->   "%sdiv_ln1148 = sdiv i34 4294967296, i34 %sext_ln1148"   --->   Operation 190 'sdiv' 'sdiv_ln1148' <Predicate = (!icmp_ln191)> <Delay = 4.39> <CoreInst = "Divider">   --->   Core 6 'Divider' <Latency = 37> <II = 1> <Delay = 4.39> <FuncUnit> <Opcode : 'sdiv' 'srem' 'udiv' 'urem'> <InPorts = 2> <OutPorts = 1>

State 59 <SV = 58> <Delay = 4.39>
ST_59 : Operation 191 [18/38] (4.39ns)   --->   "%sdiv_ln1148 = sdiv i34 4294967296, i34 %sext_ln1148"   --->   Operation 191 'sdiv' 'sdiv_ln1148' <Predicate = (!icmp_ln191)> <Delay = 4.39> <CoreInst = "Divider">   --->   Core 6 'Divider' <Latency = 37> <II = 1> <Delay = 4.39> <FuncUnit> <Opcode : 'sdiv' 'srem' 'udiv' 'urem'> <InPorts = 2> <OutPorts = 1>

State 60 <SV = 59> <Delay = 4.39>
ST_60 : Operation 192 [17/38] (4.39ns)   --->   "%sdiv_ln1148 = sdiv i34 4294967296, i34 %sext_ln1148"   --->   Operation 192 'sdiv' 'sdiv_ln1148' <Predicate = (!icmp_ln191)> <Delay = 4.39> <CoreInst = "Divider">   --->   Core 6 'Divider' <Latency = 37> <II = 1> <Delay = 4.39> <FuncUnit> <Opcode : 'sdiv' 'srem' 'udiv' 'urem'> <InPorts = 2> <OutPorts = 1>

State 61 <SV = 60> <Delay = 4.39>
ST_61 : Operation 193 [16/38] (4.39ns)   --->   "%sdiv_ln1148 = sdiv i34 4294967296, i34 %sext_ln1148"   --->   Operation 193 'sdiv' 'sdiv_ln1148' <Predicate = (!icmp_ln191)> <Delay = 4.39> <CoreInst = "Divider">   --->   Core 6 'Divider' <Latency = 37> <II = 1> <Delay = 4.39> <FuncUnit> <Opcode : 'sdiv' 'srem' 'udiv' 'urem'> <InPorts = 2> <OutPorts = 1>

State 62 <SV = 61> <Delay = 4.39>
ST_62 : Operation 194 [15/38] (4.39ns)   --->   "%sdiv_ln1148 = sdiv i34 4294967296, i34 %sext_ln1148"   --->   Operation 194 'sdiv' 'sdiv_ln1148' <Predicate = (!icmp_ln191)> <Delay = 4.39> <CoreInst = "Divider">   --->   Core 6 'Divider' <Latency = 37> <II = 1> <Delay = 4.39> <FuncUnit> <Opcode : 'sdiv' 'srem' 'udiv' 'urem'> <InPorts = 2> <OutPorts = 1>

State 63 <SV = 62> <Delay = 4.39>
ST_63 : Operation 195 [14/38] (4.39ns)   --->   "%sdiv_ln1148 = sdiv i34 4294967296, i34 %sext_ln1148"   --->   Operation 195 'sdiv' 'sdiv_ln1148' <Predicate = (!icmp_ln191)> <Delay = 4.39> <CoreInst = "Divider">   --->   Core 6 'Divider' <Latency = 37> <II = 1> <Delay = 4.39> <FuncUnit> <Opcode : 'sdiv' 'srem' 'udiv' 'urem'> <InPorts = 2> <OutPorts = 1>

State 64 <SV = 63> <Delay = 4.39>
ST_64 : Operation 196 [13/38] (4.39ns)   --->   "%sdiv_ln1148 = sdiv i34 4294967296, i34 %sext_ln1148"   --->   Operation 196 'sdiv' 'sdiv_ln1148' <Predicate = (!icmp_ln191)> <Delay = 4.39> <CoreInst = "Divider">   --->   Core 6 'Divider' <Latency = 37> <II = 1> <Delay = 4.39> <FuncUnit> <Opcode : 'sdiv' 'srem' 'udiv' 'urem'> <InPorts = 2> <OutPorts = 1>

State 65 <SV = 64> <Delay = 4.39>
ST_65 : Operation 197 [12/38] (4.39ns)   --->   "%sdiv_ln1148 = sdiv i34 4294967296, i34 %sext_ln1148"   --->   Operation 197 'sdiv' 'sdiv_ln1148' <Predicate = (!icmp_ln191)> <Delay = 4.39> <CoreInst = "Divider">   --->   Core 6 'Divider' <Latency = 37> <II = 1> <Delay = 4.39> <FuncUnit> <Opcode : 'sdiv' 'srem' 'udiv' 'urem'> <InPorts = 2> <OutPorts = 1>

State 66 <SV = 65> <Delay = 4.39>
ST_66 : Operation 198 [11/38] (4.39ns)   --->   "%sdiv_ln1148 = sdiv i34 4294967296, i34 %sext_ln1148"   --->   Operation 198 'sdiv' 'sdiv_ln1148' <Predicate = (!icmp_ln191)> <Delay = 4.39> <CoreInst = "Divider">   --->   Core 6 'Divider' <Latency = 37> <II = 1> <Delay = 4.39> <FuncUnit> <Opcode : 'sdiv' 'srem' 'udiv' 'urem'> <InPorts = 2> <OutPorts = 1>

State 67 <SV = 66> <Delay = 4.39>
ST_67 : Operation 199 [10/38] (4.39ns)   --->   "%sdiv_ln1148 = sdiv i34 4294967296, i34 %sext_ln1148"   --->   Operation 199 'sdiv' 'sdiv_ln1148' <Predicate = (!icmp_ln191)> <Delay = 4.39> <CoreInst = "Divider">   --->   Core 6 'Divider' <Latency = 37> <II = 1> <Delay = 4.39> <FuncUnit> <Opcode : 'sdiv' 'srem' 'udiv' 'urem'> <InPorts = 2> <OutPorts = 1>

State 68 <SV = 67> <Delay = 4.39>
ST_68 : Operation 200 [9/38] (4.39ns)   --->   "%sdiv_ln1148 = sdiv i34 4294967296, i34 %sext_ln1148"   --->   Operation 200 'sdiv' 'sdiv_ln1148' <Predicate = (!icmp_ln191)> <Delay = 4.39> <CoreInst = "Divider">   --->   Core 6 'Divider' <Latency = 37> <II = 1> <Delay = 4.39> <FuncUnit> <Opcode : 'sdiv' 'srem' 'udiv' 'urem'> <InPorts = 2> <OutPorts = 1>

State 69 <SV = 68> <Delay = 4.39>
ST_69 : Operation 201 [8/38] (4.39ns)   --->   "%sdiv_ln1148 = sdiv i34 4294967296, i34 %sext_ln1148"   --->   Operation 201 'sdiv' 'sdiv_ln1148' <Predicate = (!icmp_ln191)> <Delay = 4.39> <CoreInst = "Divider">   --->   Core 6 'Divider' <Latency = 37> <II = 1> <Delay = 4.39> <FuncUnit> <Opcode : 'sdiv' 'srem' 'udiv' 'urem'> <InPorts = 2> <OutPorts = 1>

State 70 <SV = 69> <Delay = 4.39>
ST_70 : Operation 202 [7/38] (4.39ns)   --->   "%sdiv_ln1148 = sdiv i34 4294967296, i34 %sext_ln1148"   --->   Operation 202 'sdiv' 'sdiv_ln1148' <Predicate = (!icmp_ln191)> <Delay = 4.39> <CoreInst = "Divider">   --->   Core 6 'Divider' <Latency = 37> <II = 1> <Delay = 4.39> <FuncUnit> <Opcode : 'sdiv' 'srem' 'udiv' 'urem'> <InPorts = 2> <OutPorts = 1>

State 71 <SV = 70> <Delay = 4.39>
ST_71 : Operation 203 [6/38] (4.39ns)   --->   "%sdiv_ln1148 = sdiv i34 4294967296, i34 %sext_ln1148"   --->   Operation 203 'sdiv' 'sdiv_ln1148' <Predicate = (!icmp_ln191)> <Delay = 4.39> <CoreInst = "Divider">   --->   Core 6 'Divider' <Latency = 37> <II = 1> <Delay = 4.39> <FuncUnit> <Opcode : 'sdiv' 'srem' 'udiv' 'urem'> <InPorts = 2> <OutPorts = 1>

State 72 <SV = 71> <Delay = 4.39>
ST_72 : Operation 204 [5/38] (4.39ns)   --->   "%sdiv_ln1148 = sdiv i34 4294967296, i34 %sext_ln1148"   --->   Operation 204 'sdiv' 'sdiv_ln1148' <Predicate = (!icmp_ln191)> <Delay = 4.39> <CoreInst = "Divider">   --->   Core 6 'Divider' <Latency = 37> <II = 1> <Delay = 4.39> <FuncUnit> <Opcode : 'sdiv' 'srem' 'udiv' 'urem'> <InPorts = 2> <OutPorts = 1>

State 73 <SV = 72> <Delay = 4.39>
ST_73 : Operation 205 [4/38] (4.39ns)   --->   "%sdiv_ln1148 = sdiv i34 4294967296, i34 %sext_ln1148"   --->   Operation 205 'sdiv' 'sdiv_ln1148' <Predicate = (!icmp_ln191)> <Delay = 4.39> <CoreInst = "Divider">   --->   Core 6 'Divider' <Latency = 37> <II = 1> <Delay = 4.39> <FuncUnit> <Opcode : 'sdiv' 'srem' 'udiv' 'urem'> <InPorts = 2> <OutPorts = 1>

State 74 <SV = 73> <Delay = 4.39>
ST_74 : Operation 206 [3/38] (4.39ns)   --->   "%sdiv_ln1148 = sdiv i34 4294967296, i34 %sext_ln1148"   --->   Operation 206 'sdiv' 'sdiv_ln1148' <Predicate = (!icmp_ln191)> <Delay = 4.39> <CoreInst = "Divider">   --->   Core 6 'Divider' <Latency = 37> <II = 1> <Delay = 4.39> <FuncUnit> <Opcode : 'sdiv' 'srem' 'udiv' 'urem'> <InPorts = 2> <OutPorts = 1>

State 75 <SV = 74> <Delay = 4.39>
ST_75 : Operation 207 [2/38] (4.39ns)   --->   "%sdiv_ln1148 = sdiv i34 4294967296, i34 %sext_ln1148"   --->   Operation 207 'sdiv' 'sdiv_ln1148' <Predicate = (!icmp_ln191)> <Delay = 4.39> <CoreInst = "Divider">   --->   Core 6 'Divider' <Latency = 37> <II = 1> <Delay = 4.39> <FuncUnit> <Opcode : 'sdiv' 'srem' 'udiv' 'urem'> <InPorts = 2> <OutPorts = 1>

State 76 <SV = 75> <Delay = 4.39>
ST_76 : Operation 208 [1/38] (4.39ns)   --->   "%sdiv_ln1148 = sdiv i34 4294967296, i34 %sext_ln1148"   --->   Operation 208 'sdiv' 'sdiv_ln1148' <Predicate = (!icmp_ln191)> <Delay = 4.39> <CoreInst = "Divider">   --->   Core 6 'Divider' <Latency = 37> <II = 1> <Delay = 4.39> <FuncUnit> <Opcode : 'sdiv' 'srem' 'udiv' 'urem'> <InPorts = 2> <OutPorts = 1>

State 77 <SV = 76> <Delay = 1.58>
ST_77 : Operation 209 [1/1] (0.00ns)   --->   "%trunc_ln703 = trunc i32 %sdiv_ln1148"   --->   Operation 209 'trunc' 'trunc_ln703' <Predicate = (!icmp_ln191)> <Delay = 0.00>
ST_77 : Operation 210 [4/4] (1.58ns)   --->   "%activations2_1 = mux i32 @_ssdm_op_Mux.ap_auto.4i32.i2, i32 %activations2_0, i32 %activations2_0, i32 %trunc_ln703, i32 %trunc_ln703, i2 %i" [backprop.cpp:189]   --->   Operation 210 'mux' 'activations2_1' <Predicate = (!icmp_ln191)> <Delay = 1.58> <CoreInst = "Multiplexer">   --->   Core 76 'Multiplexer' <Latency = 3> <II = 1> <Delay = 1.58> <FuncUnit> <Opcode : 'mux'> <InPorts = 2> <OutPorts = 1>
ST_77 : Operation 211 [4/4] (1.58ns)   --->   "%activations12_1 = mux i32 @_ssdm_op_Mux.ap_auto.4i32.i2, i32 %activations12_0, i32 %trunc_ln703, i32 %activations12_0, i32 %activations12_0, i2 %i" [backprop.cpp:189]   --->   Operation 211 'mux' 'activations12_1' <Predicate = (!icmp_ln191)> <Delay = 1.58> <CoreInst = "Multiplexer">   --->   Core 76 'Multiplexer' <Latency = 3> <II = 1> <Delay = 1.58> <FuncUnit> <Opcode : 'mux'> <InPorts = 2> <OutPorts = 1>
ST_77 : Operation 212 [4/4] (1.58ns)   --->   "%activations_1 = mux i32 @_ssdm_op_Mux.ap_auto.4i32.i2, i32 %trunc_ln703, i32 %activations_0, i32 %activations_0, i32 %activations_0, i2 %i"   --->   Operation 212 'mux' 'activations_1' <Predicate = (!icmp_ln191)> <Delay = 1.58> <CoreInst = "Multiplexer">   --->   Core 76 'Multiplexer' <Latency = 3> <II = 1> <Delay = 1.58> <FuncUnit> <Opcode : 'mux'> <InPorts = 2> <OutPorts = 1>

State 78 <SV = 77> <Delay = 3.16>
ST_78 : Operation 213 [3/4] (1.58ns)   --->   "%activations2_1 = mux i32 @_ssdm_op_Mux.ap_auto.4i32.i2, i32 %activations2_0, i32 %activations2_0, i32 %trunc_ln703, i32 %trunc_ln703, i2 %i" [backprop.cpp:189]   --->   Operation 213 'mux' 'activations2_1' <Predicate = (!icmp_ln191)> <Delay = 1.58> <CoreInst = "Multiplexer">   --->   Core 76 'Multiplexer' <Latency = 3> <II = 1> <Delay = 1.58> <FuncUnit> <Opcode : 'mux'> <InPorts = 2> <OutPorts = 1>
ST_78 : Operation 214 [3/4] (1.58ns)   --->   "%activations12_1 = mux i32 @_ssdm_op_Mux.ap_auto.4i32.i2, i32 %activations12_0, i32 %trunc_ln703, i32 %activations12_0, i32 %activations12_0, i2 %i" [backprop.cpp:189]   --->   Operation 214 'mux' 'activations12_1' <Predicate = (!icmp_ln191)> <Delay = 1.58> <CoreInst = "Multiplexer">   --->   Core 76 'Multiplexer' <Latency = 3> <II = 1> <Delay = 1.58> <FuncUnit> <Opcode : 'mux'> <InPorts = 2> <OutPorts = 1>
ST_78 : Operation 215 [3/4] (1.58ns)   --->   "%activations_1 = mux i32 @_ssdm_op_Mux.ap_auto.4i32.i2, i32 %trunc_ln703, i32 %activations_0, i32 %activations_0, i32 %activations_0, i2 %i"   --->   Operation 215 'mux' 'activations_1' <Predicate = (!icmp_ln191)> <Delay = 1.58> <CoreInst = "Multiplexer">   --->   Core 76 'Multiplexer' <Latency = 3> <II = 1> <Delay = 1.58> <FuncUnit> <Opcode : 'mux'> <InPorts = 2> <OutPorts = 1>

State 79 <SV = 78> <Delay = 3.16>
ST_79 : Operation 216 [2/4] (1.58ns)   --->   "%activations2_1 = mux i32 @_ssdm_op_Mux.ap_auto.4i32.i2, i32 %activations2_0, i32 %activations2_0, i32 %trunc_ln703, i32 %trunc_ln703, i2 %i" [backprop.cpp:189]   --->   Operation 216 'mux' 'activations2_1' <Predicate = (!icmp_ln191)> <Delay = 1.58> <CoreInst = "Multiplexer">   --->   Core 76 'Multiplexer' <Latency = 3> <II = 1> <Delay = 1.58> <FuncUnit> <Opcode : 'mux'> <InPorts = 2> <OutPorts = 1>
ST_79 : Operation 217 [2/4] (1.58ns)   --->   "%activations12_1 = mux i32 @_ssdm_op_Mux.ap_auto.4i32.i2, i32 %activations12_0, i32 %trunc_ln703, i32 %activations12_0, i32 %activations12_0, i2 %i" [backprop.cpp:189]   --->   Operation 217 'mux' 'activations12_1' <Predicate = (!icmp_ln191)> <Delay = 1.58> <CoreInst = "Multiplexer">   --->   Core 76 'Multiplexer' <Latency = 3> <II = 1> <Delay = 1.58> <FuncUnit> <Opcode : 'mux'> <InPorts = 2> <OutPorts = 1>
ST_79 : Operation 218 [2/4] (1.58ns)   --->   "%activations_1 = mux i32 @_ssdm_op_Mux.ap_auto.4i32.i2, i32 %trunc_ln703, i32 %activations_0, i32 %activations_0, i32 %activations_0, i2 %i"   --->   Operation 218 'mux' 'activations_1' <Predicate = (!icmp_ln191)> <Delay = 1.58> <CoreInst = "Multiplexer">   --->   Core 76 'Multiplexer' <Latency = 3> <II = 1> <Delay = 1.58> <FuncUnit> <Opcode : 'mux'> <InPorts = 2> <OutPorts = 1>

State 80 <SV = 79> <Delay = 3.16>
ST_80 : Operation 219 [1/4] (1.58ns)   --->   "%activations2_1 = mux i32 @_ssdm_op_Mux.ap_auto.4i32.i2, i32 %activations2_0, i32 %activations2_0, i32 %trunc_ln703, i32 %trunc_ln703, i2 %i" [backprop.cpp:189]   --->   Operation 219 'mux' 'activations2_1' <Predicate = (!icmp_ln191)> <Delay = 1.58> <CoreInst = "Multiplexer">   --->   Core 76 'Multiplexer' <Latency = 3> <II = 1> <Delay = 1.58> <FuncUnit> <Opcode : 'mux'> <InPorts = 2> <OutPorts = 1>
ST_80 : Operation 220 [1/4] (1.58ns)   --->   "%activations12_1 = mux i32 @_ssdm_op_Mux.ap_auto.4i32.i2, i32 %activations12_0, i32 %trunc_ln703, i32 %activations12_0, i32 %activations12_0, i2 %i" [backprop.cpp:189]   --->   Operation 220 'mux' 'activations12_1' <Predicate = (!icmp_ln191)> <Delay = 1.58> <CoreInst = "Multiplexer">   --->   Core 76 'Multiplexer' <Latency = 3> <II = 1> <Delay = 1.58> <FuncUnit> <Opcode : 'mux'> <InPorts = 2> <OutPorts = 1>
ST_80 : Operation 221 [1/4] (1.58ns)   --->   "%activations_1 = mux i32 @_ssdm_op_Mux.ap_auto.4i32.i2, i32 %trunc_ln703, i32 %activations_0, i32 %activations_0, i32 %activations_0, i2 %i"   --->   Operation 221 'mux' 'activations_1' <Predicate = (!icmp_ln191)> <Delay = 1.58> <CoreInst = "Multiplexer">   --->   Core 76 'Multiplexer' <Latency = 3> <II = 1> <Delay = 1.58> <FuncUnit> <Opcode : 'mux'> <InPorts = 2> <OutPorts = 1>
ST_80 : Operation 222 [1/1] (0.00ns)   --->   "%br_ln0 = br void %_ZN13ap_fixed_baseILi33ELi17ELb1EL9ap_q_mode5EL9ap_o_mode3ELi0EEC2ILi32ELi16ELb1ELS0_5ELS1_3ELi0EEERKS_IXT_EXT0_EXT1_EXT2_EXT3_EXT4_EE.exit.i"   --->   Operation 222 'br' 'br_ln0' <Predicate = (!icmp_ln191)> <Delay = 0.00>

State 81 <SV = 3> <Delay = 0.69>
ST_81 : Operation 223 [1/1] (0.00ns)   --->   "%dactivations4_01_load = load i32 %dactivations4_01" [backprop.cpp:195]   --->   Operation 223 'load' 'dactivations4_01_load' <Predicate = true> <Delay = 0.00>
ST_81 : Operation 224 [1/1] (0.00ns)   --->   "%write_flag_0_load = load i1 %write_flag_0" [backprop.cpp:195]   --->   Operation 224 'load' 'write_flag_0_load' <Predicate = true> <Delay = 0.00>
ST_81 : Operation 225 [1/1] (0.00ns)   --->   "%write_flag6_0_load = load i1 %write_flag6_0" [backprop.cpp:195]   --->   Operation 225 'load' 'write_flag6_0_load' <Predicate = true> <Delay = 0.00>
ST_81 : Operation 226 [1/1] (0.00ns)   --->   "%dactivations3_02_load = load i32 %dactivations3_02" [backprop.cpp:195]   --->   Operation 226 'load' 'dactivations3_02_load' <Predicate = true> <Delay = 0.00>
ST_81 : Operation 227 [1/1] (0.00ns)   --->   "%dactivations_03_load = load i32 %dactivations_03" [backprop.cpp:195]   --->   Operation 227 'load' 'dactivations_03_load' <Predicate = true> <Delay = 0.00>
ST_81 : Operation 228 [1/1] (0.00ns)   --->   "%write_flag3_0_load = load i1 %write_flag3_0" [backprop.cpp:195]   --->   Operation 228 'load' 'write_flag3_0_load' <Predicate = true> <Delay = 0.00>
ST_81 : Operation 229 [1/1] (0.69ns)   --->   "%select_ln195 = select i1 %write_flag_0_load, i32 %dactivations_03_load, i32 %p_read_6" [backprop.cpp:195]   --->   Operation 229 'select' 'select_ln195' <Predicate = true> <Delay = 0.69> <CoreInst = "Sel">   --->   Core 73 'Sel' <Latency = 0> <II = 1> <Delay = 0.69> <FuncUnit> <Opcode : 'select'> <InPorts = 3> <OutPorts = 1>
ST_81 : Operation 230 [1/1] (0.69ns)   --->   "%select_ln195_1 = select i1 %write_flag3_0_load, i32 %dactivations3_02_load, i32 %p_read_5" [backprop.cpp:195]   --->   Operation 230 'select' 'select_ln195_1' <Predicate = true> <Delay = 0.69> <CoreInst = "Sel">   --->   Core 73 'Sel' <Latency = 0> <II = 1> <Delay = 0.69> <FuncUnit> <Opcode : 'select'> <InPorts = 3> <OutPorts = 1>
ST_81 : Operation 231 [1/1] (0.69ns)   --->   "%select_ln195_2 = select i1 %write_flag6_0_load, i32 %dactivations4_01_load, i32 %p_read_4" [backprop.cpp:195]   --->   Operation 231 'select' 'select_ln195_2' <Predicate = true> <Delay = 0.69> <CoreInst = "Sel">   --->   Core 73 'Sel' <Latency = 0> <II = 1> <Delay = 0.69> <FuncUnit> <Opcode : 'select'> <InPorts = 3> <OutPorts = 1>
ST_81 : Operation 232 [1/1] (0.00ns)   --->   "%mrv = insertvalue i192 <undef>, i32 %select_ln195" [backprop.cpp:195]   --->   Operation 232 'insertvalue' 'mrv' <Predicate = true> <Delay = 0.00>
ST_81 : Operation 233 [1/1] (0.00ns)   --->   "%mrv_s = insertvalue i192 %mrv, i32 %select_ln195_1" [backprop.cpp:195]   --->   Operation 233 'insertvalue' 'mrv_s' <Predicate = true> <Delay = 0.00>
ST_81 : Operation 234 [1/1] (0.00ns)   --->   "%mrv_1 = insertvalue i192 %mrv_s, i32 %select_ln195_2" [backprop.cpp:195]   --->   Operation 234 'insertvalue' 'mrv_1' <Predicate = true> <Delay = 0.00>
ST_81 : Operation 235 [1/1] (0.00ns)   --->   "%mrv_3 = insertvalue i192 %mrv_1, i32 %activations_0" [backprop.cpp:195]   --->   Operation 235 'insertvalue' 'mrv_3' <Predicate = true> <Delay = 0.00>
ST_81 : Operation 236 [1/1] (0.00ns)   --->   "%mrv_4 = insertvalue i192 %mrv_3, i32 %activations12_0" [backprop.cpp:195]   --->   Operation 236 'insertvalue' 'mrv_4' <Predicate = true> <Delay = 0.00>
ST_81 : Operation 237 [1/1] (0.00ns)   --->   "%mrv_5 = insertvalue i192 %mrv_4, i32 %activations2_0" [backprop.cpp:195]   --->   Operation 237 'insertvalue' 'mrv_5' <Predicate = true> <Delay = 0.00>
ST_81 : Operation 238 [1/1] (0.00ns)   --->   "%ret_ln195 = ret i192 %mrv_5" [backprop.cpp:195]   --->   Operation 238 'ret' 'ret_ln195' <Predicate = true> <Delay = 0.00>


============================================================
+ Verbose Summary: Timing violations
============================================================
Target clock period: 2ns, clock uncertainty: 0.54ns.

 <State 1>: 1.59ns
The critical path consists of the following:
	'alloca' operation ('write_flag3_0') [18]  (0 ns)
	'store' operation ('store_ln191', backprop.cpp:191) of constant 0 on local variable 'write_flag3_0' [25]  (1.59 ns)

 <State 2>: 1.86ns
The critical path consists of the following:
	'phi' operation ('i') with incoming values : ('add_ln191', backprop.cpp:191) [33]  (0 ns)
	'add' operation ('add_ln191', backprop.cpp:191) [34]  (1.86 ns)

 <State 3>: 1.86ns
The critical path consists of the following:
	'add' operation ('add_ln191', backprop.cpp:191) [34]  (1.86 ns)

 <State 4>: 1.58ns
The critical path consists of the following:
	'mux' operation ('rhs') [41]  (1.58 ns)

 <State 5>: 1.58ns
The critical path consists of the following:
	'mux' operation ('rhs') [41]  (1.58 ns)

 <State 6>: 2.24ns
The critical path consists of the following:
	'sub' operation ('x.V') [62]  (2.24 ns)

 <State 7>: 2.24ns
The critical path consists of the following:
	'sub' operation ('x.V') [62]  (2.24 ns)

 <State 8>: 1.94ns
The critical path consists of the following:
	'mul' operation ('r.V') [46]  (1.94 ns)

 <State 9>: 1.94ns
The critical path consists of the following:
	'mul' operation ('r.V') [46]  (1.94 ns)

 <State 10>: 1.94ns
The critical path consists of the following:
	'mul' operation ('r.V') [46]  (1.94 ns)

 <State 11>: 1.94ns
The critical path consists of the following:
	'mul' operation ('r.V') [46]  (1.94 ns)

 <State 12>: 1.94ns
The critical path consists of the following:
	'mul' operation ('r.V') [46]  (1.94 ns)

 <State 13>: 1.94ns
The critical path consists of the following:
	'mul' operation ('r.V') [46]  (1.94 ns)

 <State 14>: 1.94ns
The critical path consists of the following:
	'mul' operation ('r.V') [46]  (1.94 ns)
	'store' operation ('store_ln192', backprop.cpp:192) of variable 'trunc_ln' on local variable 'dactivations_03' [54]  (0 ns)

 <State 15>: 1.46ns
The critical path consists of the following:
	'call' operation ('rhs', /home/rcslfpgaserver/Softwares/Xilinx/Vitis_HLS/2020.2/common/technology/autopilot/hls_math.h:1190) to 'exp<32, 16>' [63]  (1.46 ns)

 <State 16>: 1.46ns
The critical path consists of the following:
	'call' operation ('rhs', /home/rcslfpgaserver/Softwares/Xilinx/Vitis_HLS/2020.2/common/technology/autopilot/hls_math.h:1190) to 'exp<32, 16>' [63]  (1.46 ns)

 <State 17>: 1.46ns
The critical path consists of the following:
	'call' operation ('rhs', /home/rcslfpgaserver/Softwares/Xilinx/Vitis_HLS/2020.2/common/technology/autopilot/hls_math.h:1190) to 'exp<32, 16>' [63]  (1.46 ns)

 <State 18>: 1.46ns
The critical path consists of the following:
	'call' operation ('rhs', /home/rcslfpgaserver/Softwares/Xilinx/Vitis_HLS/2020.2/common/technology/autopilot/hls_math.h:1190) to 'exp<32, 16>' [63]  (1.46 ns)

 <State 19>: 1.46ns
The critical path consists of the following:
	'call' operation ('rhs', /home/rcslfpgaserver/Softwares/Xilinx/Vitis_HLS/2020.2/common/technology/autopilot/hls_math.h:1190) to 'exp<32, 16>' [63]  (1.46 ns)

 <State 20>: 1.46ns
The critical path consists of the following:
	'call' operation ('rhs', /home/rcslfpgaserver/Softwares/Xilinx/Vitis_HLS/2020.2/common/technology/autopilot/hls_math.h:1190) to 'exp<32, 16>' [63]  (1.46 ns)

 <State 21>: 1.46ns
The critical path consists of the following:
	'call' operation ('rhs', /home/rcslfpgaserver/Softwares/Xilinx/Vitis_HLS/2020.2/common/technology/autopilot/hls_math.h:1190) to 'exp<32, 16>' [63]  (1.46 ns)

 <State 22>: 1.46ns
The critical path consists of the following:
	'call' operation ('rhs', /home/rcslfpgaserver/Softwares/Xilinx/Vitis_HLS/2020.2/common/technology/autopilot/hls_math.h:1190) to 'exp<32, 16>' [63]  (1.46 ns)

 <State 23>: 1.46ns
The critical path consists of the following:
	'call' operation ('rhs', /home/rcslfpgaserver/Softwares/Xilinx/Vitis_HLS/2020.2/common/technology/autopilot/hls_math.h:1190) to 'exp<32, 16>' [63]  (1.46 ns)

 <State 24>: 1.46ns
The critical path consists of the following:
	'call' operation ('rhs', /home/rcslfpgaserver/Softwares/Xilinx/Vitis_HLS/2020.2/common/technology/autopilot/hls_math.h:1190) to 'exp<32, 16>' [63]  (1.46 ns)

 <State 25>: 1.46ns
The critical path consists of the following:
	'call' operation ('rhs', /home/rcslfpgaserver/Softwares/Xilinx/Vitis_HLS/2020.2/common/technology/autopilot/hls_math.h:1190) to 'exp<32, 16>' [63]  (1.46 ns)

 <State 26>: 1.46ns
The critical path consists of the following:
	'call' operation ('rhs', /home/rcslfpgaserver/Softwares/Xilinx/Vitis_HLS/2020.2/common/technology/autopilot/hls_math.h:1190) to 'exp<32, 16>' [63]  (1.46 ns)

 <State 27>: 1.46ns
The critical path consists of the following:
	'call' operation ('rhs', /home/rcslfpgaserver/Softwares/Xilinx/Vitis_HLS/2020.2/common/technology/autopilot/hls_math.h:1190) to 'exp<32, 16>' [63]  (1.46 ns)

 <State 28>: 1.46ns
The critical path consists of the following:
	'call' operation ('rhs', /home/rcslfpgaserver/Softwares/Xilinx/Vitis_HLS/2020.2/common/technology/autopilot/hls_math.h:1190) to 'exp<32, 16>' [63]  (1.46 ns)

 <State 29>: 1.46ns
The critical path consists of the following:
	'call' operation ('rhs', /home/rcslfpgaserver/Softwares/Xilinx/Vitis_HLS/2020.2/common/technology/autopilot/hls_math.h:1190) to 'exp<32, 16>' [63]  (1.46 ns)

 <State 30>: 1.46ns
The critical path consists of the following:
	'call' operation ('rhs', /home/rcslfpgaserver/Softwares/Xilinx/Vitis_HLS/2020.2/common/technology/autopilot/hls_math.h:1190) to 'exp<32, 16>' [63]  (1.46 ns)

 <State 31>: 1.46ns
The critical path consists of the following:
	'call' operation ('rhs', /home/rcslfpgaserver/Softwares/Xilinx/Vitis_HLS/2020.2/common/technology/autopilot/hls_math.h:1190) to 'exp<32, 16>' [63]  (1.46 ns)

 <State 32>: 1.46ns
The critical path consists of the following:
	'call' operation ('rhs', /home/rcslfpgaserver/Softwares/Xilinx/Vitis_HLS/2020.2/common/technology/autopilot/hls_math.h:1190) to 'exp<32, 16>' [63]  (1.46 ns)

 <State 33>: 1.46ns
The critical path consists of the following:
	'call' operation ('rhs', /home/rcslfpgaserver/Softwares/Xilinx/Vitis_HLS/2020.2/common/technology/autopilot/hls_math.h:1190) to 'exp<32, 16>' [63]  (1.46 ns)

 <State 34>: 1.46ns
The critical path consists of the following:
	'call' operation ('rhs', /home/rcslfpgaserver/Softwares/Xilinx/Vitis_HLS/2020.2/common/technology/autopilot/hls_math.h:1190) to 'exp<32, 16>' [63]  (1.46 ns)

 <State 35>: 1.46ns
The critical path consists of the following:
	'call' operation ('rhs', /home/rcslfpgaserver/Softwares/Xilinx/Vitis_HLS/2020.2/common/technology/autopilot/hls_math.h:1190) to 'exp<32, 16>' [63]  (1.46 ns)

 <State 36>: 0.978ns
The critical path consists of the following:
	'call' operation ('rhs', /home/rcslfpgaserver/Softwares/Xilinx/Vitis_HLS/2020.2/common/technology/autopilot/hls_math.h:1190) to 'exp<32, 16>' [63]  (0.978 ns)

 <State 37>: 2.24ns
The critical path consists of the following:
	'add' operation ('ret.V') [65]  (2.24 ns)

 <State 38>: 2.24ns
The critical path consists of the following:
	'add' operation ('ret.V') [65]  (2.24 ns)

 <State 39>: 4.39ns
The critical path consists of the following:
	'sdiv' operation ('sdiv_ln1148') [67]  (4.39 ns)

 <State 40>: 4.39ns
The critical path consists of the following:
	'sdiv' operation ('sdiv_ln1148') [67]  (4.39 ns)

 <State 41>: 4.39ns
The critical path consists of the following:
	'sdiv' operation ('sdiv_ln1148') [67]  (4.39 ns)

 <State 42>: 4.39ns
The critical path consists of the following:
	'sdiv' operation ('sdiv_ln1148') [67]  (4.39 ns)

 <State 43>: 4.39ns
The critical path consists of the following:
	'sdiv' operation ('sdiv_ln1148') [67]  (4.39 ns)

 <State 44>: 4.39ns
The critical path consists of the following:
	'sdiv' operation ('sdiv_ln1148') [67]  (4.39 ns)

 <State 45>: 4.39ns
The critical path consists of the following:
	'sdiv' operation ('sdiv_ln1148') [67]  (4.39 ns)

 <State 46>: 4.39ns
The critical path consists of the following:
	'sdiv' operation ('sdiv_ln1148') [67]  (4.39 ns)

 <State 47>: 4.39ns
The critical path consists of the following:
	'sdiv' operation ('sdiv_ln1148') [67]  (4.39 ns)

 <State 48>: 4.39ns
The critical path consists of the following:
	'sdiv' operation ('sdiv_ln1148') [67]  (4.39 ns)

 <State 49>: 4.39ns
The critical path consists of the following:
	'sdiv' operation ('sdiv_ln1148') [67]  (4.39 ns)

 <State 50>: 4.39ns
The critical path consists of the following:
	'sdiv' operation ('sdiv_ln1148') [67]  (4.39 ns)

 <State 51>: 4.39ns
The critical path consists of the following:
	'sdiv' operation ('sdiv_ln1148') [67]  (4.39 ns)

 <State 52>: 4.39ns
The critical path consists of the following:
	'sdiv' operation ('sdiv_ln1148') [67]  (4.39 ns)

 <State 53>: 4.39ns
The critical path consists of the following:
	'sdiv' operation ('sdiv_ln1148') [67]  (4.39 ns)

 <State 54>: 4.39ns
The critical path consists of the following:
	'sdiv' operation ('sdiv_ln1148') [67]  (4.39 ns)

 <State 55>: 4.39ns
The critical path consists of the following:
	'sdiv' operation ('sdiv_ln1148') [67]  (4.39 ns)

 <State 56>: 4.39ns
The critical path consists of the following:
	'sdiv' operation ('sdiv_ln1148') [67]  (4.39 ns)

 <State 57>: 4.39ns
The critical path consists of the following:
	'sdiv' operation ('sdiv_ln1148') [67]  (4.39 ns)

 <State 58>: 4.39ns
The critical path consists of the following:
	'sdiv' operation ('sdiv_ln1148') [67]  (4.39 ns)

 <State 59>: 4.39ns
The critical path consists of the following:
	'sdiv' operation ('sdiv_ln1148') [67]  (4.39 ns)

 <State 60>: 4.39ns
The critical path consists of the following:
	'sdiv' operation ('sdiv_ln1148') [67]  (4.39 ns)

 <State 61>: 4.39ns
The critical path consists of the following:
	'sdiv' operation ('sdiv_ln1148') [67]  (4.39 ns)

 <State 62>: 4.39ns
The critical path consists of the following:
	'sdiv' operation ('sdiv_ln1148') [67]  (4.39 ns)

 <State 63>: 4.39ns
The critical path consists of the following:
	'sdiv' operation ('sdiv_ln1148') [67]  (4.39 ns)

 <State 64>: 4.39ns
The critical path consists of the following:
	'sdiv' operation ('sdiv_ln1148') [67]  (4.39 ns)

 <State 65>: 4.39ns
The critical path consists of the following:
	'sdiv' operation ('sdiv_ln1148') [67]  (4.39 ns)

 <State 66>: 4.39ns
The critical path consists of the following:
	'sdiv' operation ('sdiv_ln1148') [67]  (4.39 ns)

 <State 67>: 4.39ns
The critical path consists of the following:
	'sdiv' operation ('sdiv_ln1148') [67]  (4.39 ns)

 <State 68>: 4.39ns
The critical path consists of the following:
	'sdiv' operation ('sdiv_ln1148') [67]  (4.39 ns)

 <State 69>: 4.39ns
The critical path consists of the following:
	'sdiv' operation ('sdiv_ln1148') [67]  (4.39 ns)

 <State 70>: 4.39ns
The critical path consists of the following:
	'sdiv' operation ('sdiv_ln1148') [67]  (4.39 ns)

 <State 71>: 4.39ns
The critical path consists of the following:
	'sdiv' operation ('sdiv_ln1148') [67]  (4.39 ns)

 <State 72>: 4.39ns
The critical path consists of the following:
	'sdiv' operation ('sdiv_ln1148') [67]  (4.39 ns)

 <State 73>: 4.39ns
The critical path consists of the following:
	'sdiv' operation ('sdiv_ln1148') [67]  (4.39 ns)

 <State 74>: 4.39ns
The critical path consists of the following:
	'sdiv' operation ('sdiv_ln1148') [67]  (4.39 ns)

 <State 75>: 4.39ns
The critical path consists of the following:
	'sdiv' operation ('sdiv_ln1148') [67]  (4.39 ns)

 <State 76>: 4.39ns
The critical path consists of the following:
	'sdiv' operation ('sdiv_ln1148') [67]  (4.39 ns)

 <State 77>: 1.58ns
The critical path consists of the following:
	'mux' operation ('activations2_1', backprop.cpp:189) [69]  (1.58 ns)

 <State 78>: 3.17ns
The critical path consists of the following:
	'mux' operation ('activations2_1', backprop.cpp:189) [69]  (1.58 ns)
	'phi' operation ('activations2_0', backprop.cpp:189) with incoming values : ('activations.V[2]', backprop.cpp:189) ('activations2_1', backprop.cpp:189) [32]  (0 ns)
	'mux' operation ('rhs') [41]  (1.58 ns)

 <State 79>: 3.17ns
The critical path consists of the following:
	'mux' operation ('activations2_1', backprop.cpp:189) [69]  (1.58 ns)
	'phi' operation ('activations2_0', backprop.cpp:189) with incoming values : ('activations.V[2]', backprop.cpp:189) ('activations2_1', backprop.cpp:189) [32]  (0 ns)
	'mux' operation ('rhs') [41]  (1.58 ns)

 <State 80>: 3.17ns
The critical path consists of the following:
	'mux' operation ('activations2_1', backprop.cpp:189) [69]  (1.58 ns)
	'phi' operation ('activations2_0', backprop.cpp:189) with incoming values : ('activations.V[2]', backprop.cpp:189) ('activations2_1', backprop.cpp:189) [32]  (0 ns)
	'mux' operation ('rhs') [41]  (1.58 ns)

 <State 81>: 0.698ns
The critical path consists of the following:
	'load' operation ('write_flag_0_load', backprop.cpp:195) on local variable 'write_flag_0' [75]  (0 ns)
	'select' operation ('dactivations.V[0]', backprop.cpp:195) [80]  (0.698 ns)


============================================================
+ Verbose Summary: Binding
============================================================
N/A
* FSMD analyzer results:
  - Output states:
 - Input state : 
  - Chain level:
	State 1
	State 2
	State 3
	State 4
	State 5
	State 6
	State 7
	State 8
	State 9
	State 10
	State 11
	State 12
	State 13
	State 14
	State 15
	State 16
	State 17
	State 18
	State 19
	State 20
	State 21
	State 22
	State 23
	State 24
	State 25
	State 26
	State 27
	State 28
	State 29
	State 30
	State 31
	State 32
	State 33
	State 34
	State 35
	State 36
	State 37
	State 38
	State 39
	State 40
	State 41
	State 42
	State 43
	State 44
	State 45
	State 46
	State 47
	State 48
	State 49
	State 50
	State 51
	State 52
	State 53
	State 54
	State 55
	State 56
	State 57
	State 58
	State 59
	State 60
	State 61
	State 62
	State 63
	State 64
	State 65
	State 66
	State 67
	State 68
	State 69
	State 70
	State 71
	State 72
	State 73
	State 74
	State 75
	State 76
	State 77
	State 78
	State 79
	State 80
	State 81


============================================================
+ Verbose Summary: Datapath Resource usage 
============================================================
N/A
