

================================================================
== Vitis HLS Report for 'aes_expandEncKey'
================================================================
* Date:           Sat Jul 12 15:32:20 2025

* Version:        2020.2 (Build 3064766 on Wed Nov 18 09:12:47 MST 2020)
* Project:        aes
* Solution:       solution1 (Vivado IP Flow Target)
* Product family: zynq
* Target device:  xc7z020-clg484-1


================================================================
== Performance Estimates
================================================================
+ Timing: 
    * Summary: 
    +--------+---------+----------+------------+
    |  Clock |  Target | Estimated| Uncertainty|
    +--------+---------+----------+------------+
    |ap_clk  |  2.00 ns|  1.923 ns|     0.54 ns|
    +--------+---------+----------+------------+

+ Latency: 
    * Summary: 
    +---------+---------+-----------+-----------+-----+-----+---------+
    |  Latency (cycles) |   Latency (absolute)  |  Interval | Pipeline|
    |   min   |   max   |    min    |    max    | min | max |   Type  |
    +---------+---------+-----------+-----------+-----+-----+---------+
    |       34|       34|  68.000 ns|  68.000 ns|   32|   32|      yes|
    +---------+---------+-----------+-----------+-----+-----+---------+

    + Detail: 
        * Instance: 
        N/A

        * Loop: 
        N/A



================================================================
== Utilization Estimates
================================================================
* Summary: 
+-----------------+---------+-----+--------+-------+-----+
|       Name      | BRAM_18K| DSP |   FF   |  LUT  | URAM|
+-----------------+---------+-----+--------+-------+-----+
|DSP              |        -|    -|       -|      -|    -|
|Expression       |        -|    -|       0|    255|    -|
|FIFO             |        -|    -|       -|      -|    -|
|Instance         |        -|    -|    1085|    341|    -|
|Memory           |        1|    -|      16|      0|    -|
|Multiplexer      |        -|    -|       -|    695|    -|
|Register         |        -|    -|     842|      -|    -|
+-----------------+---------+-----+--------+-------+-----+
|Total            |        1|    0|    1943|   1291|    0|
+-----------------+---------+-----+--------+-------+-----+
|Available        |      280|  220|  106400|  53200|    0|
+-----------------+---------+-----+--------+-------+-----+
|Utilization (%)  |       ~0|    0|       1|      2|    0|
+-----------------+---------+-----+--------+-------+-----+

+ Detail: 
    * Instance: 
    +-----------------------+-------------------+---------+----+----+----+-----+
    |        Instance       |       Module      | BRAM_18K| DSP| FF | LUT| URAM|
    +-----------------------+-------------------+---------+----+----+----+-----+
    |add_7ns_7ns_7_2_1_U1   |add_7ns_7ns_7_2_1  |        0|   0|  35|  11|    0|
    |add_7ns_7ns_7_2_1_U2   |add_7ns_7ns_7_2_1  |        0|   0|  35|  11|    0|
    |add_7ns_7ns_7_2_1_U3   |add_7ns_7ns_7_2_1  |        0|   0|  35|  11|    0|
    |add_7ns_7ns_7_2_1_U4   |add_7ns_7ns_7_2_1  |        0|   0|  35|  11|    0|
    |add_7ns_7ns_7_2_1_U5   |add_7ns_7ns_7_2_1  |        0|   0|  35|  11|    0|
    |add_7ns_7ns_7_2_1_U6   |add_7ns_7ns_7_2_1  |        0|   0|  35|  11|    0|
    |add_7ns_7ns_7_2_1_U7   |add_7ns_7ns_7_2_1  |        0|   0|  35|  11|    0|
    |add_7ns_7ns_7_2_1_U8   |add_7ns_7ns_7_2_1  |        0|   0|  35|  11|    0|
    |add_7ns_7ns_7_2_1_U9   |add_7ns_7ns_7_2_1  |        0|   0|  35|  11|    0|
    |add_7ns_7ns_7_2_1_U10  |add_7ns_7ns_7_2_1  |        0|   0|  35|  11|    0|
    |add_7ns_7ns_7_2_1_U11  |add_7ns_7ns_7_2_1  |        0|   0|  35|  11|    0|
    |add_7ns_7ns_7_2_1_U12  |add_7ns_7ns_7_2_1  |        0|   0|  35|  11|    0|
    |add_7ns_7ns_7_2_1_U13  |add_7ns_7ns_7_2_1  |        0|   0|  35|  11|    0|
    |add_7ns_7ns_7_2_1_U14  |add_7ns_7ns_7_2_1  |        0|   0|  35|  11|    0|
    |add_7ns_7ns_7_2_1_U15  |add_7ns_7ns_7_2_1  |        0|   0|  35|  11|    0|
    |add_7ns_7ns_7_2_1_U16  |add_7ns_7ns_7_2_1  |        0|   0|  35|  11|    0|
    |add_7ns_7ns_7_2_1_U17  |add_7ns_7ns_7_2_1  |        0|   0|  35|  11|    0|
    |add_7ns_7ns_7_2_1_U18  |add_7ns_7ns_7_2_1  |        0|   0|  35|  11|    0|
    |add_7ns_7ns_7_2_1_U19  |add_7ns_7ns_7_2_1  |        0|   0|  35|  11|    0|
    |add_7ns_7ns_7_2_1_U20  |add_7ns_7ns_7_2_1  |        0|   0|  35|  11|    0|
    |add_7ns_7ns_7_2_1_U21  |add_7ns_7ns_7_2_1  |        0|   0|  35|  11|    0|
    |add_7ns_7ns_7_2_1_U22  |add_7ns_7ns_7_2_1  |        0|   0|  35|  11|    0|
    |add_7ns_7ns_7_2_1_U23  |add_7ns_7ns_7_2_1  |        0|   0|  35|  11|    0|
    |add_7ns_7ns_7_2_1_U24  |add_7ns_7ns_7_2_1  |        0|   0|  35|  11|    0|
    |add_7ns_7ns_7_2_1_U25  |add_7ns_7ns_7_2_1  |        0|   0|  35|  11|    0|
    |add_7ns_7ns_7_2_1_U26  |add_7ns_7ns_7_2_1  |        0|   0|  35|  11|    0|
    |add_7ns_7ns_7_2_1_U27  |add_7ns_7ns_7_2_1  |        0|   0|  35|  11|    0|
    |add_7ns_7ns_7_2_1_U28  |add_7ns_7ns_7_2_1  |        0|   0|  35|  11|    0|
    |add_7ns_7ns_7_2_1_U29  |add_7ns_7ns_7_2_1  |        0|   0|  35|  11|    0|
    |add_7ns_7ns_7_2_1_U30  |add_7ns_7ns_7_2_1  |        0|   0|  35|  11|    0|
    |add_7ns_7ns_7_2_1_U31  |add_7ns_7ns_7_2_1  |        0|   0|  35|  11|    0|
    +-----------------------+-------------------+---------+----+----+----+-----+
    |Total                  |                   |        0|   0|1085| 341|    0|
    +-----------------------+-------------------+---------+----+----+----+-----+

    * DSP: 
    N/A

    * Memory: 
    +--------+-----------------------+---------+----+----+-----+------+-----+------+-------------+
    | Memory |         Module        | BRAM_18K| FF | LUT| URAM| Words| Bits| Banks| W*Bits*Banks|
    +--------+-----------------------+---------+----+----+-----+------+-----+------+-------------+
    |sbox_U  |aes_expandEncKey_sbox  |        1|  16|   0|    0|   256|    8|     1|         2048|
    +--------+-----------------------+---------+----+----+-----+------+-----+------+-------------+
    |Total   |                       |        1|  16|   0|    0|   256|    8|     1|         2048|
    +--------+-----------------------+---------+----+----+-----+------+-----+------+-------------+

    * FIFO: 
    N/A

    * Expression: 
    +------------------------+----------+----+---+----+------------+------------+
    |      Variable Name     | Operation| DSP| FF| LUT| Bitwidth P0| Bitwidth P1|
    +------------------------+----------+----+---+----+------------+------------+
    |select_ln308_fu_725_p3  |    select|   0|  0|   5|           1|           5|
    |ap_enable_pp0           |       xor|   0|  0|   2|           1|           2|
    |grp_fu_482_p2           |       xor|   0|  0|   8|           8|           8|
    |grp_fu_488_p2           |       xor|   0|  0|   8|           8|           8|
    |grp_fu_494_p2           |       xor|   0|  0|   8|           8|           8|
    |xor_ln304_1_fu_705_p2   |       xor|   0|  0|   8|           8|           8|
    |xor_ln304_fu_699_p2     |       xor|   0|  0|   8|           8|           8|
    |xor_ln308_fu_733_p2     |       xor|   0|  0|   8|           8|           8|
    |xor_ln310_1_fu_780_p2   |       xor|   0|  0|   8|           8|           8|
    |xor_ln310_2_fu_819_p2   |       xor|   0|  0|   8|           8|           8|
    |xor_ln310_3_fu_785_p2   |       xor|   0|  0|   8|           8|           8|
    |xor_ln310_4_fu_814_p2   |       xor|   0|  0|   8|           8|           8|
    |xor_ln310_5_fu_853_p2   |       xor|   0|  0|   8|           8|           8|
    |xor_ln310_fu_757_p2     |       xor|   0|  0|   8|           8|           8|
    |xor_ln311_1_fu_842_p2   |       xor|   0|  0|   8|           8|           8|
    |xor_ln311_2_fu_885_p2   |       xor|   0|  0|   8|           8|           8|
    |xor_ln311_3_fu_848_p2   |       xor|   0|  0|   8|           8|           8|
    |xor_ln311_4_fu_880_p2   |       xor|   0|  0|   8|           8|           8|
    |xor_ln311_5_fu_907_p2   |       xor|   0|  0|   8|           8|           8|
    |xor_ln311_fu_808_p2     |       xor|   0|  0|   8|           8|           8|
    |xor_ln315_fu_948_p2     |       xor|   0|  0|   8|           8|           8|
    |xor_ln317_1_fu_937_p2   |       xor|   0|  0|   8|           8|           8|
    |xor_ln317_2_fu_980_p2   |       xor|   0|  0|   8|           8|           8|
    |xor_ln317_3_fu_943_p2   |       xor|   0|  0|   8|           8|           8|
    |xor_ln317_4_fu_960_p2   |       xor|   0|  0|   8|           8|           8|
    |xor_ln317_5_fu_984_p2   |       xor|   0|  0|   8|           8|           8|
    |xor_ln317_fu_932_p2     |       xor|   0|  0|   8|           8|           8|
    |xor_ln318_1_fu_965_p2   |       xor|   0|  0|   8|           8|           8|
    |xor_ln318_2_fu_988_p2   |       xor|   0|  0|   8|           8|           8|
    |xor_ln318_3_fu_970_p2   |       xor|   0|  0|   8|           8|           8|
    |xor_ln318_4_fu_975_p2   |       xor|   0|  0|   8|           8|           8|
    |xor_ln318_5_fu_992_p2   |       xor|   0|  0|   8|           8|           8|
    |xor_ln318_fu_954_p2     |       xor|   0|  0|   8|           8|           8|
    +------------------------+----------+----+---+----+------------+------------+
    |Total                   |          |   0|  0| 255|         250|         255|
    +------------------------+----------+----+---+----+------------+------------+

    * Multiplexer: 
    +-------------------------+-----+-----------+-----+-----------+
    |           Name          | LUT | Input Size| Bits| Total Bits|
    +-------------------------+-----+-----------+-----+-----------+
    |ap_NS_fsm                |  147|         33|    1|         33|
    |ap_enable_reg_pp0_iter0  |    9|          2|    1|          2|
    |ap_enable_reg_pp0_iter1  |    9|          2|    1|          2|
    |ctx_address0             |  147|         33|    7|        231|
    |ctx_address1             |  147|         33|    7|        231|
    |ctx_d0                   |   87|         18|    8|        144|
    |ctx_d1                   |   65|         16|    8|        128|
    |reg_446                  |    9|          2|    8|         16|
    |reg_451                  |    9|          2|    8|         16|
    |reg_456                  |    9|          2|    8|         16|
    |reg_469                  |    9|          2|    8|         16|
    |sbox_address0            |   48|          9|    8|         72|
    +-------------------------+-----+-----------+-----+-----------+
    |Total                    |  695|        154|   73|        907|
    +-------------------------+-----+-----------+-----+-----------+

    * Register: 
    +-----------------------------+----+----+-----+-----------+
    |             Name            | FF | LUT| Bits| Const Bits|
    +-----------------------------+----+----+-----+-----------+
    |add_ln304_reg_1037           |   7|   0|    7|          0|
    |add_ln305_1_reg_1069         |   7|   0|    7|          0|
    |add_ln305_reg_1042           |   7|   0|    7|          0|
    |add_ln306_1_reg_1080         |   7|   0|    7|          0|
    |add_ln306_reg_1059           |   7|   0|    7|          0|
    |add_ln307_1_reg_1100         |   7|   0|    7|          0|
    |add_ln307_reg_1064           |   7|   0|    7|          0|
    |add_ln310_1_reg_1132         |   7|   0|    7|          0|
    |add_ln310_2_reg_1174         |   7|   0|    7|          0|
    |add_ln310_3_reg_1194         |   7|   0|    7|          0|
    |add_ln310_4_reg_1224         |   7|   0|    7|          0|
    |add_ln310_5_reg_1244         |   7|   0|    7|          0|
    |add_ln310_reg_1105           |   7|   0|    7|          0|
    |add_ln311_1_reg_1169         |   7|   0|    7|          0|
    |add_ln311_2_reg_1199         |   7|   0|    7|          0|
    |add_ln311_3_reg_1219         |   7|   0|    7|          0|
    |add_ln311_4_reg_1249         |   7|   0|    7|          0|
    |add_ln311_5_reg_1274         |   7|   0|    7|          0|
    |add_ln311_reg_1137           |   7|   0|    7|          0|
    |add_ln312_reg_1279           |   7|   0|    7|          0|
    |add_ln313_reg_1306           |   7|   0|    7|          0|
    |add_ln314_reg_1311           |   7|   0|    7|          0|
    |add_ln315_reg_1338           |   7|   0|    7|          0|
    |add_ln317_1_reg_1376         |   7|   0|    7|          0|
    |add_ln317_2_reg_1424         |   7|   0|    7|          0|
    |add_ln317_3_reg_1456         |   7|   0|    7|          0|
    |add_ln317_reg_1343           |   7|   0|    7|          0|
    |add_ln318_1_reg_1419         |   7|   0|    7|          0|
    |add_ln318_2_reg_1461         |   7|   0|    7|          0|
    |add_ln318_3_reg_1487         |   7|   0|    7|          0|
    |add_ln318_reg_1381           |   7|   0|    7|          0|
    |ap_CS_fsm                    |  32|   0|   32|          0|
    |ap_enable_reg_pp0_iter0_reg  |   1|   0|    1|          0|
    |ap_enable_reg_pp0_iter1      |   1|   0|    1|          0|
    |ap_port_reg_rc_read          |   8|   0|    8|          0|
    |ctx_addr_10_reg_1053         |   7|   0|    7|          0|
    |ctx_addr_11_reg_1090         |   7|   0|    7|          0|
    |ctx_addr_12_reg_1074         |   7|   0|    7|          0|
    |ctx_addr_13_reg_1095         |   7|   0|    7|          0|
    |ctx_addr_14_reg_1085         |   7|   0|    7|          0|
    |ctx_addr_15_reg_1122         |   7|   0|    7|          0|
    |ctx_addr_25_reg_1301         |   7|   0|    7|          0|
    |ctx_addr_27_reg_1328         |   7|   0|    7|          0|
    |ctx_addr_29_reg_1333         |   7|   0|    7|          0|
    |ctx_addr_31_reg_1366         |   7|   0|    7|          0|
    |ctx_addr_39_reg_1127         |   7|   0|    7|          0|
    |ctx_addr_40_reg_1159         |   7|   0|    7|          0|
    |ctx_addr_41_reg_1164         |   7|   0|    7|          0|
    |ctx_addr_42_reg_1184         |   7|   0|    7|          0|
    |ctx_addr_43_reg_1189         |   7|   0|    7|          0|
    |ctx_addr_44_reg_1209         |   7|   0|    7|          0|
    |ctx_addr_45_reg_1214         |   7|   0|    7|          0|
    |ctx_addr_46_reg_1234         |   7|   0|    7|          0|
    |ctx_addr_47_reg_1239         |   7|   0|    7|          0|
    |ctx_addr_48_reg_1264         |   7|   0|    7|          0|
    |ctx_addr_49_reg_1269         |   7|   0|    7|          0|
    |ctx_addr_50_reg_1296         |   7|   0|    7|          0|
    |ctx_addr_51_reg_1371         |   7|   0|    7|          0|
    |ctx_addr_52_reg_1409         |   7|   0|    7|          0|
    |ctx_addr_53_reg_1414         |   7|   0|    7|          0|
    |ctx_addr_54_reg_1446         |   7|   0|    7|          0|
    |ctx_addr_55_reg_1451         |   7|   0|    7|          0|
    |ctx_addr_56_reg_1477         |   7|   0|    7|          0|
    |ctx_addr_57_reg_1482         |   7|   0|    7|          0|
    |ctx_addr_58_reg_1497         |   7|   0|    7|          0|
    |ctx_addr_9_reg_1031          |   7|   0|    7|          0|
    |ctx_addr_reg_1047            |   7|   0|    7|          0|
    |ctx_load_10_reg_1153         |   8|   0|    8|          0|
    |ctx_load_6_reg_1116          |   8|   0|    8|          0|
    |ctx_load_8_reg_1147          |   8|   0|    8|          0|
    |ctx_load_reg_1110            |   8|   0|    8|          0|
    |k_read_reg_996               |   7|   0|    7|          0|
    |reg_442                      |   8|   0|    8|          0|
    |reg_446                      |   8|   0|    8|          0|
    |reg_451                      |   8|   0|    8|          0|
    |reg_456                      |   8|   0|    8|          0|
    |reg_461                      |   8|   0|    8|          0|
    |reg_465                      |   8|   0|    8|          0|
    |reg_469                      |   8|   0|    8|          0|
    |reg_474                      |   8|   0|    8|          0|
    |reg_478                      |   8|   0|    8|          0|
    |reg_500                      |   8|   0|    8|          0|
    |reg_506                      |   8|   0|    8|          0|
    |xor_ln304_1_reg_1254         |   8|   0|    8|          0|
    |xor_ln305_reg_1284           |   8|   0|    8|          0|
    |xor_ln308_reg_1260           |   8|   0|    8|          0|
    |xor_ln310_1_reg_1316         |   8|   0|    8|          0|
    |xor_ln310_2_reg_1360         |   8|   0|    8|          0|
    |xor_ln310_3_reg_1322         |   8|   0|    8|          0|
    |xor_ln310_4_reg_1354         |   8|   0|    8|          0|
    |xor_ln310_5_reg_1398         |   8|   0|    8|          0|
    |xor_ln310_reg_1290           |   8|   0|    8|          0|
    |xor_ln311_1_reg_1386         |   8|   0|    8|          0|
    |xor_ln311_2_reg_1435         |   8|   0|    8|          0|
    |xor_ln311_3_reg_1392         |   8|   0|    8|          0|
    |xor_ln311_4_reg_1429         |   8|   0|    8|          0|
    |xor_ln311_5_reg_1466         |   8|   0|    8|          0|
    |xor_ln311_reg_1348           |   8|   0|    8|          0|
    |xor_ln312_reg_1502           |   8|   0|    8|          0|
    |xor_ln315_reg_1526           |   8|   0|    8|          0|
    |xor_ln317_1_reg_1514         |   8|   0|    8|          0|
    |xor_ln317_2_reg_1562         |   8|   0|    8|          0|
    |xor_ln317_3_reg_1520         |   8|   0|    8|          0|
    |xor_ln317_4_reg_1538         |   8|   0|    8|          0|
    |xor_ln317_5_reg_1567         |   8|   0|    8|          0|
    |xor_ln317_reg_1508           |   8|   0|    8|          0|
    |xor_ln318_1_reg_1544         |   8|   0|    8|          0|
    |xor_ln318_2_reg_1572         |   8|   0|    8|          0|
    |xor_ln318_3_reg_1550         |   8|   0|    8|          0|
    |xor_ln318_4_reg_1556         |   8|   0|    8|          0|
    |xor_ln318_5_reg_1577         |   8|   0|    8|          0|
    |xor_ln318_reg_1532           |   8|   0|    8|          0|
    +-----------------------------+----+----+-----+-----------+
    |Total                        | 842|   0|  842|          0|
    +-----------------------------+----+----+-----+-----------+



================================================================
== Interface
================================================================
* Summary: 
+--------------+-----+-----+------------+------------------+--------------+
|   RTL Ports  | Dir | Bits|  Protocol  |   Source Object  |    C Type    |
+--------------+-----+-----+------------+------------------+--------------+
|ap_clk        |   in|    1|  ap_ctrl_hs|  aes_expandEncKey|  return value|
|ap_rst        |   in|    1|  ap_ctrl_hs|  aes_expandEncKey|  return value|
|ap_start      |   in|    1|  ap_ctrl_hs|  aes_expandEncKey|  return value|
|ap_done       |  out|    1|  ap_ctrl_hs|  aes_expandEncKey|  return value|
|ap_idle       |  out|    1|  ap_ctrl_hs|  aes_expandEncKey|  return value|
|ap_ready      |  out|    1|  ap_ctrl_hs|  aes_expandEncKey|  return value|
|ap_ce         |   in|    1|  ap_ctrl_hs|  aes_expandEncKey|  return value|
|ap_return     |  out|    8|  ap_ctrl_hs|  aes_expandEncKey|  return value|
|ctx_address0  |  out|    7|   ap_memory|               ctx|         array|
|ctx_ce0       |  out|    1|   ap_memory|               ctx|         array|
|ctx_we0       |  out|    1|   ap_memory|               ctx|         array|
|ctx_d0        |  out|    8|   ap_memory|               ctx|         array|
|ctx_q0        |   in|    8|   ap_memory|               ctx|         array|
|ctx_address1  |  out|    7|   ap_memory|               ctx|         array|
|ctx_ce1       |  out|    1|   ap_memory|               ctx|         array|
|ctx_we1       |  out|    1|   ap_memory|               ctx|         array|
|ctx_d1        |  out|    8|   ap_memory|               ctx|         array|
|ctx_q1        |   in|    8|   ap_memory|               ctx|         array|
|k             |   in|    7|     ap_none|                 k|        scalar|
|rc_read       |   in|    8|     ap_none|           rc_read|        scalar|
+--------------+-----+-----+------------+------------------+--------------+

