

================================================================
== Synthesis Summary Report of 'aes_top'
================================================================
+ General Information: 
    * Date:           Sat Jul 12 15:32:22 2025
    * Version:        2020.2 (Build 3064766 on Wed Nov 18 09:12:47 MST 2020)
    * Project:        aes
    * Solution:       solution1 (Vivado IP Flow Target)
    * Product family: zynq
    * Target device:  xc7z020-clg484-1
    

+ Performance & Resource Estimates: 
    
    PS: '+' for module; 'o' for loop; '*' for dataflow
    +--------------------------------+--------+-------+---------+-----------+----------+---------+------+----------+---------+----+-----------+-----------+-----+
    |             Modules            |  Issue |       | Latency |  Latency  | Iteration|         | Trip |          |         |    |           |           |     |
    |             & Loops            |  Type  | Slack | (cycles)|    (ns)   |  Latency | Interval| Count| Pipelined|  BRAM   | DSP|     FF    |    LUT    | URAM|
    +--------------------------------+--------+-------+---------+-----------+----------+---------+------+----------+---------+----+-----------+-----------+-----+
    |+ aes_top                       |  Timing|   2.31|     1093|  4.121e+03|         -|     1094|     -|        no|  2 (~0%)|   -|  3475 (3%)|  4380 (8%)|    -|
    | + grp_aes_expandEncKey_fu_892  |  Timing|   0.46|       34|    128.193|         -|       32|     -|       yes|  1 (~0%)|   -|  1943 (1%)|  1291 (2%)|    -|
    | o ecb1                         |      II|  -1.46|       67|    252.615|         6|        2|    32|       yes|        -|   -|          -|          -|    -|
    | o ecb2                         |      II|  -1.46|      245|    923.742|        36|       35|     7|       yes|        -|   -|          -|          -|    -|
    | o cpkey                        |      II|  -1.46|       81|    305.400|         7|        5|    16|       yes|        -|   -|          -|          -|    -|
    | o ecb3                         |      II|  -1.46|      602|  2.270e+03|        51|       46|    13|       yes|        -|   -|          -|          -|    -|
    | o sub                          |       -|  -1.46|       25|     94.259|        11|        1|    16|       yes|        -|   -|          -|          -|    -|
    | o addkey                       |       -|  -1.46|       22|     82.948|         8|        1|    16|       yes|        -|   -|          -|          -|    -|
    +--------------------------------+--------+-------+---------+-----------+----------+---------+------+----------+---------+----+-----------+-----------+-----+

