

================================================================
== Synthesis Summary Report of 'backprop_top'
================================================================
+ General Information: 
    * Date:           Sun Jul 20 20:02:18 2025
    * Version:        2020.2 (Build 3064766 on Wed Nov 18 09:12:47 MST 2020)
    * Project:        aes
    * Solution:       solution1 (Vivado IP Flow Target)
    * Product family: zynq
    * Target device:  xc7z020-clg484-1
    

+ Performance & Resource Estimates: 
    
    PS: '+' for module; 'o' for loop; '*' for dataflow
    +-----------------------------------------+--------+-------+----------+-----------+----------+----------+------+----------+---------+---------+---------------+--------------+-----+
    |                 Modules                 |  Issue |       | Latency  |  Latency  | Iteration|          | Trip |          |         |         |               |              |     |
    |                 & Loops                 |  Type  | Slack | (cycles) |    (ns)   |  Latency | Interval | Count| Pipelined|  BRAM   |   DSP   |       FF      |      LUT     | URAM|
    +-----------------------------------------+--------+-------+----------+-----------+----------+----------+------+----------+---------+---------+---------------+--------------+-----+
    |+ backprop_top                           |  Timing|   3.43|  47676850|  2.330e+08|         -|  47676851|     -|        no|  27 (9%)|   9 (4%)|  243308 (228%)|  79908 (150%)|    -|
    | + grp_update_weights_fu_6265            |  Timing|   3.43|    283449|  1.385e+06|         -|    283449|     -|        no|        -|        -|    71997 (67%)|   45087 (84%)|    -|
    |  + grp_sqrt_fixed_32_16_s_fu_772        |  Timing|   0.98|       116|    567.008|         -|         1|     -|       yes|        -|        -|    16484 (15%)|    8130 (15%)|    -|
    |  + grp_sqrt_fixed_32_16_s_fu_778        |  Timing|   0.98|       116|    567.008|         -|         1|     -|       yes|        -|        -|    16484 (15%)|    8130 (15%)|    -|
    |  o VITIS_LOOP_336_1_VITIS_LOOP_337_2    |      II|  -1.46|      3350|  1.637e+04|        27|         4|   832|       yes|        -|        -|              -|             -|    -|
    |  o VITIS_LOOP_342_3                     |       -|  -1.46|        85|    415.480|        23|         1|    64|       yes|        -|        -|              -|             -|    -|
    |  o VITIS_LOOP_350_4_VITIS_LOOP_351_5    |      II|  -1.46|     44104|  2.156e+05|        62|        53|   832|       yes|        -|        -|              -|             -|    -|
    |  o VITIS_LOOP_355_6                     |       -|  -1.46|       121|    591.448|        59|         1|    64|       yes|        -|        -|              -|             -|    -|
    |  o VITIS_LOOP_362_7_VITIS_LOOP_363_8    |      II|  -1.46|     16406|  8.019e+04|        27|         4|  4096|       yes|        -|        -|              -|             -|    -|
    |  o VITIS_LOOP_368_9                     |       -|  -1.46|        85|    415.480|        23|         1|    64|       yes|        -|        -|              -|             -|    -|
    |  o VITIS_LOOP_376_10_VITIS_LOOP_377_11  |      II|  -1.46|    217096|  1.061e+06|        62|        53|  4096|       yes|        -|        -|              -|             -|    -|
    |  o VITIS_LOOP_381_12                    |       -|  -1.46|       121|    591.448|        59|         1|    64|       yes|        -|        -|              -|             -|    -|
    |  o VITIS_LOOP_388_13_VITIS_LOOP_389_14  |      II|  -1.46|       792|  3.871e+03|        29|         4|   192|       yes|        -|        -|              -|             -|    -|
    |  o VITIS_LOOP_394_15                    |      II|  -1.46|        25|    122.200|        22|         2|     3|       yes|        -|        -|              -|             -|    -|
    |  o VITIS_LOOP_402_16_VITIS_LOOP_403_17  |      II|  -1.46|       828|  4.047e+03|        65|         4|   192|       yes|        -|        -|              -|             -|    -|
    |  o VITIS_LOOP_407_18                    |      II|  -1.46|        61|    298.168|        58|         2|     3|       yes|        -|        -|              -|             -|    -|
    | + grp_RELU_fu_6289                      |  Timing|   2.93|       237|  1.158e+03|         -|       237|     -|        no|        -|        -|      3964 (3%)|     2772 (5%)|    -|
    |  + grp_exp_32_16_s_fu_168               |  Timing|   0.99|        28|    136.864|         -|         1|     -|       yes|   5 (1%)|  2 (~0%)|      2736 (2%)|      747 (1%)|    -|
    |  o VITIS_LOOP_191_1                     |      II|  -1.46|       235|  1.149e+03|        79|        78|     3|       yes|        -|        -|              -|             -|    -|
    | + grp_exp_32_16_s_fu_6308               |  Timing|   0.99|        28|    136.864|         -|         1|     -|       yes|   5 (1%)|  2 (~0%)|      2736 (2%)|      747 (1%)|    -|
    | o VITIS_LOOP_437_1                      |       -|  -1.46|  47676849|  2.330e+08|    292496|         -|   163|        no|        -|        -|              -|             -|    -|
    |  o VITIS_LOOP_438_2                     |      II|  -1.46|       257|  1.256e+03|         5|         4|    64|       yes|        -|        -|              -|             -|    -|
    |  o VITIS_LOOP_211_1                     |      II|  -1.46|       479|  2.341e+03|        39|         7|    64|       yes|        -|        -|              -|             -|    -|
    |  o VITIS_LOOP_201_1                     |       -|  -1.46|        71|    347.048|         9|         1|    64|       yes|        -|        -|              -|             -|    -|
    |  o VITIS_LOOP_191_1                     |       -|  -1.46|       140|    684.320|        78|         1|    64|       yes|        -|        -|              -|             -|    -|
    |  o VITIS_LOOP_225_1                     |      II|  -1.46|      2154|  1.053e+04|       139|        32|    64|       yes|        -|        -|              -|             -|    -|
    |  o VITIS_LOOP_201_1                     |       -|  -1.46|        71|    347.048|         9|         1|    64|       yes|        -|        -|              -|             -|    -|
    |  o VITIS_LOOP_191_1                     |       -|  -1.46|       140|    684.320|        78|         1|    64|       yes|        -|        -|              -|             -|    -|
    |  o VITIS_LOOP_239_1                     |      II|  -1.46|       202|    987.376|       138|        32|     3|       yes|        -|        -|              -|             -|    -|
    |  o VITIS_LOOP_201_1                     |      II|  -1.46|        19|     92.872|         7|         6|     3|       yes|        -|        -|              -|             -|    -|
    |  o VITIS_LOOP_181_1                     |      II|  -1.46|        40|    195.520|        37|         2|     3|       yes|        -|        -|              -|             -|    -|
    |  o VITIS_LOOP_184_2                     |      II|  -1.46|        90|    439.920|        87|         2|     3|       yes|        -|        -|              -|             -|    -|
    |  o VITIS_LOOP_253_1                     |      II|  -1.46|        20|     97.760|        17|         2|     3|       yes|        -|        -|              -|             -|    -|
    |  o VITIS_LOOP_262_1                     |      II|  -1.46|       139|    679.432|        14|         2|    64|       yes|        -|        -|              -|             -|    -|
    |  o VITIS_LOOP_274_1                     |      II|  -1.46|       153|    747.864|        28|         2|    64|       yes|        -|        -|              -|             -|    -|
    |  o VITIS_LOOP_287_1                     |      II|  -1.46|      2059|  1.006e+04|        44|        32|    64|       yes|        -|        -|              -|             -|    -|
    |  o VITIS_LOOP_299_1                     |      II|  -1.46|      2161|  1.056e+04|       146|        32|    64|       yes|        -|        -|              -|             -|    -|
    |  o VITIS_LOOP_312_1                     |      II|  -1.46|       430|  2.102e+03|        46|        32|    13|       yes|        -|        -|              -|             -|    -|
    +-----------------------------------------+--------+-------+----------+-----------+----------+----------+------+----------+---------+---------+---------------+--------------+-----+

