

================================================================
== Vitis HLS Report for 'exp_32_16_s'
================================================================
* Date:           Sun Jul 20 20:01:59 2025

* Version:        2020.2 (Build 3064766 on Wed Nov 18 09:12:47 MST 2020)
* Project:        aes
* Solution:       solution1 (Vivado IP Flow Target)
* Product family: zynq
* Target device:  xc7z020-clg484-1


================================================================
== Performance Estimates
================================================================
+ Timing: 
    * Summary: 
    +--------+---------+----------+------------+
    |  Clock |  Target | Estimated| Uncertainty|
    +--------+---------+----------+------------+
    |ap_clk  |  2.00 ns|  2.454 ns|     0.54 ns|
    +--------+---------+----------+------------+

+ Latency: 
    * Summary: 
    +---------+---------+-----------+-----------+-----+-----+---------+
    |  Latency (cycles) |   Latency (absolute)  |  Interval | Pipeline|
    |   min   |   max   |    min    |    max    | min | max |   Type  |
    +---------+---------+-----------+-----------+-----+-----+---------+
    |       28|       28|  68.712 ns|  68.712 ns|    1|    1|      yes|
    +---------+---------+-----------+-----------+-----+-----+---------+

    + Detail: 
        * Instance: 
        N/A

        * Loop: 
        N/A



================================================================
== Utilization Estimates
================================================================
* Summary: 
+-----------------+---------+-----+--------+-------+-----+
|       Name      | BRAM_18K| DSP |   FF   |  LUT  | URAM|
+-----------------+---------+-----+--------+-------+-----+
|DSP              |        -|    -|       -|      -|    -|
|Expression       |        -|    -|       0|    177|    -|
|FIFO             |        -|    -|       -|      -|    -|
|Instance         |        -|    2|    1101|    186|    -|
|Memory           |        5|    -|     256|      0|    -|
|Multiplexer      |        -|    -|       -|      -|    -|
|Register         |        -|    -|    1379|    384|    -|
+-----------------+---------+-----+--------+-------+-----+
|Total            |        5|    2|    2736|    747|    0|
+-----------------+---------+-----+--------+-------+-----+
|Available        |      280|  220|  106400|  53200|    0|
+-----------------+---------+-----+--------+-------+-----+
|Utilization (%)  |        1|   ~0|       2|      1|    0|
+-----------------+---------+-----+--------+-------+-----+

+ Detail: 
    * Instance: 
    +--------------------------+-----------------------+---------+----+-----+----+-----+
    |         Instance         |         Module        | BRAM_18K| DSP|  FF | LUT| URAM|
    +--------------------------+-----------------------+---------+----+-----+----+-----+
    |add_50ns_50ns_50_2_1_U6   |add_50ns_50ns_50_2_1   |        0|   0|  229|  54|    0|
    |add_56ns_56ns_56_2_1_U3   |add_56ns_56ns_56_2_1   |        0|   0|  256|  60|    0|
    |add_56ns_56ns_56_2_1_U4   |add_56ns_56ns_56_2_1   |        0|   0|  256|  60|    0|
    |add_9ns_9ns_9_2_1_U1      |add_9ns_9ns_9_2_1      |        0|   0|   40|  12|    0|
    |mul_50ns_47ns_97_7_1_U2   |mul_50ns_47ns_97_7_1   |        0|   1|  160|   0|    0|
    |mul_50ns_50ns_100_7_1_U5  |mul_50ns_50ns_100_7_1  |        0|   1|  160|   0|    0|
    +--------------------------+-----------------------+---------+----+-----+----+-----+
    |Total                     |                       |        0|   2| 1101| 186|    0|
    +--------------------------+-----------------------+---------+----+-----+----+-----+

    * DSP: 
    N/A

    * Memory: 
    +-----------------------+---------------------------------+---------+-----+----+-----+------+-----+------+-------------+
    |         Memory        |              Module             | BRAM_18K|  FF | LUT| URAM| Words| Bits| Banks| W*Bits*Banks|
    +-----------------------+---------------------------------+---------+-----+----+-----+------+-----+------+-------------+
    |exp_x_msb_1_table_V_U  |exp_32_16_s_exp_x_msb_1_table_V  |        2|  100|   0|    0|   256|   50|     1|        12800|
    |f_x_msb_2_table_V_U    |exp_32_16_s_f_x_msb_2_table_V    |        2|   92|   0|    0|   256|   46|     1|        11776|
    |f_x_msb_3_table_V_U    |exp_32_16_s_f_x_msb_3_table_V    |        1|   64|   0|    0|    32|   32|     1|         1024|
    +-----------------------+---------------------------------+---------+-----+----+-----+------+-----+------+-------------+
    |Total                  |                                 |        5|  256|   0|    0|   544|  128|     3|        25600|
    +-----------------------+---------------------------------+---------+-----+----+-----+------+-----+------+-------------+

    * FIFO: 
    N/A

    * Expression: 
    +------------------------+----------+----+---+----+------------+------------+
    |      Variable Name     | Operation| DSP| FF| LUT| Bitwidth P0| Bitwidth P1|
    +------------------------+----------+----+---+----+------------+------------+
    |and_ln300_fu_442_p2     |       and|   0|  0|   2|           1|           1|
    |icmp_ln1496_fu_347_p2   |      icmp|   0|  0|  15|          23|          20|
    |icmp_ln1498_fu_341_p2   |      icmp|   0|  0|   9|           5|           4|
    |icmp_ln533_fu_673_p2    |      icmp|   0|  0|   9|           4|           1|
    |overf_1_fu_668_p2       |      icmp|   0|  0|   8|           2|           1|
    |or_ln300_10_fu_634_p2   |        or|   0|  0|   2|           1|           1|
    |or_ln300_1_fu_388_p2    |        or|   0|  0|   2|           1|           1|
    |or_ln300_2_fu_394_p2    |        or|   0|  0|   2|           1|           1|
    |or_ln300_3_fu_400_p2    |        or|   0|  0|   2|           1|           1|
    |or_ln300_4_fu_626_p2    |        or|   0|  0|   2|           1|           1|
    |or_ln300_5_fu_406_p2    |        or|   0|  0|   2|           1|           1|
    |or_ln300_6_fu_412_p2    |        or|   0|  0|   2|           1|           1|
    |or_ln300_7_fu_446_p2    |        or|   0|  0|   2|           1|           1|
    |or_ln300_8_fu_452_p2    |        or|   0|  0|   2|           1|           1|
    |or_ln300_9_fu_630_p2    |        or|   0|  0|   2|           1|           1|
    |or_ln300_fu_382_p2      |        or|   0|  0|   2|           1|           1|
    |or_ln533_1_fu_697_p2    |        or|   0|  0|   2|           1|           1|
    |or_ln533_fu_692_p2      |        or|   0|  0|   2|           1|           1|
    |overf_2_fu_703_p2       |        or|   0|  0|   2|           1|           1|
    |ap_return               |    select|   0|  0|  32|           1|          31|
    |p_Val2_126_fu_640_p3    |    select|   0|  0|  46|           1|          46|
    |select_ln640_fu_609_p3  |    select|   0|  0|   2|           1|           2|
    |ap_enable_pp0           |       xor|   0|  0|   2|           1|           2|
    |overf_fu_223_p2         |       xor|   0|  0|   2|           1|           1|
    |xor_ln222_10_fu_437_p2  |       xor|   0|  0|   2|           1|           1|
    |xor_ln222_2_fu_237_p2   |       xor|   0|  0|   2|           1|           1|
    |xor_ln222_3_fu_251_p2   |       xor|   0|  0|   2|           1|           1|
    |xor_ln222_4_fu_265_p2   |       xor|   0|  0|   2|           1|           1|
    |xor_ln222_5_fu_293_p2   |       xor|   0|  0|   2|           1|           1|
    |xor_ln222_6_fu_307_p2   |       xor|   0|  0|   2|           1|           1|
    |xor_ln222_7_fu_321_p2   |       xor|   0|  0|   2|           1|           1|
    |xor_ln222_8_fu_335_p2   |       xor|   0|  0|   2|           1|           1|
    |xor_ln222_9_fu_425_p2   |       xor|   0|  0|   2|           1|           1|
    |xor_ln222_fu_279_p2     |       xor|   0|  0|   2|           1|           1|
    |xor_ln640_fu_604_p2     |       xor|   0|  0|   2|           1|           2|
    +------------------------+----------+----+---+----+------------+------------+
    |Total                   |          |   0|  0| 177|          65|         135|
    +------------------------+----------+----+---+----+------------+------------+

    * Multiplexer: 
    N/A

    * Register: 
    +-----------------------------------+----+----+-----+-----------+
    |                Name               | FF | LUT| Bits| Const Bits|
    +-----------------------------------+----+----+-----+-----------+
    |ap_CS_fsm                          |   1|   0|    1|          0|
    |ap_enable_reg_pp0_iter1            |   1|   0|    1|          0|
    |ap_enable_reg_pp0_iter10           |   1|   0|    1|          0|
    |ap_enable_reg_pp0_iter11           |   1|   0|    1|          0|
    |ap_enable_reg_pp0_iter12           |   1|   0|    1|          0|
    |ap_enable_reg_pp0_iter13           |   1|   0|    1|          0|
    |ap_enable_reg_pp0_iter14           |   1|   0|    1|          0|
    |ap_enable_reg_pp0_iter15           |   1|   0|    1|          0|
    |ap_enable_reg_pp0_iter16           |   1|   0|    1|          0|
    |ap_enable_reg_pp0_iter17           |   1|   0|    1|          0|
    |ap_enable_reg_pp0_iter18           |   1|   0|    1|          0|
    |ap_enable_reg_pp0_iter19           |   1|   0|    1|          0|
    |ap_enable_reg_pp0_iter2            |   1|   0|    1|          0|
    |ap_enable_reg_pp0_iter20           |   1|   0|    1|          0|
    |ap_enable_reg_pp0_iter21           |   1|   0|    1|          0|
    |ap_enable_reg_pp0_iter22           |   1|   0|    1|          0|
    |ap_enable_reg_pp0_iter23           |   1|   0|    1|          0|
    |ap_enable_reg_pp0_iter24           |   1|   0|    1|          0|
    |ap_enable_reg_pp0_iter25           |   1|   0|    1|          0|
    |ap_enable_reg_pp0_iter26           |   1|   0|    1|          0|
    |ap_enable_reg_pp0_iter27           |   1|   0|    1|          0|
    |ap_enable_reg_pp0_iter28           |   1|   0|    1|          0|
    |ap_enable_reg_pp0_iter3            |   1|   0|    1|          0|
    |ap_enable_reg_pp0_iter4            |   1|   0|    1|          0|
    |ap_enable_reg_pp0_iter5            |   1|   0|    1|          0|
    |ap_enable_reg_pp0_iter6            |   1|   0|    1|          0|
    |ap_enable_reg_pp0_iter7            |   1|   0|    1|          0|
    |ap_enable_reg_pp0_iter8            |   1|   0|    1|          0|
    |ap_enable_reg_pp0_iter9            |   1|   0|    1|          0|
    |exp_x_msb_1_V_reg_877              |  50|   0|   50|          0|
    |exp_x_msb_2_3_4_lsb_m_1_V_reg_872  |  50|   0|   50|          0|
    |f_x_msb_3_V_reg_816                |  32|   0|   32|          0|
    |icmp_ln1496_reg_744                |   1|   0|    1|          0|
    |icmp_ln1498_reg_739                |   1|   0|    1|          0|
    |icmp_ln533_reg_930                 |   1|   0|    1|          0|
    |or_ln300_1_reg_770                 |   1|   0|    1|          0|
    |or_ln300_3_reg_775                 |   1|   0|    1|          0|
    |or_ln300_6_reg_780                 |   1|   0|    1|          0|
    |or_ln300_8_reg_785                 |   1|   0|    1|          0|
    |overf_1_reg_925                    |   1|   0|    1|          0|
    |p_Result_78_reg_795                |   5|   0|    5|          0|
    |p_Result_s_reg_749                 |   7|   0|    7|          0|
    |p_Val2_126_reg_908                 |  46|   0|   46|          0|
    |p_Val2_126_reg_908_pp0_iter27_reg  |  46|   0|   46|          0|
    |ret_V_15_reg_821                   |   9|   0|    9|          0|
    |ret_V_16_reg_862                   |  56|   0|   56|          0|
    |rhs_2_reg_827                      |  37|   0|   47|         10|
    |tmp_74_reg_915                     |   2|   0|    2|          0|
    |tmp_77_reg_920                     |   4|   0|    4|          0|
    |tmp_78_reg_754                     |   8|   0|    8|          0|
    |tmp_79_reg_759                     |   5|   0|    5|          0|
    |tmp_reg_731                        |   1|   0|    1|          0|
    |trunc_ln640_2_reg_800              |  41|   0|   41|          0|
    |trunc_ln703_s_reg_893              |  48|   0|   48|          0|
    |trunc_ln_reg_842                   |  45|   0|   45|          0|
    |x_read_reg_725                     |  32|   0|   32|          0|
    |y_l_V_reg_903                      |  50|   0|   50|          0|
    |exp_x_msb_1_V_reg_877              |  64|  32|   50|          0|
    |or_ln300_1_reg_770                 |  64|  32|    1|          0|
    |or_ln300_3_reg_775                 |  64|  32|    1|          0|
    |or_ln300_6_reg_780                 |  64|  32|    1|          0|
    |or_ln300_8_reg_785                 |  64|  32|    1|          0|
    |p_Result_s_reg_749                 |  64|  32|    7|          0|
    |ret_V_15_reg_821                   |  64|  32|    9|          0|
    |rhs_2_reg_827                      |  64|  32|   47|         10|
    |tmp_78_reg_754                     |  64|  32|    8|          0|
    |tmp_79_reg_759                     |  64|  32|    5|          0|
    |tmp_reg_731                        |  64|  32|    1|          0|
    |trunc_ln640_2_reg_800              |  64|  32|   41|          0|
    +-----------------------------------+----+----+-----+-----------+
    |Total                              |1379| 384|  793|         20|
    +-----------------------------------+----+----+-----+-----------+



================================================================
== Interface
================================================================
* Summary: 
+-----------+-----+-----+------------+--------------+--------------+
| RTL Ports | Dir | Bits|  Protocol  | Source Object|    C Type    |
+-----------+-----+-----+------------+--------------+--------------+
|ap_clk     |   in|    1|  ap_ctrl_hs|   exp<32, 16>|  return value|
|ap_rst     |   in|    1|  ap_ctrl_hs|   exp<32, 16>|  return value|
|ap_start   |   in|    1|  ap_ctrl_hs|   exp<32, 16>|  return value|
|ap_done    |  out|    1|  ap_ctrl_hs|   exp<32, 16>|  return value|
|ap_idle    |  out|    1|  ap_ctrl_hs|   exp<32, 16>|  return value|
|ap_ready   |  out|    1|  ap_ctrl_hs|   exp<32, 16>|  return value|
|ap_ce      |   in|    1|  ap_ctrl_hs|   exp<32, 16>|  return value|
|ap_return  |  out|   32|  ap_ctrl_hs|   exp<32, 16>|  return value|
|x          |   in|   32|     ap_none|             x|        scalar|
+-----------+-----+-----+------------+--------------+--------------+

