

================================================================
== Vitis HLS Report for 'RELU'
================================================================
* Date:           Sun Jul 20 20:01:59 2025

* Version:        2020.2 (Build 3064766 on Wed Nov 18 09:12:47 MST 2020)
* Project:        aes
* Solution:       solution1 (Vivado IP Flow Target)
* Product family: zynq
* Target device:  xc7z020-clg484-1


================================================================
== Performance Estimates
================================================================
+ Timing: 
    * Summary: 
    +--------+---------+----------+------------+
    |  Clock |  Target | Estimated| Uncertainty|
    +--------+---------+----------+------------+
    |ap_clk  |  2.00 ns|  4.395 ns|     0.54 ns|
    +--------+---------+----------+------------+

+ Latency: 
    * Summary: 
    +---------+---------+----------+----------+-----+-----+---------+
    |  Latency (cycles) |  Latency (absolute) |  Interval | Pipeline|
    |   min   |   max   |    min   |    max   | min | max |   Type  |
    +---------+---------+----------+----------+-----+-----+---------+
    |      237|      237|  1.041 us|  1.041 us|  237|  237|     none|
    +---------+---------+----------+----------+-----+-----+---------+

    + Detail: 
        * Instance: 
        +------------------------+-------------+---------+---------+----------+----------+-----+-----+---------+
        |                        |             |  Latency (cycles) |  Latency (absolute) |  Interval | Pipeline|
        |        Instance        |    Module   |   min   |   max   |    min   |    max   | min | max |   Type  |
        +------------------------+-------------+---------+---------+----------+----------+-----+-----+---------+
        |grp_exp_32_16_s_fu_168  |exp_32_16_s  |       28|       28|  0.123 us|  0.123 us|    1|    1|      yes|
        +------------------------+-------------+---------+---------+----------+----------+-----+-----+---------+

        * Loop: 
        +--------------------+---------+---------+----------+-----------+-----------+------+----------+
        |                    |  Latency (cycles) | Iteration|  Initiation Interval  | Trip |          |
        |      Loop Name     |   min   |   max   |  Latency |  achieved |   target  | Count| Pipelined|
        +--------------------+---------+---------+----------+-----------+-----------+------+----------+
        |- VITIS_LOOP_191_1  |      235|      235|        79|         78|          1|     3|       yes|
        +--------------------+---------+---------+----------+-----------+-----------+------+----------+



================================================================
== Utilization Estimates
================================================================
* Summary: 
+-----------------+---------+-----+--------+-------+-----+
|       Name      | BRAM_18K| DSP |   FF   |  LUT  | URAM|
+-----------------+---------+-----+--------+-------+-----+
|DSP              |        -|    -|       -|      -|    -|
|Expression       |        -|    -|       0|    106|    -|
|FIFO             |        -|    -|       -|      -|    -|
|Instance         |        -|    -|    3487|   2176|    -|
|Memory           |        -|    -|       -|      -|    -|
|Multiplexer      |        -|    -|       -|    490|    -|
|Register         |        -|    -|     477|      -|    -|
+-----------------+---------+-----+--------+-------+-----+
|Total            |        0|    0|    3964|   2772|    0|
+-----------------+---------+-----+--------+-------+-----+
|Available        |      280|  220|  106400|  53200|    0|
+-----------------+---------+-----+--------+-------+-----+
|Utilization (%)  |        0|    0|       3|      5|    0|
+-----------------+---------+-----+--------+-------+-----+

+ Detail: 
    * Instance: 
    +---------------------------+-----------------------+---------+----+------+------+-----+
    |          Instance         |         Module        | BRAM_18K| DSP|  FF  |  LUT | URAM|
    +---------------------------+-----------------------+---------+----+------+------+-----+
    |add_2ns_2ns_2_2_1_U16      |add_2ns_2ns_2_2_1      |        0|   0|    13|     6|    0|
    |add_33s_33ns_33_2_1_U21    |add_33s_33ns_33_2_1    |        0|   0|   148|    36|    0|
    |mux_32_32_4_1_U17          |mux_32_32_4_1          |        0|   0|    85|    17|    0|
    |mux_42_32_4_1_U23          |mux_42_32_4_1          |        0|   0|   120|    25|    0|
    |mux_42_32_4_1_U24          |mux_42_32_4_1          |        0|   0|   120|    25|    0|
    |mux_42_32_4_1_U25          |mux_42_32_4_1          |        0|   0|   120|    25|    0|
    |sdiv_34ns_33s_32_38_1_U22  |sdiv_34ns_33s_32_38_1  |        0|   0|  2585|  1970|    0|
    |sub_32ns_32s_32_2_1_U19    |sub_32ns_32s_32_2_1    |        0|   0|   148|    36|    0|
    |sub_33ns_33s_33_2_1_U18    |sub_33ns_33s_33_2_1    |        0|   0|   148|    36|    0|
    +---------------------------+-----------------------+---------+----+------+------+-----+
    |Total                      |                       |        0|   0|  3487|  2176|    0|
    +---------------------------+-----------------------+---------+----+------+------+-----+

    * DSP: 
    N/A

    * Memory: 
    N/A

    * FIFO: 
    N/A

    * Expression: 
    +--------------------------+----------+----+---+----+------------+------------+
    |       Variable Name      | Operation| DSP| FF| LUT| Bitwidth P0| Bitwidth P1|
    +--------------------------+----------+----+---+----+------------+------------+
    |icmp_ln191_fu_200_p2      |      icmp|   0|  0|   8|           2|           2|
    |select_ln195_1_fu_372_p3  |    select|   0|  0|  32|           1|          32|
    |select_ln195_2_fu_379_p3  |    select|   0|  0|  32|           1|          32|
    |select_ln195_fu_365_p3    |    select|   0|  0|  32|           1|          32|
    |ap_enable_pp0             |       xor|   0|  0|   2|           1|           2|
    +--------------------------+----------+----+---+----+------------+------------+
    |Total                     |          |   0|  0| 106|           6|         100|
    +--------------------------+----------+----+---+----+------------+------------+

    * Multiplexer: 
    +------------------------------------------+-----+-----------+-----+-----------+
    |                   Name                   | LUT | Input Size| Bits| Total Bits|
    +------------------------------------------+-----+-----------+-----+-----------+
    |activations12_0_reg_136                   |    9|          2|   32|         64|
    |activations2_0_reg_146                    |    9|          2|   32|         64|
    |activations_0_reg_126                     |    9|          2|   32|         64|
    |ap_NS_fsm                                 |  409|         81|    1|         81|
    |ap_enable_reg_pp0_iter1                   |    9|          2|    1|          2|
    |ap_phi_mux_activations12_0_phi_fu_139_p4  |    9|          2|   32|         64|
    |ap_phi_mux_activations2_0_phi_fu_149_p4   |    9|          2|   32|         64|
    |ap_phi_mux_activations_0_phi_fu_129_p4    |    9|          2|   32|         64|
    |ap_phi_mux_i_phi_fu_160_p4                |    9|          2|    2|          4|
    |i_reg_156                                 |    9|          2|    2|          4|
    +------------------------------------------+-----+-----------+-----+-----------+
    |Total                                     |  490|         99|  198|        475|
    +------------------------------------------+-----+-----------+-----+-----------+

    * Register: 
    +-------------------------------------+----+----+-----+-----------+
    |                 Name                | FF | LUT| Bits| Const Bits|
    +-------------------------------------+----+----+-----+-----------+
    |activations12_0_reg_136              |  32|   0|   32|          0|
    |activations2_0_reg_146               |  32|   0|   32|          0|
    |activations_0_reg_126                |  32|   0|   32|          0|
    |add_ln191_reg_495                    |   2|   0|    2|          0|
    |ap_CS_fsm                            |  80|   0|   80|          0|
    |ap_enable_reg_pp0_iter0              |   1|   0|    1|          0|
    |ap_enable_reg_pp0_iter1              |   1|   0|    1|          0|
    |dactivations3_02_fu_78               |  32|   0|   32|          0|
    |dactivations4_01_fu_66               |  32|   0|   32|          0|
    |dactivations_03_fu_82                |  32|   0|   32|          0|
    |grp_exp_32_16_s_fu_168_ap_start_reg  |   1|   0|    1|          0|
    |i_reg_156                            |   2|   0|    2|          0|
    |icmp_ln191_reg_491                   |   1|   0|    1|          0|
    |ret_V_21_reg_542                     |  33|   0|   33|          0|
    |ret_V_reg_512                        |  33|   0|   33|          0|
    |rhs_10_reg_500                       |  32|   0|   32|          0|
    |rhs_reg_532                          |  32|   0|   32|          0|
    |sdiv_ln1148_reg_552                  |  32|   0|   32|          0|
    |write_flag3_0_fu_86                  |   1|   0|    1|          0|
    |write_flag6_0_fu_74                  |   1|   0|    1|          0|
    |write_flag_0_fu_70                   |   1|   0|    1|          0|
    |x_V_reg_517                          |  32|   0|   32|          0|
    +-------------------------------------+----+----+-----+-----------+
    |Total                                | 477|   0|  477|          0|
    +-------------------------------------+----+----+-----+-----------+



================================================================
== Interface
================================================================
* Summary: 
+---------------------------------+-----+-----+------------+--------------+--------------+
|            RTL Ports            | Dir | Bits|  Protocol  | Source Object|    C Type    |
+---------------------------------+-----+-----+------------+--------------+--------------+
|ap_clk                           |   in|    1|  ap_ctrl_hs|          RELU|  return value|
|ap_rst                           |   in|    1|  ap_ctrl_hs|          RELU|  return value|
|ap_start                         |   in|    1|  ap_ctrl_hs|          RELU|  return value|
|ap_done                          |  out|    1|  ap_ctrl_hs|          RELU|  return value|
|ap_idle                          |  out|    1|  ap_ctrl_hs|          RELU|  return value|
|ap_ready                         |  out|    1|  ap_ctrl_hs|          RELU|  return value|
|ap_return_0                      |  out|   32|  ap_ctrl_hs|          RELU|  return value|
|ap_return_1                      |  out|   32|  ap_ctrl_hs|          RELU|  return value|
|ap_return_2                      |  out|   32|  ap_ctrl_hs|          RELU|  return value|
|ap_return_3                      |  out|   32|  ap_ctrl_hs|          RELU|  return value|
|ap_return_4                      |  out|   32|  ap_ctrl_hs|          RELU|  return value|
|ap_return_5                      |  out|   32|  ap_ctrl_hs|          RELU|  return value|
|grp_exp_32_16_s_fu_6308_p_din1   |  out|   32|  ap_ctrl_hs|          RELU|  return value|
|grp_exp_32_16_s_fu_6308_p_dout0  |   in|   32|  ap_ctrl_hs|          RELU|  return value|
|grp_exp_32_16_s_fu_6308_p_ce     |  out|    1|  ap_ctrl_hs|          RELU|  return value|
|grp_exp_32_16_s_fu_6308_p_start  |  out|    1|  ap_ctrl_hs|          RELU|  return value|
|grp_exp_32_16_s_fu_6308_p_ready  |   in|    1|  ap_ctrl_hs|          RELU|  return value|
|grp_exp_32_16_s_fu_6308_p_done   |   in|    1|  ap_ctrl_hs|          RELU|  return value|
|grp_exp_32_16_s_fu_6308_p_idle   |   in|    1|  ap_ctrl_hs|          RELU|  return value|
|grp_fu_7238_p_din0               |  out|   33|  ap_ctrl_hs|          RELU|  return value|
|grp_fu_7238_p_din1               |  out|   32|  ap_ctrl_hs|          RELU|  return value|
|grp_fu_7238_p_dout0              |   in|   48|  ap_ctrl_hs|          RELU|  return value|
|grp_fu_7238_p_ce                 |  out|    1|  ap_ctrl_hs|          RELU|  return value|
|p_read                           |   in|   32|     ap_none|        p_read|        scalar|
|p_read1                          |   in|   32|     ap_none|       p_read1|        scalar|
|p_read2                          |   in|   32|     ap_none|       p_read2|        scalar|
|p_read3                          |   in|   32|     ap_none|       p_read3|        scalar|
|p_read14                         |   in|   32|     ap_none|      p_read14|        scalar|
|p_read25                         |   in|   32|     ap_none|      p_read25|        scalar|
+---------------------------------+-----+-----+------------+--------------+--------------+

