

================================================================
== Vitis HLS Report for 'sqrt_fixed_32_16_s'
================================================================
* Date:           Sun Jul 20 20:02:00 2025

* Version:        2020.2 (Build 3064766 on Wed Nov 18 09:12:47 MST 2020)
* Project:        aes
* Solution:       solution1 (Vivado IP Flow Target)
* Product family: zynq
* Target device:  xc7z020-clg484-1


================================================================
== Performance Estimates
================================================================
+ Timing: 
    * Summary: 
    +--------+---------+----------+------------+
    |  Clock |  Target | Estimated| Uncertainty|
    +--------+---------+----------+------------+
    |ap_clk  |  2.00 ns|  2.437 ns|     0.54 ns|
    +--------+---------+----------+------------+

+ Latency: 
    * Summary: 
    +---------+---------+----------+----------+-----+-----+---------+
    |  Latency (cycles) |  Latency (absolute) |  Interval | Pipeline|
    |   min   |   max   |    min   |    max   | min | max |   Type  |
    +---------+---------+----------+----------+-----+-----+---------+
    |      116|      116|  0.283 us|  0.283 us|    1|    1|      yes|
    +---------+---------+----------+----------+-----+-----+---------+

    + Detail: 
        * Instance: 
        N/A

        * Loop: 
        N/A



================================================================
== Utilization Estimates
================================================================
* Summary: 
+-----------------+---------+-----+--------+-------+-----+
|       Name      | BRAM_18K| DSP |   FF   |  LUT  | URAM|
+-----------------+---------+-----+--------+-------+-----+
|DSP              |        -|    -|       -|      -|    -|
|Expression       |        -|    -|       0|   2706|    -|
|FIFO             |        -|    -|       -|      -|    -|
|Instance         |        -|    -|    4996|   1319|    -|
|Memory           |        -|    -|       -|      -|    -|
|Multiplexer      |        -|    -|       -|      9|    -|
|Register         |        -|    -|   11488|   4096|    -|
+-----------------+---------+-----+--------+-------+-----+
|Total            |        0|    0|   16484|   8130|    0|
+-----------------+---------+-----+--------+-------+-----+
|Available        |      280|  220|  106400|  53200|    0|
+-----------------+---------+-----+--------+-------+-----+
|Utilization (%)  |        0|    0|      15|     15|    0|
+-----------------+---------+-----+--------+-------+-----+

+ Detail: 
    * Instance: 
    +---------------------------+----------------------+---------+----+----+----+-----+
    |          Instance         |        Module        | BRAM_18K| DSP| FF | LUT| URAM|
    +---------------------------+----------------------+---------+----+----+----+-----+
    |add_17ns_17ns_17_2_0_U73   |add_17ns_17ns_17_2_0  |        0|   0|  80|  21|    0|
    |add_17ns_17ns_17_2_0_U77   |add_17ns_17ns_17_2_0  |        0|   0|  80|  21|    0|
    |add_17ns_17ns_17_2_0_U81   |add_17ns_17ns_17_2_0  |        0|   0|  80|  21|    0|
    |add_17ns_17ns_17_2_0_U85   |add_17ns_17ns_17_2_0  |        0|   0|  80|  21|    0|
    |add_17ns_17ns_17_2_0_U89   |add_17ns_17ns_17_2_0  |        0|   0|  80|  21|    0|
    |add_17ns_17ns_17_2_0_U93   |add_17ns_17ns_17_2_0  |        0|   0|  80|  21|    0|
    |add_17ns_17ns_17_2_0_U97   |add_17ns_17ns_17_2_0  |        0|   0|  80|  21|    0|
    |add_17ns_17ns_17_2_0_U101  |add_17ns_17ns_17_2_0  |        0|   0|  80|  21|    0|
    |add_17ns_17ns_17_2_0_U103  |add_17ns_17ns_17_2_0  |        0|   0|  80|  21|    0|
    |add_17ns_17s_17_2_0_U50    |add_17ns_17s_17_2_0   |        0|   0|  80|  21|    0|
    |add_18ns_18ns_18_2_0_U102  |add_18ns_18ns_18_2_0  |        0|   0|  80|  21|    0|
    |add_19ns_19s_19_2_0_U48    |add_19ns_19s_19_2_0   |        0|   0|  89|  23|    0|
    |add_19ns_19s_19_2_0_U51    |add_19ns_19s_19_2_0   |        0|   0|  89|  23|    0|
    |add_19ns_19s_19_2_0_U54    |add_19ns_19s_19_2_0   |        0|   0|  89|  23|    0|
    |add_19ns_19s_19_2_0_U57    |add_19ns_19s_19_2_0   |        0|   0|  89|  23|    0|
    |add_19ns_19s_19_2_0_U60    |add_19ns_19s_19_2_0   |        0|   0|  89|  23|    0|
    |add_19ns_19s_19_2_0_U63    |add_19ns_19s_19_2_0   |        0|   0|  89|  23|    0|
    |add_19ns_19s_19_2_0_U66    |add_19ns_19s_19_2_0   |        0|   0|  89|  23|    0|
    |add_19ns_19s_19_2_0_U69    |add_19ns_19s_19_2_0   |        0|   0|  89|  23|    0|
    |add_19ns_19s_19_2_0_U72    |add_19ns_19s_19_2_0   |        0|   0|  89|  23|    0|
    |add_19ns_19s_19_2_0_U74    |add_19ns_19s_19_2_0   |        0|   0|  89|  23|    0|
    |add_19ns_19s_19_2_0_U78    |add_19ns_19s_19_2_0   |        0|   0|  89|  23|    0|
    |add_19ns_19s_19_2_0_U82    |add_19ns_19s_19_2_0   |        0|   0|  89|  23|    0|
    |add_19ns_19s_19_2_0_U86    |add_19ns_19s_19_2_0   |        0|   0|  89|  23|    0|
    |add_19ns_19s_19_2_0_U90    |add_19ns_19s_19_2_0   |        0|   0|  89|  23|    0|
    |add_19ns_19s_19_2_0_U94    |add_19ns_19s_19_2_0   |        0|   0|  89|  23|    0|
    |add_19ns_19s_19_2_0_U98    |add_19ns_19s_19_2_0   |        0|   0|  89|  23|    0|
    |add_3s_3s_3_2_0_U40        |add_3s_3s_3_2_0       |        0|   0|  13|   6|    0|
    |add_8ns_8ns_8_2_0_U104     |add_8ns_8ns_8_2_0     |        0|   0|  40|  12|    0|
    |sub_10ns_10ns_10_2_0_U47   |sub_10ns_10ns_10_2_0  |        0|   0|  49|  14|    0|
    |sub_17ns_17ns_17_2_0_U52   |sub_17ns_17ns_17_2_0  |        0|   0|  80|  21|    0|
    |sub_17ns_17ns_17_2_0_U55   |sub_17ns_17ns_17_2_0  |        0|   0|  80|  21|    0|
    |sub_17ns_17ns_17_2_0_U58   |sub_17ns_17ns_17_2_0  |        0|   0|  80|  21|    0|
    |sub_17ns_17ns_17_2_0_U61   |sub_17ns_17ns_17_2_0  |        0|   0|  80|  21|    0|
    |sub_17ns_17ns_17_2_0_U64   |sub_17ns_17ns_17_2_0  |        0|   0|  80|  21|    0|
    |sub_17ns_17ns_17_2_0_U68   |sub_17ns_17ns_17_2_0  |        0|   0|  80|  21|    0|
    |sub_17ns_17ns_17_2_0_U70   |sub_17ns_17ns_17_2_0  |        0|   0|  80|  21|    0|
    |sub_17ns_17ns_17_2_0_U75   |sub_17ns_17ns_17_2_0  |        0|   0|  80|  21|    0|
    |sub_17ns_17ns_17_2_0_U76   |sub_17ns_17ns_17_2_0  |        0|   0|  80|  21|    0|
    |sub_17ns_17ns_17_2_0_U79   |sub_17ns_17ns_17_2_0  |        0|   0|  80|  21|    0|
    |sub_17ns_17ns_17_2_0_U80   |sub_17ns_17ns_17_2_0  |        0|   0|  80|  21|    0|
    |sub_17ns_17ns_17_2_0_U83   |sub_17ns_17ns_17_2_0  |        0|   0|  80|  21|    0|
    |sub_17ns_17ns_17_2_0_U84   |sub_17ns_17ns_17_2_0  |        0|   0|  80|  21|    0|
    |sub_17ns_17ns_17_2_0_U87   |sub_17ns_17ns_17_2_0  |        0|   0|  80|  21|    0|
    |sub_17ns_17ns_17_2_0_U88   |sub_17ns_17ns_17_2_0  |        0|   0|  80|  21|    0|
    |sub_17ns_17ns_17_2_0_U91   |sub_17ns_17ns_17_2_0  |        0|   0|  80|  21|    0|
    |sub_17ns_17ns_17_2_0_U92   |sub_17ns_17ns_17_2_0  |        0|   0|  80|  21|    0|
    |sub_17ns_17ns_17_2_0_U95   |sub_17ns_17ns_17_2_0  |        0|   0|  80|  21|    0|
    |sub_17ns_17ns_17_2_0_U96   |sub_17ns_17ns_17_2_0  |        0|   0|  80|  21|    0|
    |sub_17ns_17ns_17_2_0_U99   |sub_17ns_17ns_17_2_0  |        0|   0|  80|  21|    0|
    |sub_17ns_17ns_17_2_0_U100  |sub_17ns_17ns_17_2_0  |        0|   0|  80|  21|    0|
    |sub_19ns_19ns_19_2_0_U49   |sub_19ns_19ns_19_2_0  |        0|   0|  89|  23|    0|
    |sub_19ns_19ns_19_2_0_U53   |sub_19ns_19ns_19_2_0  |        0|   0|  89|  23|    0|
    |sub_19ns_19ns_19_2_0_U56   |sub_19ns_19ns_19_2_0  |        0|   0|  89|  23|    0|
    |sub_19ns_19ns_19_2_0_U59   |sub_19ns_19ns_19_2_0  |        0|   0|  89|  23|    0|
    |sub_19ns_19ns_19_2_0_U62   |sub_19ns_19ns_19_2_0  |        0|   0|  89|  23|    0|
    |sub_19ns_19ns_19_2_0_U65   |sub_19ns_19ns_19_2_0  |        0|   0|  89|  23|    0|
    |sub_19ns_19ns_19_2_0_U67   |sub_19ns_19ns_19_2_0  |        0|   0|  89|  23|    0|
    |sub_19ns_19ns_19_2_0_U71   |sub_19ns_19ns_19_2_0  |        0|   0|  89|  23|    0|
    |sub_4ns_4ns_4_2_0_U41      |sub_4ns_4ns_4_2_0     |        0|   0|  22|   8|    0|
    |sub_5ns_5ns_5_2_0_U42      |sub_5ns_5ns_5_2_0     |        0|   0|  26|   9|    0|
    |sub_6ns_6ns_6_2_0_U43      |sub_6ns_6ns_6_2_0     |        0|   0|  31|  10|    0|
    |sub_7ns_7ns_7_2_0_U44      |sub_7ns_7ns_7_2_0     |        0|   0|  35|  11|    0|
    |sub_8ns_8ns_8_2_0_U45      |sub_8ns_8ns_8_2_0     |        0|   0|  40|  12|    0|
    |sub_9ns_9ns_9_2_0_U46      |sub_9ns_9ns_9_2_0     |        0|   0|  44|  13|    0|
    +---------------------------+----------------------+---------+----+----+----+-----+
    |Total                      |                      |        0|   0|4996|1319|    0|
    +---------------------------+----------------------+---------+----+----+----+-----+

    * DSP: 
    N/A

    * Memory: 
    N/A

    * FIFO: 
    N/A

    * Expression: 
    +---------------------------+----------+----+---+----+------------+------------+
    |       Variable Name       | Operation| DSP| FF| LUT| Bitwidth P0| Bitwidth P1|
    +---------------------------+----------+----+---+----+------------+------------+
    |and_ln318_10_fu_1952_p2    |       and|   0|  0|   2|           1|           1|
    |and_ln318_11_fu_2139_p2    |       and|   0|  0|   2|           1|           1|
    |and_ln318_12_fu_2145_p2    |       and|   0|  0|   2|           1|           1|
    |and_ln318_13_fu_2301_p2    |       and|   0|  0|   2|           1|           1|
    |and_ln318_14_fu_2307_p2    |       and|   0|  0|   2|           1|           1|
    |and_ln318_15_fu_2463_p2    |       and|   0|  0|   2|           1|           1|
    |and_ln318_16_fu_2469_p2    |       and|   0|  0|   2|           1|           1|
    |and_ln318_17_fu_2625_p2    |       and|   0|  0|   2|           1|           1|
    |and_ln318_18_fu_2631_p2    |       and|   0|  0|   2|           1|           1|
    |and_ln318_19_fu_2787_p2    |       and|   0|  0|   2|           1|           1|
    |and_ln318_1_fu_1014_p2     |       and|   0|  0|   2|           1|           1|
    |and_ln318_20_fu_2793_p2    |       and|   0|  0|   2|           1|           1|
    |and_ln318_21_fu_2949_p2    |       and|   0|  0|   2|           1|           1|
    |and_ln318_22_fu_2955_p2    |       and|   0|  0|   2|           1|           1|
    |and_ln318_23_fu_3061_p2    |       and|   0|  0|   2|           1|           1|
    |and_ln318_24_fu_3067_p2    |       and|   0|  0|   2|           1|           1|
    |and_ln318_2_fu_1105_p2     |       and|   0|  0|   2|           1|           1|
    |and_ln318_3_fu_1208_p2     |       and|   0|  0|   2|           1|           1|
    |and_ln318_4_fu_1311_p2     |       and|   0|  0|   2|           1|           1|
    |and_ln318_5_fu_1414_p2     |       and|   0|  0|   2|           1|           1|
    |and_ln318_6_fu_1517_p2     |       and|   0|  0|   2|           1|           1|
    |and_ln318_7_fu_1624_p2     |       and|   0|  0|   2|           1|           1|
    |and_ln318_8_fu_1726_p2     |       and|   0|  0|   2|           1|           1|
    |and_ln318_9_fu_1946_p2     |       and|   0|  0|   2|           1|           1|
    |and_ln318_fu_1808_p2       |       and|   0|  0|   2|           1|           1|
    |and_ln331_1_fu_2122_p2     |       and|   0|  0|   2|           1|           1|
    |and_ln331_2_fu_2284_p2     |       and|   0|  0|   2|           1|           1|
    |and_ln331_3_fu_2446_p2     |       and|   0|  0|   2|           1|           1|
    |and_ln331_4_fu_2608_p2     |       and|   0|  0|   2|           1|           1|
    |and_ln331_5_fu_2770_p2     |       and|   0|  0|   2|           1|           1|
    |and_ln331_6_fu_2928_p2     |       and|   0|  0|   2|           1|           1|
    |and_ln331_fu_1972_p2       |       and|   0|  0|   2|           1|           1|
    |delta_V_1_fu_2044_p2       |      icmp|   0|  0|  13|          17|          17|
    |delta_V_2_fu_2206_p2       |      icmp|   0|  0|  13|          17|          17|
    |delta_V_3_fu_2368_p2       |      icmp|   0|  0|  13|          17|          17|
    |delta_V_4_fu_2530_p2       |      icmp|   0|  0|  13|          17|          17|
    |delta_V_5_fu_2692_p2       |      icmp|   0|  0|  13|          17|          17|
    |delta_V_6_fu_2854_p2       |      icmp|   0|  0|  13|          17|          17|
    |delta_V_fu_1901_p2         |      icmp|   0|  0|  13|          17|          17|
    |icmp_ln1494_10_fu_1921_p2  |      icmp|   0|  0|  13|          17|          17|
    |icmp_ln1494_11_fu_2098_p2  |      icmp|   0|  0|  13|          17|          17|
    |icmp_ln1494_12_fu_2260_p2  |      icmp|   0|  0|  13|          17|          17|
    |icmp_ln1494_13_fu_2422_p2  |      icmp|   0|  0|  13|          17|          17|
    |icmp_ln1494_14_fu_2584_p2  |      icmp|   0|  0|  13|          17|          17|
    |icmp_ln1494_15_fu_2746_p2  |      icmp|   0|  0|  13|          17|          17|
    |icmp_ln1494_16_fu_2904_p2  |      icmp|   0|  0|  13|          17|          17|
    |icmp_ln1494_17_fu_3038_p2  |      icmp|   0|  0|  13|          17|          17|
    |icmp_ln1494_1_fu_1086_p2   |      icmp|   0|  0|  13|          19|          19|
    |icmp_ln1494_2_fu_1189_p2   |      icmp|   0|  0|  13|          19|          19|
    |icmp_ln1494_3_fu_1292_p2   |      icmp|   0|  0|  13|          19|          19|
    |icmp_ln1494_4_fu_1395_p2   |      icmp|   0|  0|  13|          19|          19|
    |icmp_ln1494_5_fu_1498_p2   |      icmp|   0|  0|  13|          19|          19|
    |icmp_ln1494_6_fu_1610_p2   |      icmp|   0|  0|  13|          19|          19|
    |icmp_ln1494_7_fu_1708_p2   |      icmp|   0|  0|  13|          19|          19|
    |icmp_ln1494_8_fu_1789_p2   |      icmp|   0|  0|  13|          19|           1|
    |icmp_ln1494_9_fu_1773_p2   |      icmp|   0|  0|  13|          17|          17|
    |icmp_ln1494_fu_987_p2      |      icmp|   0|  0|  13|          19|          19|
    |icmp_ln1495_1_fu_2079_p2   |      icmp|   0|  0|  13|          17|          17|
    |icmp_ln1495_2_fu_2241_p2   |      icmp|   0|  0|  13|          17|          17|
    |icmp_ln1495_3_fu_2403_p2   |      icmp|   0|  0|  13|          17|          17|
    |icmp_ln1495_4_fu_2565_p2   |      icmp|   0|  0|  13|          17|          17|
    |icmp_ln1495_5_fu_2727_p2   |      icmp|   0|  0|  13|          17|          17|
    |icmp_ln1495_6_fu_2889_p2   |      icmp|   0|  0|  13|          17|          17|
    |icmp_ln1495_fu_1930_p2     |      icmp|   0|  0|  13|          17|          17|
    |icmp_ln1496_fu_3014_p2     |      icmp|   0|  0|  13|          17|          17|
    |icmp_ln1498_1_fu_1916_p2   |      icmp|   0|  0|  13|          19|           1|
    |icmp_ln1498_2_fu_2093_p2   |      icmp|   0|  0|  13|          19|           1|
    |icmp_ln1498_3_fu_2255_p2   |      icmp|   0|  0|  13|          19|           1|
    |icmp_ln1498_4_fu_2417_p2   |      icmp|   0|  0|  13|          19|           1|
    |icmp_ln1498_5_fu_2579_p2   |      icmp|   0|  0|  13|          19|           1|
    |icmp_ln1498_6_fu_2741_p2   |      icmp|   0|  0|  13|          19|           1|
    |icmp_ln1498_7_fu_2899_p2   |      icmp|   0|  0|  13|          19|           1|
    |icmp_ln1498_8_fu_2992_p2   |      icmp|   0|  0|  13|          19|           1|
    |icmp_ln1498_fu_1794_p2     |      icmp|   0|  0|  13|          19|           1|
    |icmp_ln318_10_fu_2236_p2   |      icmp|   0|  0|  13|          17|          17|
    |icmp_ln318_11_fu_2398_p2   |      icmp|   0|  0|  13|          17|          17|
    |icmp_ln318_12_fu_2560_p2   |      icmp|   0|  0|  13|          17|          17|
    |icmp_ln318_13_fu_2722_p2   |      icmp|   0|  0|  13|          17|          17|
    |icmp_ln318_14_fu_2884_p2   |      icmp|   0|  0|  13|          17|          17|
    |icmp_ln318_15_fu_3033_p2   |      icmp|   0|  0|  13|          17|          17|
    |icmp_ln318_16_fu_1380_p2   |      icmp|   0|  0|  13|          19|          19|
    |icmp_ln318_17_fu_1385_p2   |      icmp|   0|  0|  13|          17|          17|
    |icmp_ln318_18_fu_1483_p2   |      icmp|   0|  0|  13|          19|          19|
    |icmp_ln318_19_fu_1488_p2   |      icmp|   0|  0|  13|          17|          17|
    |icmp_ln318_1_fu_338_p2     |      icmp|   0|  0|   8|           2|           1|
    |icmp_ln318_20_fu_1596_p2   |      icmp|   0|  0|  13|          19|          19|
    |icmp_ln318_21_fu_1575_p2   |      icmp|   0|  0|  13|          17|          17|
    |icmp_ln318_22_fu_1694_p2   |      icmp|   0|  0|  13|          19|          19|
    |icmp_ln318_23_fu_1678_p2   |      icmp|   0|  0|  13|          17|          17|
    |icmp_ln318_2_fu_1071_p2    |      icmp|   0|  0|  13|          19|          19|
    |icmp_ln318_3_fu_1076_p2    |      icmp|   0|  0|  13|          17|          17|
    |icmp_ln318_4_fu_1174_p2    |      icmp|   0|  0|  13|          19|          19|
    |icmp_ln318_5_fu_1179_p2    |      icmp|   0|  0|  13|          17|          17|
    |icmp_ln318_6_fu_1277_p2    |      icmp|   0|  0|  13|          19|          19|
    |icmp_ln318_7_fu_1282_p2    |      icmp|   0|  0|  13|          17|          17|
    |icmp_ln318_8_fu_1896_p2    |      icmp|   0|  0|  13|          17|          17|
    |icmp_ln318_9_fu_2074_p2    |      icmp|   0|  0|  13|          17|          17|
    |icmp_ln318_fu_977_p2       |      icmp|   0|  0|  13|          19|          19|
    |icmp_ln331_fu_1778_p2      |      icmp|   0|  0|  13|          17|          17|
    |icmp_ln489_1_fu_403_p2     |      icmp|   0|  0|   9|           4|           4|
    |icmp_ln489_2_fu_475_p2     |      icmp|   0|  0|   9|           5|           5|
    |icmp_ln489_3_fu_547_p2     |      icmp|   0|  0|  10|           6|           6|
    |icmp_ln489_4_fu_619_p2     |      icmp|   0|  0|  10|           7|           7|
    |icmp_ln489_5_fu_691_p2     |      icmp|   0|  0|  11|           8|           8|
    |icmp_ln489_6_fu_763_p2     |      icmp|   0|  0|  11|           9|           9|
    |icmp_ln489_7_fu_819_p2     |      icmp|   0|  0|  11|          10|          10|
    |icmp_ln489_fu_316_p2       |      icmp|   0|  0|   8|           2|           1|
    |or_ln318_10_fu_2265_p2     |        or|   0|  0|   2|           1|           1|
    |or_ln318_11_fu_2427_p2     |        or|   0|  0|   2|           1|           1|
    |or_ln318_12_fu_2589_p2     |        or|   0|  0|   2|           1|           1|
    |or_ln318_13_fu_2751_p2     |        or|   0|  0|   2|           1|           1|
    |or_ln318_14_fu_2909_p2     |        or|   0|  0|   2|           1|           1|
    |or_ln318_15_fu_3043_p2     |        or|   0|  0|   2|           1|           1|
    |or_ln318_16_fu_1812_p2     |        or|   0|  0|   2|           1|           1|
    |or_ln318_1_fu_1091_p2      |        or|   0|  0|   2|           1|           1|
    |or_ln318_2_fu_1194_p2      |        or|   0|  0|   2|           1|           1|
    |or_ln318_3_fu_1297_p2      |        or|   0|  0|   2|           1|           1|
    |or_ln318_4_fu_1400_p2      |        or|   0|  0|   2|           1|           1|
    |or_ln318_5_fu_1503_p2      |        or|   0|  0|   2|           1|           1|
    |or_ln318_6_fu_1615_p2      |        or|   0|  0|   2|           1|           1|
    |or_ln318_7_fu_1713_p2      |        or|   0|  0|   2|           1|           1|
    |or_ln318_8_fu_1926_p2      |        or|   0|  0|   2|           1|           1|
    |or_ln318_9_fu_2103_p2      |        or|   0|  0|   2|           1|           1|
    |or_ln318_fu_999_p2         |        or|   0|  0|   2|           1|           1|
    |or_ln331_1_fu_2112_p2      |        or|   0|  0|   2|           1|           1|
    |or_ln331_2_fu_2274_p2      |        or|   0|  0|   2|           1|           1|
    |or_ln331_3_fu_2436_p2      |        or|   0|  0|   2|           1|           1|
    |or_ln331_4_fu_2598_p2      |        or|   0|  0|   2|           1|           1|
    |or_ln331_5_fu_2760_p2      |        or|   0|  0|   2|           1|           1|
    |or_ln331_6_fu_2918_p2      |        or|   0|  0|   2|           1|           1|
    |or_ln331_fu_1962_p2        |        or|   0|  0|   2|           1|           1|
    |p_Val2_23_fu_1032_p3       |    select|   0|  0|  17|           1|          17|
    |p_neg168_fu_1934_p3        |    select|   0|  0|   2|           1|           2|
    |p_neg169_fu_2054_p3        |    select|   0|  0|   2|           1|           2|
    |p_neg170_fu_2216_p3        |    select|   0|  0|   2|           1|           2|
    |p_neg171_fu_2378_p3        |    select|   0|  0|   2|           1|           2|
    |p_neg172_fu_2540_p3        |    select|   0|  0|   2|           1|           2|
    |p_neg173_fu_2702_p3        |    select|   0|  0|   2|           1|           2|
    |p_neg174_fu_2864_p3        |    select|   0|  0|   2|           1|           2|
    |res_FH_V_31_fu_3072_p3     |    select|   0|  0|  17|           1|          17|
    |res_FH_V_33_fu_1025_p3     |    select|   0|  0|  18|           1|           1|
    |res_FH_V_34_fu_1134_p3     |    select|   0|  0|  17|           1|          17|
    |res_FH_V_35_fu_1237_p3     |    select|   0|  0|  17|           1|          17|
    |res_FH_V_36_fu_1340_p3     |    select|   0|  0|  17|           1|          17|
    |res_FH_V_37_fu_1443_p3     |    select|   0|  0|  17|           1|          17|
    |res_FH_V_38_fu_1546_p3     |    select|   0|  0|  17|           1|          17|
    |res_FH_V_39_fu_1649_p3     |    select|   0|  0|  17|           1|          17|
    |res_FH_V_40_fu_1837_p3     |    select|   0|  0|  17|           1|          17|
    |res_FH_V_41_fu_2011_p3     |    select|   0|  0|  17|           1|          17|
    |res_FH_V_42_fu_2163_p3     |    select|   0|  0|  17|           1|          17|
    |res_FH_V_43_fu_2325_p3     |    select|   0|  0|  17|           1|          17|
    |res_FH_V_44_fu_2487_p3     |    select|   0|  0|  17|           1|          17|
    |res_FH_V_45_fu_2649_p3     |    select|   0|  0|  17|           1|          17|
    |res_FH_V_46_fu_2811_p3     |    select|   0|  0|  17|           1|          17|
    |res_FH_V_47_fu_2973_p3     |    select|   0|  0|  17|           1|          17|
    |res_FH_V_fu_1741_p3        |    select|   0|  0|  17|           1|          17|
    |res_I_V_16_fu_365_p3       |    select|   0|  0|   9|           1|           1|
    |res_I_V_17_fu_438_p3       |    select|   0|  0|   8|           1|           8|
    |res_I_V_18_fu_510_p3       |    select|   0|  0|   8|           1|           8|
    |res_I_V_19_fu_582_p3       |    select|   0|  0|   8|           1|           8|
    |res_I_V_20_fu_654_p3       |    select|   0|  0|   8|           1|           8|
    |res_I_V_21_fu_726_p3       |    select|   0|  0|   8|           1|           8|
    |res_I_V_22_fu_782_p3       |    select|   0|  0|   8|           1|           8|
    |res_I_V_23_fu_3112_p3      |    select|   0|  0|   8|           1|           8|
    |res_I_V_fu_859_p3          |    select|   0|  0|   8|           1|           8|
    |select_ln99_fu_3135_p3     |    select|   0|  0|  24|           1|           1|
    |x_l_FH_V_28_fu_1115_p3     |    select|   0|  0|  17|           1|          17|
    |x_l_FH_V_30_fu_1218_p3     |    select|   0|  0|  17|           1|          17|
    |x_l_FH_V_32_fu_1321_p3     |    select|   0|  0|  17|           1|          17|
    |x_l_FH_V_34_fu_1424_p3     |    select|   0|  0|  17|           1|          17|
    |x_l_FH_V_36_fu_1527_p3     |    select|   0|  0|  17|           1|          17|
    |x_l_FH_V_38_fu_1630_p3     |    select|   0|  0|  17|           1|          17|
    |x_l_FH_V_40_fu_1747_p3     |    select|   0|  0|  17|           1|          17|
    |x_l_FH_V_42_fu_1850_p3     |    select|   0|  0|  17|           1|          17|
    |x_l_FH_V_44_fu_2049_p3     |    select|   0|  0|  17|           1|          17|
    |x_l_FH_V_46_fu_2211_p3     |    select|   0|  0|  17|           1|          17|
    |x_l_FH_V_48_fu_2373_p3     |    select|   0|  0|  17|           1|          17|
    |x_l_FH_V_50_fu_2535_p3     |    select|   0|  0|  17|           1|          17|
    |x_l_FH_V_52_fu_2697_p3     |    select|   0|  0|  17|           1|          17|
    |x_l_FH_V_54_fu_2859_p3     |    select|   0|  0|  17|           1|          17|
    |x_l_FH_V_56_fu_3020_p3     |    select|   0|  0|  17|           1|          17|
    |x_l_FL_V_14_fu_2998_p3     |    select|   0|  0|  17|           1|          17|
    |x_l_FL_V_15_fu_1843_p3     |    select|   0|  0|  18|           1|          18|
    |x_l_FL_V_16_fu_1988_p3     |    select|   0|  0|  17|           1|          17|
    |x_l_FL_V_17_fu_2169_p3     |    select|   0|  0|  17|           1|          17|
    |x_l_FL_V_18_fu_2331_p3     |    select|   0|  0|  17|           1|          17|
    |x_l_FL_V_19_fu_2493_p3     |    select|   0|  0|  17|           1|          17|
    |x_l_FL_V_20_fu_2655_p3     |    select|   0|  0|  17|           1|          17|
    |x_l_FL_V_21_fu_2817_p3     |    select|   0|  0|  17|           1|          17|
    |x_l_I_V_100_fu_2128_p3     |    select|   0|  0|  19|           1|          19|
    |x_l_I_V_101_fu_2174_p3     |    select|   0|  0|  19|           1|          19|
    |x_l_I_V_102_fu_2290_p3     |    select|   0|  0|  19|           1|          19|
    |x_l_I_V_103_fu_2336_p3     |    select|   0|  0|  19|           1|          19|
    |x_l_I_V_104_fu_2452_p3     |    select|   0|  0|  19|           1|          19|
    |x_l_I_V_105_fu_2498_p3     |    select|   0|  0|  19|           1|          19|
    |x_l_I_V_106_fu_2614_p3     |    select|   0|  0|  19|           1|          19|
    |x_l_I_V_107_fu_2660_p3     |    select|   0|  0|  19|           1|          19|
    |x_l_I_V_108_fu_2776_p3     |    select|   0|  0|  19|           1|          19|
    |x_l_I_V_109_fu_2822_p3     |    select|   0|  0|  19|           1|          19|
    |x_l_I_V_110_fu_2934_p3     |    select|   0|  0|  19|           1|          19|
    |x_l_I_V_111_fu_2979_p3     |    select|   0|  0|  19|           1|          19|
    |x_l_I_V_18_fu_865_p3       |    select|   0|  0|  19|           1|          19|
    |x_l_I_V_21_fu_1095_p3      |    select|   0|  0|  19|           1|          19|
    |x_l_I_V_25_fu_1198_p3      |    select|   0|  0|  19|           1|          19|
    |x_l_I_V_29_fu_1301_p3      |    select|   0|  0|  19|           1|          19|
    |x_l_I_V_33_fu_1404_p3      |    select|   0|  0|  19|           1|          19|
    |x_l_I_V_37_fu_1507_p3      |    select|   0|  0|  19|           1|          19|
    |x_l_I_V_41_fu_1580_p3      |    select|   0|  0|  19|           1|          19|
    |x_l_I_V_45_fu_1699_p3      |    select|   0|  0|  19|           1|          19|
    |x_l_I_V_72_fu_358_p3       |    select|   0|  0|  19|           1|          19|
    |x_l_I_V_73_fu_432_p3       |    select|   0|  0|  19|           1|          19|
    |x_l_I_V_74_fu_504_p3       |    select|   0|  0|  19|           1|          19|
    |x_l_I_V_75_fu_576_p3       |    select|   0|  0|  19|           1|          19|
    |x_l_I_V_76_fu_648_p3       |    select|   0|  0|  19|           1|          19|
    |x_l_I_V_77_fu_720_p3       |    select|   0|  0|  19|           1|          19|
    |x_l_I_V_78_fu_798_p3       |    select|   0|  0|  19|           1|          19|
    |x_l_I_V_79_fu_839_p3       |    select|   0|  0|  19|           1|          19|
    |x_l_I_V_81_fu_1020_p3      |    select|   0|  0|  19|           1|          19|
    |x_l_I_V_83_fu_1120_p3      |    select|   0|  0|  19|           1|          19|
    |x_l_I_V_85_fu_1223_p3      |    select|   0|  0|  19|           1|          19|
    |x_l_I_V_87_fu_1326_p3      |    select|   0|  0|  19|           1|          19|
    |x_l_I_V_89_fu_1429_p3      |    select|   0|  0|  19|           1|          19|
    |x_l_I_V_91_fu_1532_p3      |    select|   0|  0|  19|           1|          19|
    |x_l_I_V_93_fu_1635_p3      |    select|   0|  0|  19|           1|          19|
    |x_l_I_V_95_fu_1762_p3      |    select|   0|  0|  19|           1|          19|
    |x_l_I_V_96_fu_1822_p3      |    select|   0|  0|  19|           1|          19|
    |x_l_I_V_97_fu_1855_p3      |    select|   0|  0|  19|           1|          19|
    |x_l_I_V_98_fu_1978_p3      |    select|   0|  0|  19|           1|          19|
    |x_l_I_V_99_fu_1993_p3      |    select|   0|  0|  19|           1|          19|
    |xor_ln1494_10_fu_2296_p2   |       xor|   0|  0|   2|           1|           2|
    |xor_ln1494_11_fu_2458_p2   |       xor|   0|  0|   2|           1|           2|
    |xor_ln1494_12_fu_2620_p2   |       xor|   0|  0|   2|           1|           2|
    |xor_ln1494_13_fu_2782_p2   |       xor|   0|  0|   2|           1|           2|
    |xor_ln1494_14_fu_2944_p2   |       xor|   0|  0|   2|           1|           2|
    |xor_ln1494_15_fu_3056_p2   |       xor|   0|  0|   2|           1|           2|
    |xor_ln1494_1_fu_1100_p2    |       xor|   0|  0|   2|           1|           2|
    |xor_ln1494_2_fu_1203_p2    |       xor|   0|  0|   2|           1|           2|
    |xor_ln1494_3_fu_1306_p2    |       xor|   0|  0|   2|           1|           2|
    |xor_ln1494_4_fu_1409_p2    |       xor|   0|  0|   2|           1|           2|
    |xor_ln1494_5_fu_1512_p2    |       xor|   0|  0|   2|           1|           2|
    |xor_ln1494_6_fu_1619_p2    |       xor|   0|  0|   2|           1|           2|
    |xor_ln1494_7_fu_1721_p2    |       xor|   0|  0|   2|           1|           2|
    |xor_ln1494_8_fu_1941_p2    |       xor|   0|  0|   2|           1|           2|
    |xor_ln1494_9_fu_2134_p2    |       xor|   0|  0|   2|           1|           2|
    |xor_ln1494_fu_1009_p2      |       xor|   0|  0|   2|           1|           2|
    |xor_ln1495_1_fu_2117_p2    |       xor|   0|  0|   2|           1|           2|
    |xor_ln1495_2_fu_2279_p2    |       xor|   0|  0|   2|           1|           2|
    |xor_ln1495_3_fu_2441_p2    |       xor|   0|  0|   2|           1|           2|
    |xor_ln1495_4_fu_2603_p2    |       xor|   0|  0|   2|           1|           2|
    |xor_ln1495_5_fu_2765_p2    |       xor|   0|  0|   2|           1|           2|
    |xor_ln1495_6_fu_2923_p2    |       xor|   0|  0|   2|           1|           2|
    |xor_ln1495_fu_1967_p2      |       xor|   0|  0|   2|           1|           2|
    |xor_ln331_1_fu_2107_p2     |       xor|   0|  0|   2|           1|           2|
    |xor_ln331_2_fu_2269_p2     |       xor|   0|  0|   2|           1|           2|
    |xor_ln331_3_fu_2431_p2     |       xor|   0|  0|   2|           1|           2|
    |xor_ln331_4_fu_2593_p2     |       xor|   0|  0|   2|           1|           2|
    |xor_ln331_5_fu_2755_p2     |       xor|   0|  0|   2|           1|           2|
    |xor_ln331_6_fu_2913_p2     |       xor|   0|  0|   2|           1|           2|
    |xor_ln331_7_fu_1817_p2     |       xor|   0|  0|   2|           1|           2|
    |xor_ln331_fu_1957_p2       |       xor|   0|  0|   2|           1|           2|
    |xor_ln703_fu_1783_p2       |       xor|   0|  0|  17|          17|           2|
    +---------------------------+----------+----+---+----+------------+------------+
    |Total                      |          |   0|  0|2706|        1429|        2687|
    +---------------------------+----------+----+---+----+------------+------------+

    * Multiplexer: 
    +-----------+----+-----------+-----+-----------+
    |    Name   | LUT| Input Size| Bits| Total Bits|
    +-----------+----+-----------+-----+-----------+
    |ap_return  |   9|          2|   24|         48|
    +-----------+----+-----------+-----+-----------+
    |Total      |   9|          2|   24|         48|
    +-----------+----+-----------+-----+-----------+

    * Register: 
    +---------------------------------------+-----+----+-----+-----------+
    |                  Name                 |  FF | LUT| Bits| Const Bits|
    +---------------------------------------+-----+----+-----+-----------+
    |add_ln248_reg_3175                     |    3|   0|    3|          0|
    |and_ln318_10_reg_4317                  |    1|   0|    1|          0|
    |and_ln318_12_reg_4443                  |    1|   0|    1|          0|
    |and_ln318_14_reg_4559                  |    1|   0|    1|          0|
    |and_ln318_16_reg_4675                  |    1|   0|    1|          0|
    |and_ln318_18_reg_4791                  |    1|   0|    1|          0|
    |and_ln318_1_reg_3580                   |    1|   0|    1|          0|
    |and_ln318_1_reg_3580_pp0_iter29_reg    |    1|   0|    1|          0|
    |and_ln318_20_reg_4907                  |    1|   0|    1|          0|
    |and_ln318_22_reg_5018                  |    1|   0|    1|          0|
    |and_ln318_2_reg_3660                   |    1|   0|    1|          0|
    |and_ln318_3_reg_3740                   |    1|   0|    1|          0|
    |and_ln318_4_reg_3820                   |    1|   0|    1|          0|
    |and_ln318_5_reg_3900                   |    1|   0|    1|          0|
    |and_ln318_6_reg_3980                   |    1|   0|    1|          0|
    |and_ln318_7_reg_4065                   |    1|   0|    1|          0|
    |and_ln318_7_reg_4065_pp0_iter65_reg    |    1|   0|    1|          0|
    |and_ln318_8_reg_4140                   |    1|   0|    1|          0|
    |and_ln318_8_reg_4140_pp0_iter70_reg    |    1|   0|    1|          0|
    |ap_ce_reg                              |    1|   0|    1|          0|
    |ap_return_int_reg                      |   24|   0|   24|          0|
    |delta_V_1_reg_4376                     |    1|   0|    1|          0|
    |delta_V_2_reg_4492                     |    1|   0|    1|          0|
    |delta_V_3_reg_4608                     |    1|   0|    1|          0|
    |delta_V_4_reg_4724                     |    1|   0|    1|          0|
    |delta_V_5_reg_4840                     |    1|   0|    1|          0|
    |delta_V_6_reg_4956                     |    1|   0|    1|          0|
    |delta_V_reg_4280                       |    1|   0|    1|          0|
    |delta_V_reg_4280_pp0_iter76_reg        |    1|   0|    1|          0|
    |icmp_ln1494_10_reg_4292                |    1|   0|    1|          0|
    |icmp_ln1494_11_reg_4423                |    1|   0|    1|          0|
    |icmp_ln1494_12_reg_4539                |    1|   0|    1|          0|
    |icmp_ln1494_13_reg_4655                |    1|   0|    1|          0|
    |icmp_ln1494_14_reg_4771                |    1|   0|    1|          0|
    |icmp_ln1494_15_reg_4887                |    1|   0|    1|          0|
    |icmp_ln1494_16_reg_5003                |    1|   0|    1|          0|
    |icmp_ln1494_17_reg_5069                |    1|   0|    1|          0|
    |icmp_ln1494_1_reg_3645                 |    1|   0|    1|          0|
    |icmp_ln1494_2_reg_3725                 |    1|   0|    1|          0|
    |icmp_ln1494_3_reg_3805                 |    1|   0|    1|          0|
    |icmp_ln1494_4_reg_3885                 |    1|   0|    1|          0|
    |icmp_ln1494_5_reg_3965                 |    1|   0|    1|          0|
    |icmp_ln1494_6_reg_4050                 |    1|   0|    1|          0|
    |icmp_ln1494_7_reg_4130                 |    1|   0|    1|          0|
    |icmp_ln1494_8_reg_4195                 |    1|   0|    1|          0|
    |icmp_ln1494_9_reg_4180                 |    1|   0|    1|          0|
    |icmp_ln1494_9_reg_4180_pp0_iter72_reg  |    1|   0|    1|          0|
    |icmp_ln1494_reg_3564                   |    1|   0|    1|          0|
    |icmp_ln1495_1_reg_4408                 |    1|   0|    1|          0|
    |icmp_ln1495_2_reg_4524                 |    1|   0|    1|          0|
    |icmp_ln1495_3_reg_4640                 |    1|   0|    1|          0|
    |icmp_ln1495_4_reg_4756                 |    1|   0|    1|          0|
    |icmp_ln1495_5_reg_4872                 |    1|   0|    1|          0|
    |icmp_ln1495_6_reg_4988                 |    1|   0|    1|          0|
    |icmp_ln1495_reg_4297                   |    1|   0|    1|          0|
    |icmp_ln1496_reg_5053                   |    1|   0|    1|          0|
    |icmp_ln1498_1_reg_4287                 |    1|   0|    1|          0|
    |icmp_ln1498_2_reg_4418                 |    1|   0|    1|          0|
    |icmp_ln1498_3_reg_4534                 |    1|   0|    1|          0|
    |icmp_ln1498_4_reg_4650                 |    1|   0|    1|          0|
    |icmp_ln1498_5_reg_4766                 |    1|   0|    1|          0|
    |icmp_ln1498_6_reg_4882                 |    1|   0|    1|          0|
    |icmp_ln1498_7_reg_4998                 |    1|   0|    1|          0|
    |icmp_ln1498_8_reg_5043                 |    1|   0|    1|          0|
    |icmp_ln1498_reg_4200                   |    1|   0|    1|          0|
    |icmp_ln318_10_reg_4518                 |    1|   0|    1|          0|
    |icmp_ln318_11_reg_4634                 |    1|   0|    1|          0|
    |icmp_ln318_12_reg_4750                 |    1|   0|    1|          0|
    |icmp_ln318_13_reg_4866                 |    1|   0|    1|          0|
    |icmp_ln318_14_reg_4982                 |    1|   0|    1|          0|
    |icmp_ln318_15_reg_5064                 |    1|   0|    1|          0|
    |icmp_ln318_16_reg_3869                 |    1|   0|    1|          0|
    |icmp_ln318_17_reg_3874                 |    1|   0|    1|          0|
    |icmp_ln318_18_reg_3949                 |    1|   0|    1|          0|
    |icmp_ln318_19_reg_3954                 |    1|   0|    1|          0|
    |icmp_ln318_1_reg_3169                  |    1|   0|    1|          0|
    |icmp_ln318_20_reg_4045                 |    1|   0|    1|          0|
    |icmp_ln318_21_reg_4024                 |    1|   0|    1|          0|
    |icmp_ln318_22_reg_4120                 |    1|   0|    1|          0|
    |icmp_ln318_23_reg_4104                 |    1|   0|    1|          0|
    |icmp_ln318_23_reg_4104_pp0_iter68_reg  |    1|   0|    1|          0|
    |icmp_ln318_2_reg_3629                  |    1|   0|    1|          0|
    |icmp_ln318_3_reg_3634                  |    1|   0|    1|          0|
    |icmp_ln318_4_reg_3709                  |    1|   0|    1|          0|
    |icmp_ln318_5_reg_3714                  |    1|   0|    1|          0|
    |icmp_ln318_6_reg_3789                  |    1|   0|    1|          0|
    |icmp_ln318_7_reg_3794                  |    1|   0|    1|          0|
    |icmp_ln318_8_reg_4274                  |    1|   0|    1|          0|
    |icmp_ln318_8_reg_4274_pp0_iter76_reg   |    1|   0|    1|          0|
    |icmp_ln318_9_reg_4402                  |    1|   0|    1|          0|
    |icmp_ln318_reg_3559                    |    1|   0|    1|          0|
    |icmp_ln331_reg_4185                    |    1|   0|    1|          0|
    |icmp_ln489_1_reg_3208                  |    1|   0|    1|          0|
    |icmp_ln489_1_reg_3208_pp0_iter4_reg    |    1|   0|    1|          0|
    |icmp_ln489_2_reg_3247                  |    1|   0|    1|          0|
    |icmp_ln489_2_reg_3247_pp0_iter7_reg    |    1|   0|    1|          0|
    |icmp_ln489_3_reg_3286                  |    1|   0|    1|          0|
    |icmp_ln489_3_reg_3286_pp0_iter10_reg   |    1|   0|    1|          0|
    |icmp_ln489_4_reg_3325                  |    1|   0|    1|          0|
    |icmp_ln489_4_reg_3325_pp0_iter13_reg   |    1|   0|    1|          0|
    |icmp_ln489_5_reg_3364                  |    1|   0|    1|          0|
    |icmp_ln489_5_reg_3364_pp0_iter16_reg   |    1|   0|    1|          0|
    |icmp_ln489_6_reg_3403                  |    1|   0|    1|          0|
    |icmp_ln489_6_reg_3403_pp0_iter19_reg   |    1|   0|    1|          0|
    |icmp_ln489_7_reg_3438                  |    1|   0|    1|          0|
    |icmp_ln489_reg_3163                    |    1|   0|    1|          0|
    |icmp_ln489_reg_3163_pp0_iter1_reg      |    1|   0|    1|          0|
    |mul_FH_V_5_reg_4019                    |   13|   0|   17|          4|
    |mul_FH_V_6_reg_4099                    |   15|   0|   17|          2|
    |mul_FH_V_8_reg_4263                    |   16|   0|   17|          1|
    |mul_FL_V_1_reg_4371                    |    4|   0|   17|         13|
    |mul_FL_V_2_reg_4487                    |    6|   0|   17|         11|
    |mul_FL_V_3_reg_4603                    |    8|   0|   17|          9|
    |mul_FL_V_4_reg_4719                    |   10|   0|   17|          7|
    |mul_FL_V_5_reg_4835                    |   12|   0|   17|          5|
    |mul_FL_V_6_reg_4951                    |   14|   0|   17|          3|
    |or_ln318_16_reg_4215                   |    1|   0|    1|          0|
    |p_Result_10_reg_3309                   |    5|   0|    5|          0|
    |p_Result_11_reg_3314                   |    7|   0|    7|          0|
    |p_Result_13_reg_3348                   |    6|   0|    6|          0|
    |p_Result_14_reg_3353                   |    8|   0|    8|          0|
    |p_Result_16_reg_3387                   |    7|   0|    7|          0|
    |p_Result_17_reg_3392                   |    9|   0|    9|          0|
    |p_Result_1_reg_3197                    |    4|   0|    4|          0|
    |p_Result_20_reg_3614                   |    1|   0|    2|          1|
    |p_Result_21_reg_3694                   |    3|   0|    3|          0|
    |p_Result_22_reg_3774                   |    4|   0|    4|          0|
    |p_Result_23_reg_3854                   |    5|   0|    5|          0|
    |p_Result_24_reg_3934                   |    6|   0|    6|          0|
    |p_Result_25_reg_4014                   |    7|   0|    7|          0|
    |p_Result_26_reg_4094                   |    8|   0|    8|          0|
    |p_Result_27_reg_4166                   |    9|   0|    9|          0|
    |p_Result_4_reg_3231                    |    3|   0|    3|          0|
    |p_Result_5_reg_3236                    |    5|   0|    5|          0|
    |p_Result_8_reg_3270                    |    4|   0|    4|          0|
    |p_Result_9_reg_3275                    |    6|   0|    6|          0|
    |p_Result_s_97_reg_3192                 |    1|   0|    2|          1|
    |p_Val2_23_reg_3607                     |   17|   0|   17|          0|
    |p_neg168_reg_4302                      |   17|   0|   17|          0|
    |p_neg169_reg_4392                      |   17|   0|   17|          0|
    |p_neg170_reg_4508                      |   17|   0|   17|          0|
    |p_neg171_reg_4624                      |   17|   0|   17|          0|
    |p_neg172_reg_4740                      |   17|   0|   17|          0|
    |p_neg173_reg_4856                      |   17|   0|   17|          0|
    |p_neg174_reg_4972                      |   17|   0|   17|          0|
    |res_FH_V_31_reg_5074                   |   17|   0|   17|          0|
    |res_FH_V_33_reg_3601                   |    1|   0|   17|         16|
    |res_FH_V_34_reg_3688                   |   17|   0|   17|          0|
    |res_FH_V_35_reg_3768                   |   17|   0|   17|          0|
    |res_FH_V_36_reg_3848                   |   17|   0|   17|          0|
    |res_FH_V_37_reg_3928                   |   17|   0|   17|          0|
    |res_FH_V_38_reg_4008                   |   17|   0|   17|          0|
    |res_FH_V_39_reg_4088                   |   17|   0|   17|          0|
    |res_FH_V_40_reg_4223                   |   17|   0|   17|          0|
    |res_FH_V_41_reg_4350                   |   17|   0|   17|          0|
    |res_FH_V_42_reg_4451                   |   17|   0|   17|          0|
    |res_FH_V_43_reg_4567                   |   17|   0|   17|          0|
    |res_FH_V_44_reg_4683                   |   17|   0|   17|          0|
    |res_FH_V_45_reg_4799                   |   17|   0|   17|          0|
    |res_FH_V_46_reg_4915                   |   17|   0|   17|          0|
    |res_FH_V_47_reg_5031                   |   17|   0|   17|          0|
    |res_FH_V_48_reg_5090                   |   17|   0|   17|          0|
    |res_FH_V_reg_4152                      |   17|   0|   17|          0|
    |res_FH_l_V_reg_5085                    |   18|   0|   18|          0|
    |res_I_V_14_reg_5095                    |    8|   0|    8|          0|
    |res_I_V_16_reg_3186                    |    1|   0|    8|          7|
    |res_I_V_17_reg_3225                    |    8|   0|    8|          0|
    |res_I_V_18_reg_3264                    |    8|   0|    8|          0|
    |res_I_V_19_reg_3303                    |    8|   0|    8|          0|
    |res_I_V_20_reg_3342                    |    8|   0|    8|          0|
    |res_I_V_21_reg_3381                    |    8|   0|    8|          0|
    |res_I_V_21_reg_3381_pp0_iter18_reg     |    8|   0|    8|          0|
    |res_I_V_22_reg_3414                    |    8|   0|    8|          0|
    |res_I_V_reg_3463                       |    8|   0|    8|          0|
    |sub_ln248_1_reg_3253                   |    5|   0|    5|          0|
    |sub_ln248_2_reg_3292                   |    6|   0|    6|          0|
    |sub_ln248_3_reg_3331                   |    7|   0|    7|          0|
    |sub_ln248_4_reg_3370                   |    8|   0|    8|          0|
    |sub_ln248_5_reg_3409                   |    9|   0|    9|          0|
    |sub_ln248_6_reg_3444                   |   10|   0|   10|          0|
    |sub_ln248_reg_3214                     |    4|   0|    4|          0|
    |sub_ln703_12_reg_4781                  |   17|   0|   17|          0|
    |sub_ln703_15_reg_4897                  |   17|   0|   17|          0|
    |sub_ln703_18_reg_5013                  |   17|   0|   17|          0|
    |sub_ln703_3_reg_4433                   |   17|   0|   17|          0|
    |sub_ln703_6_reg_4549                   |   17|   0|   17|          0|
    |sub_ln703_9_reg_4665                   |   17|   0|   17|          0|
    |sub_ln703_reg_4337                     |   17|   0|   17|          0|
    |tmp_10_reg_4588                        |    8|   0|    8|          0|
    |tmp_11_reg_4704                        |   10|   0|   10|          0|
    |tmp_12_reg_4820                        |   12|   0|   12|          0|
    |tmp_13_reg_4936                        |   14|   0|   14|          0|
    |tmp_14_reg_3489                        |    7|   0|    7|          0|
    |tmp_15_reg_3499                        |    6|   0|    6|          0|
    |tmp_16_reg_3509                        |    5|   0|    5|          0|
    |tmp_17_reg_3519                        |    4|   0|    4|          0|
    |tmp_18_reg_3529                        |    3|   0|    3|          0|
    |tmp_19_reg_3539                        |    2|   0|    2|          0|
    |tmp_20_reg_4258                        |    8|   0|    8|          0|
    |tmp_21_reg_4361                        |    7|   0|    7|          0|
    |tmp_22_reg_4477                        |    6|   0|    6|          0|
    |tmp_23_reg_4593                        |    5|   0|    5|          0|
    |tmp_24_reg_4709                        |    4|   0|    4|          0|
    |tmp_25_reg_4825                        |    3|   0|    3|          0|
    |tmp_26_reg_4941                        |    2|   0|    2|          0|
    |tmp_45_reg_3549                        |    1|   0|    1|          0|
    |tmp_56_reg_5038                        |    1|   0|    1|          0|
    |tmp_7_reg_4356                         |    4|   0|    4|          0|
    |tmp_9_reg_4472                         |    6|   0|    6|          0|
    |tmp_s_reg_4253                         |    2|   0|    2|          0|
    |trunc_ln104_1_reg_3494                 |    2|   0|    2|          0|
    |trunc_ln104_2_reg_3504                 |    3|   0|    3|          0|
    |trunc_ln104_3_reg_3514                 |    4|   0|    4|          0|
    |trunc_ln104_4_reg_3524                 |    5|   0|    5|          0|
    |trunc_ln104_5_reg_3534                 |    6|   0|    6|          0|
    |trunc_ln104_6_reg_3544                 |    7|   0|    7|          0|
    |trunc_ln104_reg_3484                   |    1|   0|    1|          0|
    |trunc_ln640_reg_3427                   |   10|   0|   10|          0|
    |trunc_ln731_reg_3153                   |   16|   0|   16|          0|
    |trunc_ln_reg_3148                      |   16|   0|   16|          0|
    |trunc_ln_reg_3148_pp0_iter1_reg        |   16|   0|   16|          0|
    |x_int_reg                              |   32|   0|   32|          0|
    |x_l_FH_V_26_reg_3587                   |   17|   0|   17|          0|
    |x_l_FH_V_27_reg_3655                   |   17|   0|   17|          0|
    |x_l_FH_V_28_reg_3667                   |   17|   0|   17|          0|
    |x_l_FH_V_29_reg_3735                   |   17|   0|   17|          0|
    |x_l_FH_V_30_reg_3747                   |   17|   0|   17|          0|
    |x_l_FH_V_31_reg_3815                   |   17|   0|   17|          0|
    |x_l_FH_V_32_reg_3827                   |   17|   0|   17|          0|
    |x_l_FH_V_33_reg_3895                   |   17|   0|   17|          0|
    |x_l_FH_V_34_reg_3907                   |   17|   0|   17|          0|
    |x_l_FH_V_35_reg_3975                   |   17|   0|   17|          0|
    |x_l_FH_V_36_reg_3987                   |   17|   0|   17|          0|
    |x_l_FH_V_37_reg_4060                   |   17|   0|   17|          0|
    |x_l_FH_V_38_reg_4072                   |   17|   0|   17|          0|
    |x_l_FH_V_39_reg_4135                   |   17|   0|   17|          0|
    |x_l_FH_V_40_reg_4158                   |   17|   0|   17|          0|
    |x_l_FH_V_41_reg_4210                   |   17|   0|   17|          0|
    |x_l_FH_V_42_reg_4236                   |   17|   0|   17|          0|
    |x_l_FH_V_43_reg_4366                   |   17|   0|   17|          0|
    |x_l_FH_V_44_reg_4383                   |   17|   0|   17|          0|
    |x_l_FH_V_45_reg_4482                   |   17|   0|   17|          0|
    |x_l_FH_V_46_reg_4499                   |   17|   0|   17|          0|
    |x_l_FH_V_47_reg_4598                   |   17|   0|   17|          0|
    |x_l_FH_V_48_reg_4615                   |   17|   0|   17|          0|
    |x_l_FH_V_49_reg_4714                   |   17|   0|   17|          0|
    |x_l_FH_V_50_reg_4731                   |   17|   0|   17|          0|
    |x_l_FH_V_51_reg_4830                   |   17|   0|   17|          0|
    |x_l_FH_V_52_reg_4847                   |   17|   0|   17|          0|
    |x_l_FH_V_53_reg_4946                   |   17|   0|   17|          0|
    |x_l_FH_V_54_reg_4963                   |   17|   0|   17|          0|
    |x_l_FH_V_55_reg_5048                   |   17|   0|   17|          0|
    |x_l_FH_V_56_reg_5058                   |   17|   0|   17|          0|
    |x_l_FH_V_reg_3569                      |   16|   0|   17|          1|
    |x_l_FH_V_reg_3569_pp0_iter29_reg       |   16|   0|   17|          1|
    |x_l_FL_V_11_reg_4902                   |   17|   0|   17|          0|
    |x_l_FL_V_13_reg_5026                   |   17|   0|   17|          0|
    |x_l_FL_V_15_reg_4229                   |    1|   0|   17|         16|
    |x_l_FL_V_16_reg_4330                   |   17|   0|   17|          0|
    |x_l_FL_V_17_reg_4457                   |   17|   0|   17|          0|
    |x_l_FL_V_18_reg_4573                   |   17|   0|   17|          0|
    |x_l_FL_V_19_reg_4689                   |   17|   0|   17|          0|
    |x_l_FL_V_20_reg_4805                   |   17|   0|   17|          0|
    |x_l_FL_V_21_reg_4921                   |   17|   0|   17|          0|
    |x_l_FL_V_3_reg_4438                    |   17|   0|   17|          0|
    |x_l_FL_V_5_reg_4554                    |   17|   0|   17|          0|
    |x_l_FL_V_7_reg_4670                    |   17|   0|   17|          0|
    |x_l_FL_V_9_reg_4786                    |   17|   0|   17|          0|
    |x_l_FL_V_reg_4312                      |   17|   0|   17|          0|
    |x_l_I_V_100_reg_4428                   |   19|   0|   19|          0|
    |x_l_I_V_101_reg_4464                   |   19|   0|   19|          0|
    |x_l_I_V_102_reg_4544                   |   19|   0|   19|          0|
    |x_l_I_V_103_reg_4580                   |   19|   0|   19|          0|
    |x_l_I_V_104_reg_4660                   |   19|   0|   19|          0|
    |x_l_I_V_105_reg_4696                   |   19|   0|   19|          0|
    |x_l_I_V_106_reg_4776                   |   19|   0|   19|          0|
    |x_l_I_V_107_reg_4812                   |   19|   0|   19|          0|
    |x_l_I_V_108_reg_4892                   |   19|   0|   19|          0|
    |x_l_I_V_109_reg_4928                   |   19|   0|   19|          0|
    |x_l_I_V_110_reg_5008                   |   19|   0|   19|          0|
    |x_l_I_V_17_reg_3458                    |   19|   0|   19|          0|
    |x_l_I_V_18_reg_3479                    |   19|   0|   19|          0|
    |x_l_I_V_21_reg_3650                    |   19|   0|   19|          0|
    |x_l_I_V_24_reg_3720                    |   19|   0|   19|          0|
    |x_l_I_V_25_reg_3730                    |   19|   0|   19|          0|
    |x_l_I_V_28_reg_3800                    |   19|   0|   19|          0|
    |x_l_I_V_29_reg_3810                    |   19|   0|   19|          0|
    |x_l_I_V_32_reg_3880                    |   19|   0|   19|          0|
    |x_l_I_V_33_reg_3890                    |   19|   0|   19|          0|
    |x_l_I_V_36_reg_3960                    |   19|   0|   19|          0|
    |x_l_I_V_37_reg_3970                    |   19|   0|   19|          0|
    |x_l_I_V_40_reg_4030                    |   19|   0|   19|          0|
    |x_l_I_V_41_reg_4035                    |   19|   0|   19|          0|
    |x_l_I_V_44_reg_4110                    |   19|   0|   19|          0|
    |x_l_I_V_45_reg_4125                    |   19|   0|   19|          0|
    |x_l_I_V_48_reg_4205                    |   19|   0|   19|          0|
    |x_l_I_V_51_reg_4307                    |   19|   0|   19|          0|
    |x_l_I_V_54_reg_4413                    |   19|   0|   19|          0|
    |x_l_I_V_57_reg_4529                    |   19|   0|   19|          0|
    |x_l_I_V_60_reg_4645                    |   19|   0|   19|          0|
    |x_l_I_V_63_reg_4761                    |   19|   0|   19|          0|
    |x_l_I_V_66_reg_4877                    |   19|   0|   19|          0|
    |x_l_I_V_69_reg_4993                    |   19|   0|   19|          0|
    |x_l_I_V_72_reg_3180                    |   19|   0|   19|          0|
    |x_l_I_V_73_reg_3219                    |   19|   0|   19|          0|
    |x_l_I_V_74_reg_3258                    |   19|   0|   19|          0|
    |x_l_I_V_75_reg_3297                    |   19|   0|   19|          0|
    |x_l_I_V_76_reg_3336                    |   19|   0|   19|          0|
    |x_l_I_V_77_reg_3375                    |   19|   0|   19|          0|
    |x_l_I_V_78_reg_3421                    |   19|   0|   19|          0|
    |x_l_I_V_79_reg_3449                    |   19|   0|   19|          0|
    |x_l_I_V_80_reg_3575                    |   19|   0|   19|          0|
    |x_l_I_V_81_reg_3592                    |   19|   0|   19|          0|
    |x_l_I_V_82_reg_3674                    |   19|   0|   19|          0|
    |x_l_I_V_83_reg_3679                    |   19|   0|   19|          0|
    |x_l_I_V_84_reg_3754                    |   19|   0|   19|          0|
    |x_l_I_V_85_reg_3759                    |   19|   0|   19|          0|
    |x_l_I_V_86_reg_3834                    |   19|   0|   19|          0|
    |x_l_I_V_87_reg_3839                    |   19|   0|   19|          0|
    |x_l_I_V_88_reg_3914                    |   19|   0|   19|          0|
    |x_l_I_V_89_reg_3919                    |   19|   0|   19|          0|
    |x_l_I_V_90_reg_3994                    |   19|   0|   19|          0|
    |x_l_I_V_91_reg_3999                    |   19|   0|   19|          0|
    |x_l_I_V_92_reg_4055                    |   19|   0|   19|          0|
    |x_l_I_V_93_reg_4079                    |   19|   0|   19|          0|
    |x_l_I_V_94_reg_4147                    |   19|   0|   19|          0|
    |x_l_I_V_95_reg_4171                    |   19|   0|   19|          0|
    |x_l_I_V_97_reg_4245                    |   19|   0|   19|          0|
    |x_l_I_V_98_reg_4325                    |   19|   0|   19|          0|
    |x_l_I_V_99_reg_4342                    |   19|   0|   19|          0|
    |x_l_I_V_reg_3640                       |   19|   0|   19|          0|
    |x_read_reg_3143                        |   32|   0|   32|          0|
    |xor_ln703_reg_4190                     |   17|   0|   17|          0|
    |zext_ln318_1_reg_3624                  |    7|   0|   19|         12|
    |zext_ln318_2_reg_3704                  |    6|   0|   19|         13|
    |zext_ln318_3_reg_3784                  |    5|   0|   19|         14|
    |zext_ln318_4_reg_3864                  |    4|   0|   19|         15|
    |zext_ln318_5_reg_3944                  |    3|   0|   19|         16|
    |zext_ln318_7_reg_4115                  |    1|   0|   19|         18|
    |and_ln318_10_reg_4317                  |   64|  32|    1|          0|
    |and_ln318_12_reg_4443                  |   64|  32|    1|          0|
    |and_ln318_14_reg_4559                  |   64|  32|    1|          0|
    |and_ln318_16_reg_4675                  |   64|  32|    1|          0|
    |and_ln318_18_reg_4791                  |   64|  32|    1|          0|
    |and_ln318_20_reg_4907                  |   64|  32|    1|          0|
    |and_ln318_22_reg_5018                  |   64|  32|    1|          0|
    |and_ln318_2_reg_3660                   |   64|  32|    1|          0|
    |and_ln318_3_reg_3740                   |   64|  32|    1|          0|
    |and_ln318_4_reg_3820                   |   64|  32|    1|          0|
    |and_ln318_5_reg_3900                   |   64|  32|    1|          0|
    |and_ln318_6_reg_3980                   |   64|  32|    1|          0|
    |delta_V_1_reg_4376                     |   64|  32|    1|          0|
    |delta_V_2_reg_4492                     |   64|  32|    1|          0|
    |delta_V_3_reg_4608                     |   64|  32|    1|          0|
    |delta_V_4_reg_4724                     |   64|  32|    1|          0|
    |delta_V_5_reg_4840                     |   64|  32|    1|          0|
    |delta_V_6_reg_4956                     |   64|  32|    1|          0|
    |icmp_ln1496_reg_5053                   |   64|  32|    1|          0|
    |icmp_ln1498_8_reg_5043                 |   64|  32|    1|          0|
    |icmp_ln318_1_reg_3169                  |   64|  32|    1|          0|
    |icmp_ln318_21_reg_4024                 |   64|  32|    1|          0|
    |icmp_ln331_reg_4185                    |   64|  32|    1|          0|
    |icmp_ln489_7_reg_3438                  |   64|  32|    1|          0|
    |mul_FH_V_5_reg_4019                    |   64|  32|   17|          4|
    |mul_FH_V_8_reg_4263                    |   64|  32|   17|          1|
    |mul_FL_V_1_reg_4371                    |   64|  32|   17|         13|
    |mul_FL_V_2_reg_4487                    |   64|  32|   17|         11|
    |mul_FL_V_3_reg_4603                    |   64|  32|   17|          9|
    |mul_FL_V_4_reg_4719                    |   64|  32|   17|          7|
    |mul_FL_V_5_reg_4835                    |   64|  32|   17|          5|
    |mul_FL_V_6_reg_4951                    |   64|  32|   17|          3|
    |p_Val2_23_reg_3607                     |   64|  32|   17|          0|
    |res_FH_V_33_reg_3601                   |   64|  32|   17|         16|
    |res_FH_V_34_reg_3688                   |   64|  32|   17|          0|
    |res_FH_V_35_reg_3768                   |   64|  32|   17|          0|
    |res_FH_V_36_reg_3848                   |   64|  32|   17|          0|
    |res_FH_V_37_reg_3928                   |   64|  32|   17|          0|
    |res_FH_V_38_reg_4008                   |   64|  32|   17|          0|
    |res_FH_V_39_reg_4088                   |   64|  32|   17|          0|
    |res_FH_V_40_reg_4223                   |   64|  32|   17|          0|
    |res_FH_V_41_reg_4350                   |   64|  32|   17|          0|
    |res_FH_V_42_reg_4451                   |   64|  32|   17|          0|
    |res_FH_V_43_reg_4567                   |   64|  32|   17|          0|
    |res_FH_V_44_reg_4683                   |   64|  32|   17|          0|
    |res_FH_V_45_reg_4799                   |   64|  32|   17|          0|
    |res_FH_V_46_reg_4915                   |   64|  32|   17|          0|
    |res_FH_V_47_reg_5031                   |   64|  32|   17|          0|
    |res_FH_V_reg_4152                      |   64|  32|   17|          0|
    |res_I_V_16_reg_3186                    |   64|  32|    8|          7|
    |res_I_V_17_reg_3225                    |   64|  32|    8|          0|
    |res_I_V_18_reg_3264                    |   64|  32|    8|          0|
    |res_I_V_19_reg_3303                    |   64|  32|    8|          0|
    |res_I_V_20_reg_3342                    |   64|  32|    8|          0|
    |res_I_V_22_reg_3414                    |   64|  32|    8|          0|
    |res_I_V_reg_3463                       |   64|  32|    8|          0|
    |tmp_14_reg_3489                        |   64|  32|    7|          0|
    |tmp_15_reg_3499                        |   64|  32|    6|          0|
    |tmp_16_reg_3509                        |   64|  32|    5|          0|
    |tmp_17_reg_3519                        |   64|  32|    4|          0|
    |tmp_18_reg_3529                        |   64|  32|    3|          0|
    |tmp_19_reg_3539                        |   64|  32|    2|          0|
    |tmp_21_reg_4361                        |   64|  32|    7|          0|
    |tmp_22_reg_4477                        |   64|  32|    6|          0|
    |tmp_23_reg_4593                        |   64|  32|    5|          0|
    |tmp_24_reg_4709                        |   64|  32|    4|          0|
    |tmp_25_reg_4825                        |   64|  32|    3|          0|
    |tmp_26_reg_4941                        |   64|  32|    2|          0|
    |tmp_45_reg_3549                        |   64|  32|    1|          0|
    |tmp_56_reg_5038                        |   64|  32|    1|          0|
    |trunc_ln104_1_reg_3494                 |   64|  32|    2|          0|
    |trunc_ln104_2_reg_3504                 |   64|  32|    3|          0|
    |trunc_ln104_3_reg_3514                 |   64|  32|    4|          0|
    |trunc_ln104_4_reg_3524                 |   64|  32|    5|          0|
    |trunc_ln104_5_reg_3534                 |   64|  32|    6|          0|
    |trunc_ln104_6_reg_3544                 |   64|  32|    7|          0|
    |trunc_ln104_reg_3484                   |   64|  32|    1|          0|
    |trunc_ln731_reg_3153                   |   64|  32|   16|          0|
    |x_l_FH_V_28_reg_3667                   |   64|  32|   17|          0|
    |x_l_FH_V_30_reg_3747                   |   64|  32|   17|          0|
    |x_l_FH_V_32_reg_3827                   |   64|  32|   17|          0|
    |x_l_FH_V_34_reg_3907                   |   64|  32|   17|          0|
    |x_l_FH_V_36_reg_3987                   |   64|  32|   17|          0|
    |x_l_FH_V_38_reg_4072                   |   64|  32|   17|          0|
    |x_l_FH_V_40_reg_4158                   |   64|  32|   17|          0|
    |x_l_FH_V_42_reg_4236                   |   64|  32|   17|          0|
    |x_l_FH_V_44_reg_4383                   |   64|  32|   17|          0|
    |x_l_FH_V_46_reg_4499                   |   64|  32|   17|          0|
    |x_l_FH_V_48_reg_4615                   |   64|  32|   17|          0|
    |x_l_FH_V_50_reg_4731                   |   64|  32|   17|          0|
    |x_l_FH_V_52_reg_4847                   |   64|  32|   17|          0|
    |x_l_FH_V_54_reg_4963                   |   64|  32|   17|          0|
    |x_l_FL_V_15_reg_4229                   |   64|  32|   17|         16|
    |x_l_FL_V_16_reg_4330                   |   64|  32|   17|          0|
    |x_l_FL_V_17_reg_4457                   |   64|  32|   17|          0|
    |x_l_FL_V_18_reg_4573                   |   64|  32|   17|          0|
    |x_l_FL_V_19_reg_4689                   |   64|  32|   17|          0|
    |x_l_FL_V_20_reg_4805                   |   64|  32|   17|          0|
    |x_l_FL_V_21_reg_4921                   |   64|  32|   17|          0|
    |x_l_I_V_101_reg_4464                   |   64|  32|   19|          0|
    |x_l_I_V_103_reg_4580                   |   64|  32|   19|          0|
    |x_l_I_V_105_reg_4696                   |   64|  32|   19|          0|
    |x_l_I_V_107_reg_4812                   |   64|  32|   19|          0|
    |x_l_I_V_109_reg_4928                   |   64|  32|   19|          0|
    |x_l_I_V_72_reg_3180                    |   64|  32|   19|          0|
    |x_l_I_V_73_reg_3219                    |   64|  32|   19|          0|
    |x_l_I_V_74_reg_3258                    |   64|  32|   19|          0|
    |x_l_I_V_75_reg_3297                    |   64|  32|   19|          0|
    |x_l_I_V_76_reg_3336                    |   64|  32|   19|          0|
    |x_l_I_V_77_reg_3375                    |   64|  32|   19|          0|
    |x_l_I_V_78_reg_3421                    |   64|  32|   19|          0|
    |x_l_I_V_79_reg_3449                    |   64|  32|   19|          0|
    |x_l_I_V_81_reg_3592                    |   64|  32|   19|          0|
    |x_l_I_V_83_reg_3679                    |   64|  32|   19|          0|
    |x_l_I_V_85_reg_3759                    |   64|  32|   19|          0|
    |x_l_I_V_87_reg_3839                    |   64|  32|   19|          0|
    |x_l_I_V_89_reg_3919                    |   64|  32|   19|          0|
    |x_l_I_V_91_reg_3999                    |   64|  32|   19|          0|
    |x_l_I_V_93_reg_4079                    |   64|  32|   19|          0|
    |x_l_I_V_95_reg_4171                    |   64|  32|   19|          0|
    |x_l_I_V_97_reg_4245                    |   64|  32|   19|          0|
    |x_l_I_V_99_reg_4342                    |   64|  32|   19|          0|
    |x_read_reg_3143                        |   64|  32|   32|          0|
    |zext_ln318_1_reg_3624                  |   64|  32|   19|         12|
    |zext_ln318_2_reg_3704                  |   64|  32|   19|         13|
    |zext_ln318_3_reg_3784                  |   64|  32|   19|         14|
    |zext_ln318_4_reg_3864                  |   64|  32|   19|         15|
    |zext_ln318_5_reg_3944                  |   64|  32|   19|         16|
    +---------------------------------------+-----+----+-----+-----------+
    |Total                                  |11488|4096| 5008|        348|
    +---------------------------------------+-----+----+-----+-----------+



================================================================
== Interface
================================================================
* Summary: 
+-----------+-----+-----+------------+--------------------+--------------+
| RTL Ports | Dir | Bits|  Protocol  |    Source Object   |    C Type    |
+-----------+-----+-----+------------+--------------------+--------------+
|ap_clk     |   in|    1|  ap_ctrl_hs|  sqrt_fixed<32, 16>|  return value|
|ap_rst     |   in|    1|  ap_ctrl_hs|  sqrt_fixed<32, 16>|  return value|
|ap_return  |  out|   24|  ap_ctrl_hs|  sqrt_fixed<32, 16>|  return value|
|ap_ce      |   in|    1|  ap_ctrl_hs|  sqrt_fixed<32, 16>|  return value|
|x          |   in|   32|     ap_none|                   x|        scalar|
+-----------+-----+-----+------------+--------------------+--------------+

