

================================================================
== Vitis HLS Report for 'update_weights'
================================================================
* Date:           Sun Jul 20 20:02:02 2025

* Version:        2020.2 (Build 3064766 on Wed Nov 18 09:12:47 MST 2020)
* Project:        aes
* Solution:       solution1 (Vivado IP Flow Target)
* Product family: zynq
* Target device:  xc7z020-clg484-1


================================================================
== Performance Estimates
================================================================
+ Timing: 
    * Summary: 
    +--------+---------+----------+------------+
    |  Clock |  Target | Estimated| Uncertainty|
    +--------+---------+----------+------------+
    |ap_clk  |  2.00 ns|  4.888 ns|     0.54 ns|
    +--------+---------+----------+------------+

+ Latency: 
    * Summary: 
    +---------+---------+----------+----------+--------+--------+---------+
    |  Latency (cycles) |  Latency (absolute) |     Interval    | Pipeline|
    |   min   |   max   |    min   |    max   |   min  |   max  |   Type  |
    +---------+---------+----------+----------+--------+--------+---------+
    |   283449|   283449|  1.385 ms|  1.385 ms|  283449|  283449|     none|
    +---------+---------+----------+----------+--------+--------+---------+

    + Detail: 
        * Instance: 
        +-------------------------------+--------------------+---------+---------+----------+----------+-----+-----+---------+
        |                               |                    |  Latency (cycles) |  Latency (absolute) |  Interval | Pipeline|
        |            Instance           |       Module       |   min   |   max   |    min   |    max   | min | max |   Type  |
        +-------------------------------+--------------------+---------+---------+----------+----------+-----+-----+---------+
        |grp_sqrt_fixed_32_16_s_fu_772  |sqrt_fixed_32_16_s  |      116|      116|  0.567 us|  0.567 us|    1|    1|      yes|
        |grp_sqrt_fixed_32_16_s_fu_778  |sqrt_fixed_32_16_s  |      116|      116|  0.567 us|  0.567 us|    1|    1|      yes|
        +-------------------------------+--------------------+---------+---------+----------+----------+-----+-----+---------+

        * Loop: 
        +---------------------------------------+---------+---------+----------+-----------+-----------+------+----------+
        |                                       |  Latency (cycles) | Iteration|  Initiation Interval  | Trip |          |
        |               Loop Name               |   min   |   max   |  Latency |  achieved |   target  | Count| Pipelined|
        +---------------------------------------+---------+---------+----------+-----------+-----------+------+----------+
        |- VITIS_LOOP_336_1_VITIS_LOOP_337_2    |     3350|     3350|        27|          4|          1|   832|       yes|
        |- VITIS_LOOP_342_3                     |       85|       85|        23|          1|          1|    64|       yes|
        |- VITIS_LOOP_350_4_VITIS_LOOP_351_5    |    44104|    44104|        62|         53|          1|   832|       yes|
        |- VITIS_LOOP_355_6                     |      121|      121|        59|          1|          1|    64|       yes|
        |- VITIS_LOOP_362_7_VITIS_LOOP_363_8    |    16406|    16406|        27|          4|          1|  4096|       yes|
        |- VITIS_LOOP_368_9                     |       85|       85|        23|          1|          1|    64|       yes|
        |- VITIS_LOOP_376_10_VITIS_LOOP_377_11  |   217096|   217096|        62|         53|          1|  4096|       yes|
        |- VITIS_LOOP_381_12                    |      121|      121|        59|          1|          1|    64|       yes|
        |- VITIS_LOOP_388_13_VITIS_LOOP_389_14  |      792|      792|        29|          4|          1|   192|       yes|
        |- VITIS_LOOP_394_15                    |       25|       25|        22|          2|          1|     3|       yes|
        |- VITIS_LOOP_402_16_VITIS_LOOP_403_17  |      828|      828|        65|          4|          1|   192|       yes|
        |- VITIS_LOOP_407_18                    |       61|       61|        58|          2|          1|     3|       yes|
        +---------------------------------------+---------+---------+----------+-----------+-----------+------+----------+



================================================================
== Utilization Estimates
================================================================
* Summary: 
+-----------------+---------+-----+--------+-------+-----+
|       Name      | BRAM_18K| DSP |   FF   |  LUT  | URAM|
+-----------------+---------+-----+--------+-------+-----+
|DSP              |        -|    -|       -|      -|    -|
|Expression       |        -|    -|       0|    544|    -|
|FIFO             |        -|    -|       -|      -|    -|
|Instance         |        -|    -|   66780|  40127|    -|
|Memory           |        -|    -|       -|      -|    -|
|Multiplexer      |        -|    -|       -|   3648|    -|
|Register         |        -|    -|    5217|    768|    -|
+-----------------+---------+-----+--------+-------+-----+
|Total            |        0|    0|   71997|  45087|    0|
+-----------------+---------+-----+--------+-------+-----+
|Available        |      280|  220|  106400|  53200|    0|
+-----------------+---------+-----+--------+-------+-----+
|Utilization (%)  |        0|    0|      67|     84|    0|
+-----------------+---------+-----+--------+-------+-----+

+ Detail: 
    * Instance: 
    +-------------------------------+------------------------+---------+----+-------+------+-----+
    |            Instance           |         Module         | BRAM_18K| DSP|   FF  |  LUT | URAM|
    +-------------------------------+------------------------+---------+----+-------+------+-----+
    |add_10ns_10ns_10_2_1_U121      |add_10ns_10ns_10_2_1    |        0|   0|     49|    14|    0|
    |add_10ns_10ns_10_2_1_U123      |add_10ns_10ns_10_2_1    |        0|   0|     49|    14|    0|
    |add_10ns_10ns_10_2_1_U134      |add_10ns_10ns_10_2_1    |        0|   0|     49|    14|    0|
    |add_12ns_12ns_12_2_1_U142      |add_12ns_12ns_12_2_1    |        0|   0|     58|    16|    0|
    |add_13ns_13ns_13_2_1_U140      |add_13ns_13ns_13_2_1    |        0|   0|     62|    17|    0|
    |add_13ns_13ns_13_2_1_U153      |add_13ns_13ns_13_2_1    |        0|   0|     62|    17|    0|
    |add_2ns_2ns_2_2_1_U163         |add_2ns_2ns_2_2_1       |        0|   0|     13|     6|    0|
    |add_2ns_2ns_2_2_1_U169         |add_2ns_2ns_2_2_1       |        0|   0|     13|     6|    0|
    |add_2ns_2ns_2_2_1_U179         |add_2ns_2ns_2_2_1       |        0|   0|     13|     6|    0|
    |add_2ns_2ns_2_2_1_U182         |add_2ns_2ns_2_2_1       |        0|   0|     13|     6|    0|
    |add_48ns_48ns_48_2_1_U128      |add_48ns_48ns_48_2_1    |        0|   0|    220|    52|    0|
    |add_48ns_48ns_48_2_1_U133      |add_48ns_48ns_48_2_1    |        0|   0|    220|    52|    0|
    |add_48ns_48ns_48_2_1_U147      |add_48ns_48ns_48_2_1    |        0|   0|    220|    52|    0|
    |add_48ns_48ns_48_2_1_U152      |add_48ns_48ns_48_2_1    |        0|   0|    220|    52|    0|
    |add_48ns_48ns_48_2_1_U168      |add_48ns_48ns_48_2_1    |        0|   0|    220|    52|    0|
    |add_48ns_48ns_48_2_1_U174      |add_48ns_48ns_48_2_1    |        0|   0|    220|    52|    0|
    |add_4ns_4ns_4_2_1_U122         |add_4ns_4ns_4_2_1       |        0|   0|     22|     8|    0|
    |add_4ns_4ns_4_2_1_U135         |add_4ns_4ns_4_2_1       |        0|   0|     22|     8|    0|
    |add_7ns_7ns_7_2_1_U124         |add_7ns_7ns_7_2_1       |        0|   0|     35|    11|    0|
    |add_7ns_7ns_7_2_1_U129         |add_7ns_7ns_7_2_1       |        0|   0|     35|    11|    0|
    |add_7ns_7ns_7_2_1_U137         |add_7ns_7ns_7_2_1       |        0|   0|     35|    11|    0|
    |add_7ns_7ns_7_2_1_U138         |add_7ns_7ns_7_2_1       |        0|   0|     35|    11|    0|
    |add_7ns_7ns_7_2_1_U141         |add_7ns_7ns_7_2_1       |        0|   0|     35|    11|    0|
    |add_7ns_7ns_7_2_1_U143         |add_7ns_7ns_7_2_1       |        0|   0|     35|    11|    0|
    |add_7ns_7ns_7_2_1_U148         |add_7ns_7ns_7_2_1       |        0|   0|     35|    11|    0|
    |add_7ns_7ns_7_2_1_U154         |add_7ns_7ns_7_2_1       |        0|   0|     35|    11|    0|
    |add_7ns_7ns_7_2_1_U156         |add_7ns_7ns_7_2_1       |        0|   0|     35|    11|    0|
    |add_7ns_7ns_7_2_1_U157         |add_7ns_7ns_7_2_1       |        0|   0|     35|    11|    0|
    |add_7ns_7ns_7_2_1_U161         |add_7ns_7ns_7_2_1       |        0|   0|     35|    11|    0|
    |add_7ns_7ns_7_2_1_U177         |add_7ns_7ns_7_2_1       |        0|   0|     35|    11|    0|
    |add_8ns_8ns_8_2_0_U159         |add_8ns_8ns_8_2_0       |        0|   0|     40|    12|    0|
    |add_8ns_8ns_8_2_0_U164         |add_8ns_8ns_8_2_0       |        0|   0|     40|    12|    0|
    |add_8ns_8ns_8_2_0_U175         |add_8ns_8ns_8_2_0       |        0|   0|     40|    12|    0|
    |add_8ns_8ns_8_2_0_U180         |add_8ns_8ns_8_2_0       |        0|   0|     40|    12|    0|
    |mux_32_32_4_1_U170             |mux_32_32_4_1           |        0|   0|     85|    17|    0|
    |sdiv_48ns_25ns_32_52_1_U136    |sdiv_48ns_25ns_32_52_1  |        0|   0|   4987|  3811|    0|
    |sdiv_48ns_25ns_32_52_1_U139    |sdiv_48ns_25ns_32_52_1  |        0|   0|   4987|  3811|    0|
    |sdiv_48ns_25ns_32_52_1_U155    |sdiv_48ns_25ns_32_52_1  |        0|   0|   4987|  3811|    0|
    |sdiv_48ns_25ns_32_52_1_U158    |sdiv_48ns_25ns_32_52_1  |        0|   0|   4987|  3811|    0|
    |sdiv_48ns_25ns_32_52_1_U181    |sdiv_48ns_25ns_32_52_1  |        0|   0|   4987|  3811|    0|
    |sdiv_48ns_25ns_32_52_1_U183    |sdiv_48ns_25ns_32_52_1  |        0|   0|   4987|  3811|    0|
    |grp_sqrt_fixed_32_16_s_fu_772  |sqrt_fixed_32_16_s      |        0|   0|  16484|  8130|    0|
    |grp_sqrt_fixed_32_16_s_fu_778  |sqrt_fixed_32_16_s      |        0|   0|  16484|  8130|    0|
    |sub_48ns_48s_48_2_1_U126       |sub_48ns_48s_48_2_1     |        0|   0|    220|    52|    0|
    |sub_48ns_48s_48_2_1_U131       |sub_48ns_48s_48_2_1     |        0|   0|    220|    52|    0|
    |sub_48ns_48s_48_2_1_U145       |sub_48ns_48s_48_2_1     |        0|   0|    220|    52|    0|
    |sub_48ns_48s_48_2_1_U150       |sub_48ns_48s_48_2_1     |        0|   0|    220|    52|    0|
    |sub_48ns_48s_48_2_1_U166       |sub_48ns_48s_48_2_1     |        0|   0|    220|    52|    0|
    |sub_48ns_48s_48_2_1_U172       |sub_48ns_48s_48_2_1     |        0|   0|    220|    52|    0|
    |sub_8ns_8ns_8_2_0_U160         |sub_8ns_8ns_8_2_0       |        0|   0|     40|    12|    0|
    |sub_8ns_8ns_8_2_0_U162         |sub_8ns_8ns_8_2_0       |        0|   0|     40|    12|    0|
    |sub_8ns_8ns_8_2_0_U176         |sub_8ns_8ns_8_2_0       |        0|   0|     40|    12|    0|
    |sub_8ns_8ns_8_2_0_U178         |sub_8ns_8ns_8_2_0       |        0|   0|     40|    12|    0|
    +-------------------------------+------------------------+---------+----+-------+------+-----+
    |Total                          |                        |        0|   0|  66780| 40127|    0|
    +-------------------------------+------------------------+---------+----+-------+------+-----+

    * DSP: 
    N/A

    * Memory: 
    N/A

    * FIFO: 
    N/A

    * Expression: 
    +---------------------------+----------+----+---+----+------------+------------+
    |       Variable Name       | Operation| DSP| FF| LUT| Bitwidth P0| Bitwidth P1|
    +---------------------------+----------+----+---+----+------------+------------+
    |addr_cmp72_fu_1161_p2      |      icmp|   0|  0|  29|          64|          64|
    |addr_cmp78_fu_1353_p2      |      icmp|   0|  0|  29|          64|          64|
    |addr_cmp84_fu_1601_p2      |      icmp|   0|  0|  29|          64|          64|
    |addr_cmp_fu_917_p2         |      icmp|   0|  0|  29|          64|          64|
    |icmp_ln336_fu_834_p2       |      icmp|   0|  0|  11|          10|           9|
    |icmp_ln337_fu_846_p2       |      icmp|   0|  0|  11|           7|           8|
    |icmp_ln342_fu_1005_p2      |      icmp|   0|  0|  11|           7|           8|
    |icmp_ln350_fu_1112_p2      |      icmp|   0|  0|  11|          10|           9|
    |icmp_ln351_fu_1124_p2      |      icmp|   0|  0|  11|           7|           8|
    |icmp_ln355_fu_1218_p2      |      icmp|   0|  0|  11|           7|           8|
    |icmp_ln362_fu_1266_p2      |      icmp|   0|  0|  12|          13|          14|
    |icmp_ln363_fu_1278_p2      |      icmp|   0|  0|  11|           7|           8|
    |icmp_ln368_fu_1441_p2      |      icmp|   0|  0|  11|           7|           8|
    |icmp_ln376_fu_1548_p2      |      icmp|   0|  0|  12|          13|          14|
    |icmp_ln377_fu_1560_p2      |      icmp|   0|  0|  11|           7|           8|
    |icmp_ln381_fu_1658_p2      |      icmp|   0|  0|  11|           7|           8|
    |icmp_ln388_fu_1718_p2      |      icmp|   0|  0|  11|           8|           8|
    |icmp_ln389_fu_1730_p2      |      icmp|   0|  0|   8|           2|           2|
    |icmp_ln394_fu_1865_p2      |      icmp|   0|  0|   8|           2|           2|
    |icmp_ln402_fu_1985_p2      |      icmp|   0|  0|  11|           8|           8|
    |icmp_ln403_fu_1997_p2      |      icmp|   0|  0|   8|           2|           2|
    |icmp_ln407_fu_2086_p2      |      icmp|   0|  0|   8|           2|           2|
    |lhs_2_fu_931_p3            |    select|   0|  0|  32|           1|          32|
    |lhs_8_fu_1367_p3           |    select|   0|  0|  32|           1|          32|
    |reuse_select73_fu_1175_p3  |    select|   0|  0|  32|           1|          32|
    |reuse_select85_fu_1615_p3  |    select|   0|  0|  32|           1|          32|
    |select_ln331_1_fu_1566_p3  |    select|   0|  0|   7|           1|           1|
    |select_ln331_2_fu_1573_p3  |    select|   0|  0|   7|           1|           7|
    |select_ln331_fu_1130_p3    |    select|   0|  0|   7|           1|           1|
    |select_ln336_1_fu_859_p3   |    select|   0|  0|   4|           1|           4|
    |select_ln336_fu_852_p3     |    select|   0|  0|   7|           1|           1|
    |select_ln350_fu_1137_p3    |    select|   0|  0|   4|           1|           4|
    |select_ln362_1_fu_1291_p3  |    select|   0|  0|   7|           1|           7|
    |select_ln362_fu_1284_p3    |    select|   0|  0|   7|           1|           1|
    |select_ln388_1_fu_1774_p3  |    select|   0|  0|   8|           1|           8|
    |select_ln388_2_fu_1763_p3  |    select|   0|  0|   7|           1|           7|
    |select_ln388_fu_1740_p3    |    select|   0|  0|   2|           1|           1|
    |select_ln402_1_fu_2041_p3  |    select|   0|  0|   8|           1|           8|
    |select_ln402_2_fu_2030_p3  |    select|   0|  0|   7|           1|           7|
    |select_ln402_fu_2007_p3    |    select|   0|  0|   2|           1|           1|
    |ap_enable_pp0              |       xor|   0|  0|   2|           1|           2|
    |ap_enable_pp1              |       xor|   0|  0|   2|           1|           2|
    |ap_enable_pp10             |       xor|   0|  0|   2|           1|           2|
    |ap_enable_pp11             |       xor|   0|  0|   2|           1|           2|
    |ap_enable_pp2              |       xor|   0|  0|   2|           1|           2|
    |ap_enable_pp3              |       xor|   0|  0|   2|           1|           2|
    |ap_enable_pp4              |       xor|   0|  0|   2|           1|           2|
    |ap_enable_pp5              |       xor|   0|  0|   2|           1|           2|
    |ap_enable_pp6              |       xor|   0|  0|   2|           1|           2|
    |ap_enable_pp7              |       xor|   0|  0|   2|           1|           2|
    |ap_enable_pp8              |       xor|   0|  0|   2|           1|           2|
    |ap_enable_pp9              |       xor|   0|  0|   2|           1|           2|
    |ap_enable_reg_pp11_iter1   |       xor|   0|  0|   2|           2|           1|
    |ap_enable_reg_pp9_iter1    |       xor|   0|  0|   2|           2|           1|
    +---------------------------+----------+----+---+----+------------+------------+
    |Total                      |          |   0|  0| 544|         416|         602|
    +---------------------------+----------+----+---+----+------------+------------+

    * Multiplexer: 
    +-------------------------------------------+------+-----------+-----+-----------+
    |                    Name                   |  LUT | Input Size| Bits| Total Bits|
    +-------------------------------------------+------+-----------+-----+-----------+
    |ap_NS_fsm                                  |  2604|        495|    1|        495|
    |ap_enable_reg_pp0_iter6                    |     9|          2|    1|          2|
    |ap_enable_reg_pp10_iter16                  |     9|          2|    1|          2|
    |ap_enable_reg_pp11_iter1                   |     9|          2|    1|          2|
    |ap_enable_reg_pp11_iter28                  |     9|          2|    1|          2|
    |ap_enable_reg_pp1_iter2                    |     9|          2|    1|          2|
    |ap_enable_reg_pp1_iter22                   |     9|          2|    1|          2|
    |ap_enable_reg_pp2_iter1                    |     9|          2|    1|          2|
    |ap_enable_reg_pp3_iter2                    |     9|          2|    1|          2|
    |ap_enable_reg_pp3_iter58                   |     9|          2|    1|          2|
    |ap_enable_reg_pp4_iter6                    |     9|          2|    1|          2|
    |ap_enable_reg_pp5_iter2                    |     9|          2|    1|          2|
    |ap_enable_reg_pp5_iter22                   |     9|          2|    1|          2|
    |ap_enable_reg_pp6_iter1                    |     9|          2|    1|          2|
    |ap_enable_reg_pp7_iter2                    |     9|          2|    1|          2|
    |ap_enable_reg_pp7_iter58                   |     9|          2|    1|          2|
    |ap_enable_reg_pp8_iter7                    |     9|          2|    1|          2|
    |ap_enable_reg_pp9_iter1                    |     9|          2|    1|          2|
    |ap_enable_reg_pp9_iter10                   |     9|          2|    1|          2|
    |ap_phi_mux_bias_norm_V_10_phi_fu_596_p4    |     9|          2|   32|         64|
    |ap_phi_mux_bias_norm_V_9_phi_fu_476_p4     |     9|          2|   32|         64|
    |ap_phi_mux_i_10_phi_fu_740_p4              |     9|          2|    7|         14|
    |ap_phi_mux_i_11_phi_fu_764_p4              |     9|          2|    2|          4|
    |ap_phi_mux_i_1_phi_fu_464_p4               |     9|          2|    7|         14|
    |ap_phi_mux_i_2_phi_fu_500_p4               |     9|          2|    4|          8|
    |ap_phi_mux_i_3_phi_fu_524_p4               |     9|          2|    7|         14|
    |ap_phi_mux_i_4_phi_fu_548_p4               |     9|          2|    7|         14|
    |ap_phi_mux_i_5_phi_fu_584_p4               |     9|          2|    7|         14|
    |ap_phi_mux_i_6_phi_fu_620_p4               |     9|          2|    7|         14|
    |ap_phi_mux_i_7_phi_fu_644_p4               |     9|          2|    7|         14|
    |ap_phi_mux_i_8_phi_fu_668_p4               |     9|          2|    7|         14|
    |ap_phi_mux_i_9_phi_fu_704_p4               |     9|          2|    2|          4|
    |ap_phi_mux_i_phi_fu_428_p4                 |     9|          2|    4|          8|
    |ap_phi_mux_indvar_flatten13_phi_fu_536_p4  |     9|          2|   13|         26|
    |ap_phi_mux_indvar_flatten20_phi_fu_608_p4  |     9|          2|   13|         26|
    |ap_phi_mux_indvar_flatten27_phi_fu_656_p4  |     9|          2|    8|         16|
    |ap_phi_mux_indvar_flatten34_phi_fu_728_p4  |     9|          2|    8|         16|
    |ap_phi_mux_indvar_flatten6_phi_fu_488_p4   |     9|          2|   10|         20|
    |ap_phi_mux_indvar_flatten_phi_fu_416_p4    |     9|          2|   10|         20|
    |ap_phi_mux_j_1_phi_fu_512_p4               |     9|          2|    7|         14|
    |ap_phi_mux_j_2_phi_fu_560_p4               |     9|          2|    7|         14|
    |ap_phi_mux_j_3_phi_fu_632_p4               |     9|          2|    7|         14|
    |ap_phi_mux_j_4_phi_fu_680_p4               |     9|          2|    2|          4|
    |ap_phi_mux_j_5_phi_fu_752_p4               |     9|          2|    2|          4|
    |ap_phi_mux_j_phi_fu_440_p4                 |     9|          2|    7|         14|
    |ap_sig_allocacmp_reuse_reg68_load          |     9|          2|   32|         64|
    |ap_sig_allocacmp_reuse_reg80_load          |     9|          2|   32|         64|
    |bias_norm_V_10_reg_592                     |     9|          2|   32|         64|
    |bias_norm_V_11_reg_712                     |     9|          2|   32|         64|
    |bias_norm_V_9_reg_472                      |     9|          2|   32|         64|
    |biases1_address0                           |    14|          3|    6|         18|
    |biases1_address1                           |    14|          3|    6|         18|
    |biases1_d0                                 |    14|          3|   32|         96|
    |biases2_address0                           |    14|          3|    6|         18|
    |biases2_address1                           |    14|          3|    6|         18|
    |biases2_d0                                 |    14|          3|   32|         96|
    |biases3_address0                           |    20|          4|    2|          8|
    |biases3_d0                                 |    14|          3|   32|         96|
    |grp_sqrt_fixed_32_16_s_fu_772_x            |    20|          4|   32|        128|
    |grp_sqrt_fixed_32_16_s_fu_778_x            |    20|          4|   32|        128|
    |i_10_reg_736                               |     9|          2|    7|         14|
    |i_11_reg_760                               |     9|          2|    2|          4|
    |i_1_reg_460                                |     9|          2|    7|         14|
    |i_2_reg_496                                |     9|          2|    4|          8|
    |i_3_reg_520                                |     9|          2|    7|         14|
    |i_4_reg_544                                |     9|          2|    7|         14|
    |i_5_reg_580                                |     9|          2|    7|         14|
    |i_6_reg_616                                |     9|          2|    7|         14|
    |i_7_reg_640                                |     9|          2|    7|         14|
    |i_8_reg_664                                |     9|          2|    7|         14|
    |i_9_reg_700                                |     9|          2|    2|          4|
    |i_reg_424                                  |     9|          2|    4|          8|
    |indvar_flatten13_reg_532                   |     9|          2|   13|         26|
    |indvar_flatten20_reg_604                   |     9|          2|   13|         26|
    |indvar_flatten27_reg_652                   |     9|          2|    8|         16|
    |indvar_flatten34_reg_724                   |     9|          2|    8|         16|
    |indvar_flatten6_reg_484                    |     9|          2|   10|         20|
    |indvar_flatten_reg_412                     |     9|          2|   10|         20|
    |j_1_reg_508                                |     9|          2|    7|         14|
    |j_2_reg_556                                |     9|          2|    7|         14|
    |j_3_reg_628                                |     9|          2|    7|         14|
    |j_4_reg_676                                |     9|          2|    2|          4|
    |j_5_reg_748                                |     9|          2|    2|          4|
    |j_reg_436                                  |     9|          2|    7|         14|
    |norm_V_10_reg_568                          |     9|          2|   32|         64|
    |norm_V_11_reg_688                          |     9|          2|   32|         64|
    |norm_V_9_reg_448                           |     9|          2|   32|         64|
    |reg_808                                    |     9|          2|   32|         64|
    |reg_813                                    |     9|          2|   32|         64|
    |reuse_addr_reg69_fu_174                    |     9|          2|   64|        128|
    |reuse_addr_reg75_fu_166                    |     9|          2|   64|        128|
    |reuse_addr_reg81_fu_158                    |     9|          2|   64|        128|
    |reuse_addr_reg_fu_182                      |     9|          2|   64|        128|
    |reuse_reg68_fu_178                         |     9|          2|   32|         64|
    |reuse_reg74_fu_170                         |     9|          2|   32|         64|
    |reuse_reg80_fu_162                         |     9|          2|   32|         64|
    |reuse_reg_fu_186                           |     9|          2|   32|         64|
    |weights1_address0                          |    25|          5|   10|         50|
    |weights1_d0                                |    14|          3|   32|         96|
    |weights2_address0                          |    25|          5|   12|         60|
    |weights2_d0                                |    14|          3|   32|         96|
    |weights3_address0                          |    20|          4|    8|         32|
    |weights3_d0                                |    14|          3|   32|         96|
    +-------------------------------------------+------+-----------+-----+-----------+
    |Total                                      |  3648|        723| 1423|       3769|
    +-------------------------------------------+------+-----------+-----+-----------+

    * Register: 
    +----------------------------------------+-----+----+-----+-----------+
    |                  Name                  |  FF | LUT| Bits| Const Bits|
    +----------------------------------------+-----+----+-----+-----------+
    |add_ln336_1_reg_2200                    |    4|   0|    4|          0|
    |add_ln336_reg_2189                      |   10|   0|   10|          0|
    |add_ln337_reg_2238                      |    7|   0|    7|          0|
    |add_ln338_reg_2233                      |   10|   0|   10|          0|
    |add_ln350_1_reg_2413                    |    4|   0|    4|          0|
    |add_ln350_reg_2402                      |   10|   0|   10|          0|
    |add_ln351_reg_2454                      |    7|   0|    7|          0|
    |add_ln362_1_reg_2519                    |    7|   0|    7|          0|
    |add_ln362_reg_2508                      |   13|   0|   13|          0|
    |add_ln363_reg_2561                      |    7|   0|    7|          0|
    |add_ln364_reg_2556                      |   12|   0|   12|          0|
    |add_ln376_1_reg_2736                    |    7|   0|    7|          0|
    |add_ln376_reg_2725                      |   13|   0|   13|          0|
    |add_ln377_reg_2781                      |    7|   0|    7|          0|
    |add_ln388_1_reg_2862                    |    7|   0|    7|          0|
    |add_ln388_reg_2845                      |    8|   0|    8|          0|
    |add_ln389_reg_2904                      |    2|   0|    2|          0|
    |add_ln390_reg_2914                      |    8|   0|    8|          0|
    |add_ln394_reg_2990                      |    2|   0|    2|          0|
    |add_ln402_1_reg_3083                    |    7|   0|    7|          0|
    |add_ln402_reg_3066                      |    8|   0|    8|          0|
    |add_ln403_reg_3125                      |    2|   0|    2|          0|
    |add_ln407_reg_3171                      |    2|   0|    2|          0|
    |addr_cmp72_reg_2439                     |    1|   0|    1|          0|
    |addr_cmp78_reg_2586                     |    1|   0|    1|          0|
    |addr_cmp84_reg_2766                     |    1|   0|    1|          0|
    |addr_cmp_reg_2263                       |    1|   0|    1|          0|
    |ap_CS_fsm                               |  494|   0|  494|          0|
    |ap_enable_reg_pp0_iter0                 |    1|   0|    1|          0|
    |ap_enable_reg_pp0_iter1                 |    1|   0|    1|          0|
    |ap_enable_reg_pp0_iter2                 |    1|   0|    1|          0|
    |ap_enable_reg_pp0_iter3                 |    1|   0|    1|          0|
    |ap_enable_reg_pp0_iter4                 |    1|   0|    1|          0|
    |ap_enable_reg_pp0_iter5                 |    1|   0|    1|          0|
    |ap_enable_reg_pp0_iter6                 |    1|   0|    1|          0|
    |ap_enable_reg_pp10_iter0                |    1|   0|    1|          0|
    |ap_enable_reg_pp10_iter1                |    1|   0|    1|          0|
    |ap_enable_reg_pp10_iter10               |    1|   0|    1|          0|
    |ap_enable_reg_pp10_iter11               |    1|   0|    1|          0|
    |ap_enable_reg_pp10_iter12               |    1|   0|    1|          0|
    |ap_enable_reg_pp10_iter13               |    1|   0|    1|          0|
    |ap_enable_reg_pp10_iter14               |    1|   0|    1|          0|
    |ap_enable_reg_pp10_iter15               |    1|   0|    1|          0|
    |ap_enable_reg_pp10_iter16               |    1|   0|    1|          0|
    |ap_enable_reg_pp10_iter2                |    1|   0|    1|          0|
    |ap_enable_reg_pp10_iter3                |    1|   0|    1|          0|
    |ap_enable_reg_pp10_iter4                |    1|   0|    1|          0|
    |ap_enable_reg_pp10_iter5                |    1|   0|    1|          0|
    |ap_enable_reg_pp10_iter6                |    1|   0|    1|          0|
    |ap_enable_reg_pp10_iter7                |    1|   0|    1|          0|
    |ap_enable_reg_pp10_iter8                |    1|   0|    1|          0|
    |ap_enable_reg_pp10_iter9                |    1|   0|    1|          0|
    |ap_enable_reg_pp11_iter0                |    1|   0|    1|          0|
    |ap_enable_reg_pp11_iter1                |    1|   0|    1|          0|
    |ap_enable_reg_pp11_iter10               |    1|   0|    1|          0|
    |ap_enable_reg_pp11_iter11               |    1|   0|    1|          0|
    |ap_enable_reg_pp11_iter12               |    1|   0|    1|          0|
    |ap_enable_reg_pp11_iter13               |    1|   0|    1|          0|
    |ap_enable_reg_pp11_iter14               |    1|   0|    1|          0|
    |ap_enable_reg_pp11_iter15               |    1|   0|    1|          0|
    |ap_enable_reg_pp11_iter16               |    1|   0|    1|          0|
    |ap_enable_reg_pp11_iter17               |    1|   0|    1|          0|
    |ap_enable_reg_pp11_iter18               |    1|   0|    1|          0|
    |ap_enable_reg_pp11_iter19               |    1|   0|    1|          0|
    |ap_enable_reg_pp11_iter2                |    1|   0|    1|          0|
    |ap_enable_reg_pp11_iter20               |    1|   0|    1|          0|
    |ap_enable_reg_pp11_iter21               |    1|   0|    1|          0|
    |ap_enable_reg_pp11_iter22               |    1|   0|    1|          0|
    |ap_enable_reg_pp11_iter23               |    1|   0|    1|          0|
    |ap_enable_reg_pp11_iter24               |    1|   0|    1|          0|
    |ap_enable_reg_pp11_iter25               |    1|   0|    1|          0|
    |ap_enable_reg_pp11_iter26               |    1|   0|    1|          0|
    |ap_enable_reg_pp11_iter27               |    1|   0|    1|          0|
    |ap_enable_reg_pp11_iter28               |    1|   0|    1|          0|
    |ap_enable_reg_pp11_iter3                |    1|   0|    1|          0|
    |ap_enable_reg_pp11_iter4                |    1|   0|    1|          0|
    |ap_enable_reg_pp11_iter5                |    1|   0|    1|          0|
    |ap_enable_reg_pp11_iter6                |    1|   0|    1|          0|
    |ap_enable_reg_pp11_iter7                |    1|   0|    1|          0|
    |ap_enable_reg_pp11_iter8                |    1|   0|    1|          0|
    |ap_enable_reg_pp11_iter9                |    1|   0|    1|          0|
    |ap_enable_reg_pp1_iter0                 |    1|   0|    1|          0|
    |ap_enable_reg_pp1_iter1                 |    1|   0|    1|          0|
    |ap_enable_reg_pp1_iter10                |    1|   0|    1|          0|
    |ap_enable_reg_pp1_iter11                |    1|   0|    1|          0|
    |ap_enable_reg_pp1_iter12                |    1|   0|    1|          0|
    |ap_enable_reg_pp1_iter13                |    1|   0|    1|          0|
    |ap_enable_reg_pp1_iter14                |    1|   0|    1|          0|
    |ap_enable_reg_pp1_iter15                |    1|   0|    1|          0|
    |ap_enable_reg_pp1_iter16                |    1|   0|    1|          0|
    |ap_enable_reg_pp1_iter17                |    1|   0|    1|          0|
    |ap_enable_reg_pp1_iter18                |    1|   0|    1|          0|
    |ap_enable_reg_pp1_iter19                |    1|   0|    1|          0|
    |ap_enable_reg_pp1_iter2                 |    1|   0|    1|          0|
    |ap_enable_reg_pp1_iter20                |    1|   0|    1|          0|
    |ap_enable_reg_pp1_iter21                |    1|   0|    1|          0|
    |ap_enable_reg_pp1_iter22                |    1|   0|    1|          0|
    |ap_enable_reg_pp1_iter3                 |    1|   0|    1|          0|
    |ap_enable_reg_pp1_iter4                 |    1|   0|    1|          0|
    |ap_enable_reg_pp1_iter5                 |    1|   0|    1|          0|
    |ap_enable_reg_pp1_iter6                 |    1|   0|    1|          0|
    |ap_enable_reg_pp1_iter7                 |    1|   0|    1|          0|
    |ap_enable_reg_pp1_iter8                 |    1|   0|    1|          0|
    |ap_enable_reg_pp1_iter9                 |    1|   0|    1|          0|
    |ap_enable_reg_pp2_iter0                 |    1|   0|    1|          0|
    |ap_enable_reg_pp2_iter1                 |    1|   0|    1|          0|
    |ap_enable_reg_pp3_iter0                 |    1|   0|    1|          0|
    |ap_enable_reg_pp3_iter1                 |    1|   0|    1|          0|
    |ap_enable_reg_pp3_iter10                |    1|   0|    1|          0|
    |ap_enable_reg_pp3_iter11                |    1|   0|    1|          0|
    |ap_enable_reg_pp3_iter12                |    1|   0|    1|          0|
    |ap_enable_reg_pp3_iter13                |    1|   0|    1|          0|
    |ap_enable_reg_pp3_iter14                |    1|   0|    1|          0|
    |ap_enable_reg_pp3_iter15                |    1|   0|    1|          0|
    |ap_enable_reg_pp3_iter16                |    1|   0|    1|          0|
    |ap_enable_reg_pp3_iter17                |    1|   0|    1|          0|
    |ap_enable_reg_pp3_iter18                |    1|   0|    1|          0|
    |ap_enable_reg_pp3_iter19                |    1|   0|    1|          0|
    |ap_enable_reg_pp3_iter2                 |    1|   0|    1|          0|
    |ap_enable_reg_pp3_iter20                |    1|   0|    1|          0|
    |ap_enable_reg_pp3_iter21                |    1|   0|    1|          0|
    |ap_enable_reg_pp3_iter22                |    1|   0|    1|          0|
    |ap_enable_reg_pp3_iter23                |    1|   0|    1|          0|
    |ap_enable_reg_pp3_iter24                |    1|   0|    1|          0|
    |ap_enable_reg_pp3_iter25                |    1|   0|    1|          0|
    |ap_enable_reg_pp3_iter26                |    1|   0|    1|          0|
    |ap_enable_reg_pp3_iter27                |    1|   0|    1|          0|
    |ap_enable_reg_pp3_iter28                |    1|   0|    1|          0|
    |ap_enable_reg_pp3_iter29                |    1|   0|    1|          0|
    |ap_enable_reg_pp3_iter3                 |    1|   0|    1|          0|
    |ap_enable_reg_pp3_iter30                |    1|   0|    1|          0|
    |ap_enable_reg_pp3_iter31                |    1|   0|    1|          0|
    |ap_enable_reg_pp3_iter32                |    1|   0|    1|          0|
    |ap_enable_reg_pp3_iter33                |    1|   0|    1|          0|
    |ap_enable_reg_pp3_iter34                |    1|   0|    1|          0|
    |ap_enable_reg_pp3_iter35                |    1|   0|    1|          0|
    |ap_enable_reg_pp3_iter36                |    1|   0|    1|          0|
    |ap_enable_reg_pp3_iter37                |    1|   0|    1|          0|
    |ap_enable_reg_pp3_iter38                |    1|   0|    1|          0|
    |ap_enable_reg_pp3_iter39                |    1|   0|    1|          0|
    |ap_enable_reg_pp3_iter4                 |    1|   0|    1|          0|
    |ap_enable_reg_pp3_iter40                |    1|   0|    1|          0|
    |ap_enable_reg_pp3_iter41                |    1|   0|    1|          0|
    |ap_enable_reg_pp3_iter42                |    1|   0|    1|          0|
    |ap_enable_reg_pp3_iter43                |    1|   0|    1|          0|
    |ap_enable_reg_pp3_iter44                |    1|   0|    1|          0|
    |ap_enable_reg_pp3_iter45                |    1|   0|    1|          0|
    |ap_enable_reg_pp3_iter46                |    1|   0|    1|          0|
    |ap_enable_reg_pp3_iter47                |    1|   0|    1|          0|
    |ap_enable_reg_pp3_iter48                |    1|   0|    1|          0|
    |ap_enable_reg_pp3_iter49                |    1|   0|    1|          0|
    |ap_enable_reg_pp3_iter5                 |    1|   0|    1|          0|
    |ap_enable_reg_pp3_iter50                |    1|   0|    1|          0|
    |ap_enable_reg_pp3_iter51                |    1|   0|    1|          0|
    |ap_enable_reg_pp3_iter52                |    1|   0|    1|          0|
    |ap_enable_reg_pp3_iter53                |    1|   0|    1|          0|
    |ap_enable_reg_pp3_iter54                |    1|   0|    1|          0|
    |ap_enable_reg_pp3_iter55                |    1|   0|    1|          0|
    |ap_enable_reg_pp3_iter56                |    1|   0|    1|          0|
    |ap_enable_reg_pp3_iter57                |    1|   0|    1|          0|
    |ap_enable_reg_pp3_iter58                |    1|   0|    1|          0|
    |ap_enable_reg_pp3_iter6                 |    1|   0|    1|          0|
    |ap_enable_reg_pp3_iter7                 |    1|   0|    1|          0|
    |ap_enable_reg_pp3_iter8                 |    1|   0|    1|          0|
    |ap_enable_reg_pp3_iter9                 |    1|   0|    1|          0|
    |ap_enable_reg_pp4_iter0                 |    1|   0|    1|          0|
    |ap_enable_reg_pp4_iter1                 |    1|   0|    1|          0|
    |ap_enable_reg_pp4_iter2                 |    1|   0|    1|          0|
    |ap_enable_reg_pp4_iter3                 |    1|   0|    1|          0|
    |ap_enable_reg_pp4_iter4                 |    1|   0|    1|          0|
    |ap_enable_reg_pp4_iter5                 |    1|   0|    1|          0|
    |ap_enable_reg_pp4_iter6                 |    1|   0|    1|          0|
    |ap_enable_reg_pp5_iter0                 |    1|   0|    1|          0|
    |ap_enable_reg_pp5_iter1                 |    1|   0|    1|          0|
    |ap_enable_reg_pp5_iter10                |    1|   0|    1|          0|
    |ap_enable_reg_pp5_iter11                |    1|   0|    1|          0|
    |ap_enable_reg_pp5_iter12                |    1|   0|    1|          0|
    |ap_enable_reg_pp5_iter13                |    1|   0|    1|          0|
    |ap_enable_reg_pp5_iter14                |    1|   0|    1|          0|
    |ap_enable_reg_pp5_iter15                |    1|   0|    1|          0|
    |ap_enable_reg_pp5_iter16                |    1|   0|    1|          0|
    |ap_enable_reg_pp5_iter17                |    1|   0|    1|          0|
    |ap_enable_reg_pp5_iter18                |    1|   0|    1|          0|
    |ap_enable_reg_pp5_iter19                |    1|   0|    1|          0|
    |ap_enable_reg_pp5_iter2                 |    1|   0|    1|          0|
    |ap_enable_reg_pp5_iter20                |    1|   0|    1|          0|
    |ap_enable_reg_pp5_iter21                |    1|   0|    1|          0|
    |ap_enable_reg_pp5_iter22                |    1|   0|    1|          0|
    |ap_enable_reg_pp5_iter3                 |    1|   0|    1|          0|
    |ap_enable_reg_pp5_iter4                 |    1|   0|    1|          0|
    |ap_enable_reg_pp5_iter5                 |    1|   0|    1|          0|
    |ap_enable_reg_pp5_iter6                 |    1|   0|    1|          0|
    |ap_enable_reg_pp5_iter7                 |    1|   0|    1|          0|
    |ap_enable_reg_pp5_iter8                 |    1|   0|    1|          0|
    |ap_enable_reg_pp5_iter9                 |    1|   0|    1|          0|
    |ap_enable_reg_pp6_iter0                 |    1|   0|    1|          0|
    |ap_enable_reg_pp6_iter1                 |    1|   0|    1|          0|
    |ap_enable_reg_pp7_iter0                 |    1|   0|    1|          0|
    |ap_enable_reg_pp7_iter1                 |    1|   0|    1|          0|
    |ap_enable_reg_pp7_iter10                |    1|   0|    1|          0|
    |ap_enable_reg_pp7_iter11                |    1|   0|    1|          0|
    |ap_enable_reg_pp7_iter12                |    1|   0|    1|          0|
    |ap_enable_reg_pp7_iter13                |    1|   0|    1|          0|
    |ap_enable_reg_pp7_iter14                |    1|   0|    1|          0|
    |ap_enable_reg_pp7_iter15                |    1|   0|    1|          0|
    |ap_enable_reg_pp7_iter16                |    1|   0|    1|          0|
    |ap_enable_reg_pp7_iter17                |    1|   0|    1|          0|
    |ap_enable_reg_pp7_iter18                |    1|   0|    1|          0|
    |ap_enable_reg_pp7_iter19                |    1|   0|    1|          0|
    |ap_enable_reg_pp7_iter2                 |    1|   0|    1|          0|
    |ap_enable_reg_pp7_iter20                |    1|   0|    1|          0|
    |ap_enable_reg_pp7_iter21                |    1|   0|    1|          0|
    |ap_enable_reg_pp7_iter22                |    1|   0|    1|          0|
    |ap_enable_reg_pp7_iter23                |    1|   0|    1|          0|
    |ap_enable_reg_pp7_iter24                |    1|   0|    1|          0|
    |ap_enable_reg_pp7_iter25                |    1|   0|    1|          0|
    |ap_enable_reg_pp7_iter26                |    1|   0|    1|          0|
    |ap_enable_reg_pp7_iter27                |    1|   0|    1|          0|
    |ap_enable_reg_pp7_iter28                |    1|   0|    1|          0|
    |ap_enable_reg_pp7_iter29                |    1|   0|    1|          0|
    |ap_enable_reg_pp7_iter3                 |    1|   0|    1|          0|
    |ap_enable_reg_pp7_iter30                |    1|   0|    1|          0|
    |ap_enable_reg_pp7_iter31                |    1|   0|    1|          0|
    |ap_enable_reg_pp7_iter32                |    1|   0|    1|          0|
    |ap_enable_reg_pp7_iter33                |    1|   0|    1|          0|
    |ap_enable_reg_pp7_iter34                |    1|   0|    1|          0|
    |ap_enable_reg_pp7_iter35                |    1|   0|    1|          0|
    |ap_enable_reg_pp7_iter36                |    1|   0|    1|          0|
    |ap_enable_reg_pp7_iter37                |    1|   0|    1|          0|
    |ap_enable_reg_pp7_iter38                |    1|   0|    1|          0|
    |ap_enable_reg_pp7_iter39                |    1|   0|    1|          0|
    |ap_enable_reg_pp7_iter4                 |    1|   0|    1|          0|
    |ap_enable_reg_pp7_iter40                |    1|   0|    1|          0|
    |ap_enable_reg_pp7_iter41                |    1|   0|    1|          0|
    |ap_enable_reg_pp7_iter42                |    1|   0|    1|          0|
    |ap_enable_reg_pp7_iter43                |    1|   0|    1|          0|
    |ap_enable_reg_pp7_iter44                |    1|   0|    1|          0|
    |ap_enable_reg_pp7_iter45                |    1|   0|    1|          0|
    |ap_enable_reg_pp7_iter46                |    1|   0|    1|          0|
    |ap_enable_reg_pp7_iter47                |    1|   0|    1|          0|
    |ap_enable_reg_pp7_iter48                |    1|   0|    1|          0|
    |ap_enable_reg_pp7_iter49                |    1|   0|    1|          0|
    |ap_enable_reg_pp7_iter5                 |    1|   0|    1|          0|
    |ap_enable_reg_pp7_iter50                |    1|   0|    1|          0|
    |ap_enable_reg_pp7_iter51                |    1|   0|    1|          0|
    |ap_enable_reg_pp7_iter52                |    1|   0|    1|          0|
    |ap_enable_reg_pp7_iter53                |    1|   0|    1|          0|
    |ap_enable_reg_pp7_iter54                |    1|   0|    1|          0|
    |ap_enable_reg_pp7_iter55                |    1|   0|    1|          0|
    |ap_enable_reg_pp7_iter56                |    1|   0|    1|          0|
    |ap_enable_reg_pp7_iter57                |    1|   0|    1|          0|
    |ap_enable_reg_pp7_iter58                |    1|   0|    1|          0|
    |ap_enable_reg_pp7_iter6                 |    1|   0|    1|          0|
    |ap_enable_reg_pp7_iter7                 |    1|   0|    1|          0|
    |ap_enable_reg_pp7_iter8                 |    1|   0|    1|          0|
    |ap_enable_reg_pp7_iter9                 |    1|   0|    1|          0|
    |ap_enable_reg_pp8_iter0                 |    1|   0|    1|          0|
    |ap_enable_reg_pp8_iter1                 |    1|   0|    1|          0|
    |ap_enable_reg_pp8_iter2                 |    1|   0|    1|          0|
    |ap_enable_reg_pp8_iter3                 |    1|   0|    1|          0|
    |ap_enable_reg_pp8_iter4                 |    1|   0|    1|          0|
    |ap_enable_reg_pp8_iter5                 |    1|   0|    1|          0|
    |ap_enable_reg_pp8_iter6                 |    1|   0|    1|          0|
    |ap_enable_reg_pp8_iter7                 |    1|   0|    1|          0|
    |ap_enable_reg_pp9_iter0                 |    1|   0|    1|          0|
    |ap_enable_reg_pp9_iter1                 |    1|   0|    1|          0|
    |ap_enable_reg_pp9_iter10                |    1|   0|    1|          0|
    |ap_enable_reg_pp9_iter2                 |    1|   0|    1|          0|
    |ap_enable_reg_pp9_iter3                 |    1|   0|    1|          0|
    |ap_enable_reg_pp9_iter4                 |    1|   0|    1|          0|
    |ap_enable_reg_pp9_iter5                 |    1|   0|    1|          0|
    |ap_enable_reg_pp9_iter6                 |    1|   0|    1|          0|
    |ap_enable_reg_pp9_iter7                 |    1|   0|    1|          0|
    |ap_enable_reg_pp9_iter8                 |    1|   0|    1|          0|
    |ap_enable_reg_pp9_iter9                 |    1|   0|    1|          0|
    |bias_norm_V_10_reg_592                  |   32|   0|   32|          0|
    |bias_norm_V_11_reg_712                  |   32|   0|   32|          0|
    |bias_norm_V_9_reg_472                   |   32|   0|   32|          0|
    |biases1_addr_1_reg_2483                 |    6|   0|    6|          0|
    |biases1_addr_reg_2345                   |    6|   0|    6|          0|
    |biases2_addr_1_reg_2810                 |    6|   0|    6|          0|
    |biases2_addr_reg_2668                   |    6|   0|    6|          0|
    |biases3_addr_1_reg_3165                 |    2|   0|    2|          0|
    |biases3_addr_reg_2985                   |    2|   0|    2|          0|
    |conv_i11_cast_reg_3156                  |   24|   0|   48|         24|
    |conv_i344_cast_reg_2796                 |   24|   0|   48|         24|
    |conv_i35_cast_reg_3047                  |   24|   0|   48|         24|
    |conv_i372_cast_reg_2716                 |   24|   0|   48|         24|
    |conv_i429_cast_reg_2393                 |   24|   0|   48|         24|
    |conv_i641_cast_reg_2469                 |   24|   0|   48|         24|
    |empty_91_reg_2868                       |    6|   0|    6|          0|
    |empty_95_reg_3089                       |    6|   0|    6|          0|
    |i_10_reg_736                            |    7|   0|    7|          0|
    |i_11_reg_760                            |    2|   0|    2|          0|
    |i_1_reg_460                             |    7|   0|    7|          0|
    |i_2_reg_496                             |    4|   0|    4|          0|
    |i_3_reg_520                             |    7|   0|    7|          0|
    |i_4_reg_544                             |    7|   0|    7|          0|
    |i_5_reg_580                             |    7|   0|    7|          0|
    |i_6_reg_616                             |    7|   0|    7|          0|
    |i_7_reg_640                             |    7|   0|    7|          0|
    |i_8_reg_664                             |    7|   0|    7|          0|
    |i_9_reg_700                             |    2|   0|    2|          0|
    |i_reg_424                               |    4|   0|    4|          0|
    |icmp_ln336_reg_2185                     |    1|   0|    1|          0|
    |icmp_ln337_reg_2194                     |    1|   0|    1|          0|
    |icmp_ln342_reg_2316                     |    1|   0|    1|          0|
    |icmp_ln350_reg_2398                     |    1|   0|    1|          0|
    |icmp_ln350_reg_2398_pp2_iter1_reg       |    1|   0|    1|          0|
    |icmp_ln351_reg_2407                     |    1|   0|    1|          0|
    |icmp_ln355_reg_2474                     |    1|   0|    1|          0|
    |icmp_ln362_reg_2504                     |    1|   0|    1|          0|
    |icmp_ln363_reg_2513                     |    1|   0|    1|          0|
    |icmp_ln368_reg_2639                     |    1|   0|    1|          0|
    |icmp_ln376_reg_2721                     |    1|   0|    1|          0|
    |icmp_ln376_reg_2721_pp6_iter1_reg       |    1|   0|    1|          0|
    |icmp_ln377_reg_2730                     |    1|   0|    1|          0|
    |icmp_ln381_reg_2801                     |    1|   0|    1|          0|
    |icmp_ln388_reg_2841                     |    1|   0|    1|          0|
    |icmp_ln389_reg_2855                     |    1|   0|    1|          0|
    |icmp_ln394_reg_2981                     |    1|   0|    1|          0|
    |icmp_ln402_reg_3062                     |    1|   0|    1|          0|
    |icmp_ln403_reg_3076                     |    1|   0|    1|          0|
    |icmp_ln407_reg_3161                     |    1|   0|    1|          0|
    |indvar_flatten13_reg_532                |   13|   0|   13|          0|
    |indvar_flatten20_reg_604                |   13|   0|   13|          0|
    |indvar_flatten27_reg_652                |    8|   0|    8|          0|
    |indvar_flatten34_reg_724                |    8|   0|    8|          0|
    |indvar_flatten6_reg_484                 |   10|   0|   10|          0|
    |indvar_flatten_reg_412                  |   10|   0|   10|          0|
    |j_1_reg_508                             |    7|   0|    7|          0|
    |j_2_reg_556                             |    7|   0|    7|          0|
    |j_3_reg_628                             |    7|   0|    7|          0|
    |j_4_reg_676                             |    2|   0|    2|          0|
    |j_5_reg_748                             |    2|   0|    2|          0|
    |j_reg_436                               |    7|   0|    7|          0|
    |lhs_12_reg_2624                         |   32|   0|   48|         16|
    |lhs_19_reg_2966                         |   32|   0|   48|         16|
    |lhs_2_reg_2273                          |   32|   0|   32|          0|
    |lhs_6_reg_2301                          |   32|   0|   48|         16|
    |lhs_8_reg_2596                          |   32|   0|   32|          0|
    |norm_V_10_reg_568                       |   32|   0|   32|          0|
    |norm_V_11_reg_688                       |   32|   0|   32|          0|
    |norm_V_9_reg_448                        |   32|   0|   32|          0|
    |r_V_10_reg_2611                         |   32|   0|   32|          0|
    |r_V_11_reg_2629                         |   48|   0|   48|          0|
    |r_V_12_reg_2658                         |   32|   0|   32|          0|
    |r_V_13_reg_2674                         |   43|   0|   43|          0|
    |r_V_14_reg_2689                         |   32|   0|   32|          0|
    |r_V_15_reg_2701                         |   48|   0|   48|          0|
    |r_V_16_reg_2929                         |   32|   0|   32|          0|
    |r_V_17_reg_2939                         |   43|   0|   43|          0|
    |r_V_18_reg_2954                         |   32|   0|   32|          0|
    |r_V_19_reg_2971                         |   48|   0|   48|          0|
    |r_V_1_reg_2248                          |   32|   0|   32|          0|
    |r_V_20_reg_2995                         |   32|   0|   32|          0|
    |r_V_21_reg_3005                         |   43|   0|   43|          0|
    |r_V_22_reg_3020                         |   32|   0|   32|          0|
    |r_V_23_reg_3032                         |   48|   0|   48|          0|
    |r_V_2_reg_2366                          |   32|   0|   32|          0|
    |r_V_3_reg_2268                          |   43|   0|   43|          0|
    |r_V_4_reg_2288                          |   32|   0|   32|          0|
    |r_V_5_reg_2306                          |   48|   0|   48|          0|
    |r_V_6_reg_2351                          |   43|   0|   43|          0|
    |r_V_7_reg_2378                          |   48|   0|   48|          0|
    |r_V_8_reg_2571                          |   32|   0|   32|          0|
    |r_V_9_reg_2591                          |   43|   0|   43|          0|
    |r_V_reg_2335                            |   32|   0|   32|          0|
    |reg_788                                 |   32|   0|   32|          0|
    |reg_792                                 |   32|   0|   32|          0|
    |reg_796                                 |   24|   0|   24|          0|
    |reg_800                                 |   32|   0|   32|          0|
    |reg_804                                 |   32|   0|   32|          0|
    |reg_808                                 |   32|   0|   32|          0|
    |reg_813                                 |   32|   0|   32|          0|
    |reuse_addr_reg69_fu_174                 |   64|   0|   64|          0|
    |reuse_addr_reg75_fu_166                 |   64|   0|   64|          0|
    |reuse_addr_reg81_fu_158                 |   64|   0|   64|          0|
    |reuse_addr_reg_fu_182                   |   64|   0|   64|          0|
    |reuse_reg68_fu_178                      |   32|   0|   32|          0|
    |reuse_reg74_fu_170                      |   32|   0|   32|          0|
    |reuse_reg80_fu_162                      |   32|   0|   32|          0|
    |reuse_reg_fu_186                        |   32|   0|   32|          0|
    |reuse_select73_reg_2444                 |   32|   0|   32|          0|
    |reuse_select85_reg_2771                 |   32|   0|   32|          0|
    |sdiv_ln1148_1_reg_2459                  |   32|   0|   32|          0|
    |sdiv_ln1148_2_reg_2821                  |   32|   0|   32|          0|
    |sdiv_ln1148_3_reg_2786                  |   32|   0|   32|          0|
    |sdiv_ln1148_4_reg_3181                  |   32|   0|   32|          0|
    |sdiv_ln1148_5_reg_3146                  |   32|   0|   32|          0|
    |sdiv_ln1148_reg_2494                    |   32|   0|   32|          0|
    |select_ln331_1_reg_2741                 |    7|   0|    7|          0|
    |select_ln331_2_reg_2746                 |    7|   0|    7|          0|
    |select_ln331_reg_2418                   |    7|   0|    7|          0|
    |select_ln336_1_reg_2211                 |    4|   0|    4|          0|
    |select_ln336_reg_2205                   |    7|   0|    7|          0|
    |select_ln350_reg_2423                   |    4|   0|    4|          0|
    |select_ln362_1_reg_2530                 |    7|   0|    7|          0|
    |select_ln362_reg_2524                   |    7|   0|    7|          0|
    |select_ln388_1_reg_2899                 |    8|   0|    8|          0|
    |select_ln388_2_reg_2889                 |    7|   0|    7|          0|
    |select_ln388_reg_2873                   |    2|   0|    2|          0|
    |select_ln402_1_reg_3120                 |    8|   0|    8|          0|
    |select_ln402_2_reg_3110                 |    7|   0|    7|          0|
    |select_ln402_reg_3094                   |    2|   0|    2|          0|
    |sub_ln390_1_reg_2894                    |    8|   0|    8|          0|
    |sub_ln390_reg_2850                      |    8|   0|    8|          0|
    |sub_ln404_1_reg_3115                    |    8|   0|    8|          0|
    |sub_ln404_reg_3071                      |    8|   0|    8|          0|
    |trunc_ln331_reg_2751                    |    6|   0|    6|          0|
    |trunc_ln338_reg_2218                    |    6|   0|    6|          0|
    |trunc_ln352_reg_2429                    |    6|   0|    6|          0|
    |trunc_ln362_reg_2535                    |    6|   0|    6|          0|
    |trunc_ln364_reg_2541                    |    6|   0|    6|          0|
    |trunc_ln378_reg_2756                    |    6|   0|    6|          0|
    |trunc_ln727_2_reg_2653                  |    6|   0|    6|          0|
    |trunc_ln727_reg_2330                    |    6|   0|    6|          0|
    |weights1_addr_1_reg_2434                |   10|   0|   10|          0|
    |weights1_addr_1_reg_2434_pp2_iter1_reg  |   10|   0|   10|          0|
    |weights1_addr_reg_2258                  |   10|   0|   10|          0|
    |weights1_addr_reg_2258_pp0_iter3_reg    |   10|   0|   10|          0|
    |weights2_addr_1_reg_2761                |   12|   0|   12|          0|
    |weights2_addr_1_reg_2761_pp6_iter1_reg  |   12|   0|   12|          0|
    |weights2_addr_reg_2581                  |   12|   0|   12|          0|
    |weights2_addr_reg_2581_pp4_iter3_reg    |   12|   0|   12|          0|
    |weights3_addr_1_reg_3135                |    8|   0|    8|          0|
    |weights3_addr_reg_2924                  |    8|   0|    8|          0|
    |biases1_addr_1_reg_2483                 |   64|  32|    6|          0|
    |biases1_addr_reg_2345                   |   64|  32|    6|          0|
    |biases2_addr_1_reg_2810                 |   64|  32|    6|          0|
    |biases2_addr_reg_2668                   |   64|  32|    6|          0|
    |biases3_addr_1_reg_3165                 |   64|  32|    2|          0|
    |biases3_addr_reg_2985                   |   64|  32|    2|          0|
    |icmp_ln336_reg_2185                     |   64|  32|    1|          0|
    |icmp_ln342_reg_2316                     |   64|  32|    1|          0|
    |icmp_ln355_reg_2474                     |   64|  32|    1|          0|
    |icmp_ln362_reg_2504                     |   64|  32|    1|          0|
    |icmp_ln368_reg_2639                     |   64|  32|    1|          0|
    |icmp_ln381_reg_2801                     |   64|  32|    1|          0|
    |icmp_ln388_reg_2841                     |   64|  32|    1|          0|
    |icmp_ln394_reg_2981                     |   64|  32|    1|          0|
    |icmp_ln402_reg_3062                     |   64|  32|    1|          0|
    |icmp_ln407_reg_3161                     |   64|  32|    1|          0|
    |select_ln336_1_reg_2211                 |   64|  32|    4|          0|
    |trunc_ln338_reg_2218                    |   64|  32|    6|          0|
    |trunc_ln362_reg_2535                    |   64|  32|    6|          0|
    |trunc_ln364_reg_2541                    |   64|  32|    6|          0|
    |trunc_ln727_2_reg_2653                  |   64|  32|    6|          0|
    |trunc_ln727_reg_2330                    |   64|  32|    6|          0|
    |weights3_addr_1_reg_3135                |   64|  32|    8|          0|
    |weights3_addr_reg_2924                  |   64|  32|    8|          0|
    +----------------------------------------+-----+----+-----+-----------+
    |Total                                   | 5217| 768| 3961|        192|
    +----------------------------------------+-----+----+-----+-----------+



================================================================
== Interface
================================================================
* Summary: 
+----------------------+-----+-----+------------+----------------+--------------+
|       RTL Ports      | Dir | Bits|  Protocol  |  Source Object |    C Type    |
+----------------------+-----+-----+------------+----------------+--------------+
|ap_clk                |   in|    1|  ap_ctrl_hs|  update_weights|  return value|
|ap_rst                |   in|    1|  ap_ctrl_hs|  update_weights|  return value|
|ap_start              |   in|    1|  ap_ctrl_hs|  update_weights|  return value|
|ap_done               |  out|    1|  ap_ctrl_hs|  update_weights|  return value|
|ap_idle               |  out|    1|  ap_ctrl_hs|  update_weights|  return value|
|ap_ready              |  out|    1|  ap_ctrl_hs|  update_weights|  return value|
|grp_fu_31749_p_din0   |  out|   32|  ap_ctrl_hs|  update_weights|  return value|
|grp_fu_31749_p_din1   |  out|   11|  ap_ctrl_hs|  update_weights|  return value|
|grp_fu_31749_p_dout0  |   in|   43|  ap_ctrl_hs|  update_weights|  return value|
|grp_fu_31749_p_ce     |  out|    1|  ap_ctrl_hs|  update_weights|  return value|
|grp_fu_6703_p_din0    |  out|   32|  ap_ctrl_hs|  update_weights|  return value|
|grp_fu_6703_p_din1    |  out|   32|  ap_ctrl_hs|  update_weights|  return value|
|grp_fu_6703_p_dout0   |   in|   48|  ap_ctrl_hs|  update_weights|  return value|
|grp_fu_6703_p_ce      |  out|    1|  ap_ctrl_hs|  update_weights|  return value|
|grp_fu_31753_p_din0   |  out|   32|  ap_ctrl_hs|  update_weights|  return value|
|grp_fu_31753_p_din1   |  out|   11|  ap_ctrl_hs|  update_weights|  return value|
|grp_fu_31753_p_dout0  |   in|   43|  ap_ctrl_hs|  update_weights|  return value|
|grp_fu_31753_p_ce     |  out|    1|  ap_ctrl_hs|  update_weights|  return value|
|grp_fu_6722_p_din0    |  out|   32|  ap_ctrl_hs|  update_weights|  return value|
|grp_fu_6722_p_din1    |  out|   32|  ap_ctrl_hs|  update_weights|  return value|
|grp_fu_6722_p_dout0   |   in|   48|  ap_ctrl_hs|  update_weights|  return value|
|grp_fu_6722_p_ce      |  out|    1|  ap_ctrl_hs|  update_weights|  return value|
|grp_fu_31757_p_din0   |  out|   32|  ap_ctrl_hs|  update_weights|  return value|
|grp_fu_31757_p_din1   |  out|   11|  ap_ctrl_hs|  update_weights|  return value|
|grp_fu_31757_p_dout0  |   in|   43|  ap_ctrl_hs|  update_weights|  return value|
|grp_fu_31757_p_ce     |  out|    1|  ap_ctrl_hs|  update_weights|  return value|
|grp_fu_6731_p_din0    |  out|   32|  ap_ctrl_hs|  update_weights|  return value|
|grp_fu_6731_p_din1    |  out|   32|  ap_ctrl_hs|  update_weights|  return value|
|grp_fu_6731_p_dout0   |   in|   48|  ap_ctrl_hs|  update_weights|  return value|
|grp_fu_6731_p_ce      |  out|    1|  ap_ctrl_hs|  update_weights|  return value|
|grp_fu_31761_p_din0   |  out|   32|  ap_ctrl_hs|  update_weights|  return value|
|grp_fu_31761_p_din1   |  out|   11|  ap_ctrl_hs|  update_weights|  return value|
|grp_fu_31761_p_dout0  |   in|   43|  ap_ctrl_hs|  update_weights|  return value|
|grp_fu_31761_p_ce     |  out|    1|  ap_ctrl_hs|  update_weights|  return value|
|grp_fu_6740_p_din0    |  out|   32|  ap_ctrl_hs|  update_weights|  return value|
|grp_fu_6740_p_din1    |  out|   32|  ap_ctrl_hs|  update_weights|  return value|
|grp_fu_6740_p_dout0   |   in|   48|  ap_ctrl_hs|  update_weights|  return value|
|grp_fu_6740_p_ce      |  out|    1|  ap_ctrl_hs|  update_weights|  return value|
|grp_fu_31765_p_din0   |  out|   32|  ap_ctrl_hs|  update_weights|  return value|
|grp_fu_31765_p_din1   |  out|   11|  ap_ctrl_hs|  update_weights|  return value|
|grp_fu_31765_p_dout0  |   in|   43|  ap_ctrl_hs|  update_weights|  return value|
|grp_fu_31765_p_ce     |  out|    1|  ap_ctrl_hs|  update_weights|  return value|
|grp_fu_6749_p_din0    |  out|   32|  ap_ctrl_hs|  update_weights|  return value|
|grp_fu_6749_p_din1    |  out|   32|  ap_ctrl_hs|  update_weights|  return value|
|grp_fu_6749_p_dout0   |   in|   48|  ap_ctrl_hs|  update_weights|  return value|
|grp_fu_6749_p_ce      |  out|    1|  ap_ctrl_hs|  update_weights|  return value|
|grp_fu_31769_p_din0   |  out|   32|  ap_ctrl_hs|  update_weights|  return value|
|grp_fu_31769_p_din1   |  out|   11|  ap_ctrl_hs|  update_weights|  return value|
|grp_fu_31769_p_dout0  |   in|   43|  ap_ctrl_hs|  update_weights|  return value|
|grp_fu_31769_p_ce     |  out|    1|  ap_ctrl_hs|  update_weights|  return value|
|grp_fu_6758_p_din0    |  out|   32|  ap_ctrl_hs|  update_weights|  return value|
|grp_fu_6758_p_din1    |  out|   32|  ap_ctrl_hs|  update_weights|  return value|
|grp_fu_6758_p_dout0   |   in|   48|  ap_ctrl_hs|  update_weights|  return value|
|grp_fu_6758_p_ce      |  out|    1|  ap_ctrl_hs|  update_weights|  return value|
|weights1_address0     |  out|   10|   ap_memory|        weights1|         array|
|weights1_ce0          |  out|    1|   ap_memory|        weights1|         array|
|weights1_we0          |  out|    1|   ap_memory|        weights1|         array|
|weights1_d0           |  out|   32|   ap_memory|        weights1|         array|
|weights1_q0           |   in|   32|   ap_memory|        weights1|         array|
|weights2_address0     |  out|   12|   ap_memory|        weights2|         array|
|weights2_ce0          |  out|    1|   ap_memory|        weights2|         array|
|weights2_we0          |  out|    1|   ap_memory|        weights2|         array|
|weights2_d0           |  out|   32|   ap_memory|        weights2|         array|
|weights2_q0           |   in|   32|   ap_memory|        weights2|         array|
|weights3_address0     |  out|    8|   ap_memory|        weights3|         array|
|weights3_ce0          |  out|    1|   ap_memory|        weights3|         array|
|weights3_we0          |  out|    1|   ap_memory|        weights3|         array|
|weights3_d0           |  out|   32|   ap_memory|        weights3|         array|
|weights3_q0           |   in|   32|   ap_memory|        weights3|         array|
|weights3_address1     |  out|    8|   ap_memory|        weights3|         array|
|weights3_ce1          |  out|    1|   ap_memory|        weights3|         array|
|weights3_q1           |   in|   32|   ap_memory|        weights3|         array|
|biases1_address0      |  out|    6|   ap_memory|         biases1|         array|
|biases1_ce0           |  out|    1|   ap_memory|         biases1|         array|
|biases1_we0           |  out|    1|   ap_memory|         biases1|         array|
|biases1_d0            |  out|   32|   ap_memory|         biases1|         array|
|biases1_address1      |  out|    6|   ap_memory|         biases1|         array|
|biases1_ce1           |  out|    1|   ap_memory|         biases1|         array|
|biases1_q1            |   in|   32|   ap_memory|         biases1|         array|
|biases2_address0      |  out|    6|   ap_memory|         biases2|         array|
|biases2_ce0           |  out|    1|   ap_memory|         biases2|         array|
|biases2_we0           |  out|    1|   ap_memory|         biases2|         array|
|biases2_d0            |  out|   32|   ap_memory|         biases2|         array|
|biases2_address1      |  out|    6|   ap_memory|         biases2|         array|
|biases2_ce1           |  out|    1|   ap_memory|         biases2|         array|
|biases2_q1            |   in|   32|   ap_memory|         biases2|         array|
|biases3_address0      |  out|    2|   ap_memory|         biases3|         array|
|biases3_ce0           |  out|    1|   ap_memory|         biases3|         array|
|biases3_we0           |  out|    1|   ap_memory|         biases3|         array|
|biases3_d0            |  out|   32|   ap_memory|         biases3|         array|
|biases3_q0            |   in|   32|   ap_memory|         biases3|         array|
|biases3_address1      |  out|    2|   ap_memory|         biases3|         array|
|biases3_ce1           |  out|    1|   ap_memory|         biases3|         array|
|biases3_q1            |   in|   32|   ap_memory|         biases3|         array|
|d_weights1_address0   |  out|   10|   ap_memory|      d_weights1|         array|
|d_weights1_ce0        |  out|    1|   ap_memory|      d_weights1|         array|
|d_weights1_q0         |   in|   32|   ap_memory|      d_weights1|         array|
|d_weights2_address0   |  out|   12|   ap_memory|      d_weights2|         array|
|d_weights2_ce0        |  out|    1|   ap_memory|      d_weights2|         array|
|d_weights2_q0         |   in|   32|   ap_memory|      d_weights2|         array|
|d_weights3_address0   |  out|    8|   ap_memory|      d_weights3|         array|
|d_weights3_ce0        |  out|    1|   ap_memory|      d_weights3|         array|
|d_weights3_q0         |   in|   32|   ap_memory|      d_weights3|         array|
|d_biases1_address0    |  out|    6|   ap_memory|       d_biases1|         array|
|d_biases1_ce0         |  out|    1|   ap_memory|       d_biases1|         array|
|d_biases1_q0          |   in|   32|   ap_memory|       d_biases1|         array|
|d_biases2_address0    |  out|    6|   ap_memory|       d_biases2|         array|
|d_biases2_ce0         |  out|    1|   ap_memory|       d_biases2|         array|
|d_biases2_q0          |   in|   32|   ap_memory|       d_biases2|         array|
|p_read                |   in|   32|     ap_none|          p_read|        scalar|
|p_read1               |   in|   32|     ap_none|         p_read1|        scalar|
|p_read2               |   in|   32|     ap_none|         p_read2|        scalar|
+----------------------+-----+-----+------------+----------------+--------------+

